[09/05/2025 08:37:57.788 PM] Online   || User: Tom Cat#8337        || Guilds: 2                                    
[09/05/2025 08:37:59.286 PM] Health   || Component: image_tab      || Status: ok                                    || channel_id=551084964318543904 tab=TCBPicsInput
[09/05/2025 08:37:59.734 PM] Health   || Component: image_tab      || Status: ok                                    || channel_id=639882573199441930 tab=TCBPicsInput
[09/05/2025 08:38:00.221 PM] Health   || Component: image_tab      || Status: ok                                    || channel_id=1341696618688286720 tab=TCBPicsInput
[09/05/2025 08:38:00.672 PM] Health   || Component: image_tab      || Status: ok                                    || channel_id=1344745306620694558 tab=TCBVetBillInput
[09/05/2025 08:38:00.928 PM] Health   || Component: feeding_tab    || Status: ok                                   
[09/05/2025 08:38:02.705 PM] Message  || User: adeyumii            || Channel: #itty-bitty-kitty-commitee           || Content: Avocado is slow blinking at my plate of food 😭
[09/05/2025 08:42:34.546 PM] Message  || User: nostalgicsapphic    || Channel: #purrley-pawsitive-pussy-pals        || Content: literally barely finished what i wanted to finish today. grrrr. could’ve done so much more if i wasn’t actively melting
[09/05/2025 08:49:42.254 PM] React+   || User: slayc127            || Channel: #purrley-pawsitive-pussy-pals        || emoji=😭; msg="bruh. youtuber i follow who i didn’t eve..." by nostalgicsapphic
[09/05/2025 08:49:48.294 PM] React+   || User: slayc127            || Channel: #purrley-pawsitive-pussy-pals        || emoji=😭; msg="literally barely finished what i wanted ..." by nostalgicsapphic
[09/05/2025 08:52:50.023 PM] React+   || User: adeyumii            || Channel: #itty-bitty-kitty-commitee           || emoji=<:mrowkayla:1412527878033379439>; msg=1413649413338828880
[09/05/2025 08:52:53.475 PM] React+   || User: adeyumii            || Channel: #itty-bitty-kitty-commitee           || emoji=<:gaga:1413361490634870969>; msg=1413649389351866368
[09/05/2025 08:54:05.672 PM] Message  || User: _costco_wholesale_  || Channel: #memes                               || Content: vandy 🥲
[09/05/2025 08:55:06.616 PM] Message  || User: a1darek             || Channel: #purrley-pawsitive-pussy-pals        || Content: woah mckayla pfp change
[09/05/2025 08:58:27.330 PM] Message  || User: nostalgicsapphic    || Channel: #purrley-pawsitive-pussy-pals        || Content: yes :3 i’ve been thinking about it since i saw the new ww cover fjdhdh
[09/05/2025 08:58:34.951 PM] Message  || User: a1darek             || Channel: #purrley-pawsitive-pussy-pals        || Content: real
[09/05/2025 08:58:49.662 PM] Message  || User: a1darek             || Channel: #purrley-pawsitive-pussy-pals        || Content: I still have not found an image worthy of a pfp change
[09/05/2025 08:58:56.392 PM] React+   || User: nostalgicsapphic    || Channel: #purrley-pawsitive-pussy-pals        || emoji=😆; msg="I still have not found an image worthy o..." by a1darek
[09/05/2025 08:59:08.111 PM] Message  || User: m_digio             || Channel: #feeding-team                        || Content: Hello?
[09/05/2025 08:59:14.956 PM] Message  || User: nostalgicsapphic    || Channel: #purrley-pawsitive-pussy-pals        || Content: i think ur current one is so good nothing could top it !
[09/05/2025 08:59:22.233 PM] React+   || User: _costco_wholesale_  || Channel: #feeding-team                        || emoji=💀; msg="@Megan [Feeding Head & PR]
**Feeding sta..." by Tom Cat
[09/05/2025 08:59:25.005 PM] Message  || User: adeyumii            || Channel: #feeding-team                        || Content: l50
[09/05/2025 08:59:25.012 PM] Action   || Name: feed_pending_set    || Trigger: ch=643586809166561310; user=474329968936091648 || Output: Lot 50
[09/05/2025 09:00:03.828 PM] Message  || User: a1darek             || Channel: #purrley-pawsitive-pussy-pals        || Content: True
[09/05/2025 09:00:18.686 PM] Message  || User: a1darek             || Channel: #purrley-pawsitive-pussy-pals        || Content: https://tenor.com/view/morgan-freeman-true-morgan-freeman-true-nodding-gif-13973817878387504960
[09/05/2025 09:00:24.674 PM] React+   || User: nostalgicsapphic    || Channel: #purrley-pawsitive-pussy-pals        || emoji=👎; msg="https://tenor.com/view/morgan-freeman-tr..." by a1darek
[09/05/2025 09:00:25.957 PM] React+   || User: slayc127            || Channel: #purrley-pawsitive-pussy-pals        || emoji=😆; msg="I still have not found an image worthy o..." by a1darek
[09/05/2025 09:00:29.605 PM] React+   || User: slayc127            || Channel: #purrley-pawsitive-pussy-pals        || emoji=👎; msg="https://tenor.com/view/morgan-freeman-tr..." by a1darek
[09/05/2025 11:56:39.908 PM] Online   || User: Tom Cat#8337        || Guilds: 2                                    
[09/05/2025 11:56:41.506 PM] Health   || Component: image_tab      || Status: ok                                    || channel_id=551084964318543904 tab=TCBPicsInput
[09/05/2025 11:56:41.962 PM] Health   || Component: image_tab      || Status: ok                                    || channel_id=639882573199441930 tab=TCBPicsInput
[09/05/2025 11:56:42.426 PM] Health   || Component: image_tab      || Status: ok                                    || channel_id=1341696618688286720 tab=TCBPicsInput
[09/05/2025 11:56:42.914 PM] Health   || Component: image_tab      || Status: ok                                    || channel_id=1344745306620694558 tab=TCBVetBillInput
[09/05/2025 11:56:43.186 PM] Health   || Component: feeding_tab    || Status: ok                                   
