[09/24/2025 12:00:07.732 AM] Message  || User: yaeji               || Channel: #itty-bitty-kitty-commitee           || Content: kia souls are so bootyhole
[09/24/2025 12:00:15.508 AM] Message  || User: izzyballz           || Channel: #itty-bitty-kitty-commitee           || Content: i googled black cherry
[09/24/2025 12:00:23.581 AM] Message  || User: izzyballz           || Channel: #itty-bitty-kitty-commitee           || Content: my friend drives a kia soul
[09/24/2025 12:00:30.176 AM] Message  || User: izzyballz           || Channel: #itty-bitty-kitty-commitee           || Content: luke aaron actually…
[09/24/2025 12:00:41.164 AM] Message  || User: izzyballz           || Channel: #itty-bitty-kitty-commitee           || Content: he named it periwinkle
[09/24/2025 12:00:46.065 AM] Message  || User: fawnest_            || Channel: #itty-bitty-kitty-commitee           || Content: my English teacher in hs drove a Kia soul
[09/24/2025 12:00:48.001 AM] Message  || User: racerdg             || Channel: #itty-bitty-kitty-commitee           || Content: i know nothing about cars thats my dads job
[09/24/2025 12:00:50.454 AM] Message  || User: fawnest_            || Channel: #itty-bitty-kitty-commitee           || Content: it made more sense
[09/24/2025 12:00:52.207 AM] React+   || User: izzyballz           || Channel: #itty-bitty-kitty-commitee           || emoji=‼️; msg="i know nothing about cars thats my dads ..." by racerdg
[09/24/2025 12:00:53.738 AM] Message  || User: yaeji               || Channel: #itty-bitty-kitty-commitee           || Content: no reason for kia soul when honda fit exists
[09/24/2025 12:00:55.101 AM] React+   || User: fawnest_            || Channel: #itty-bitty-kitty-commitee           || emoji=‼️; msg="i know nothing about cars thats my dads ..." by racerdg
[09/24/2025 12:00:57.993 AM] Message  || User: izzyballz           || Channel: #itty-bitty-kitty-commitee           || Content: agree
[09/24/2025 12:01:25.026 AM] Message  || User: baseketballin       || Channel: #itty-bitty-kitty-commitee           || Content: BRO
[09/24/2025 12:01:27.334 AM] Message  || User: izzyballz           || Channel: #itty-bitty-kitty-commitee           || Content: my cars name is cheyenne it came to me earlier today i’ve been holdi...
[09/24/2025 12:01:28.425 AM] Message  || User: baseketballin       || Channel: #itty-bitty-kitty-commitee           || Content: WHAT THE FUCK
[09/24/2025 12:01:36.022 AM] Message  || User: baseketballin       || Channel: #itty-bitty-kitty-commitee           || Content: new luke aaron lore
[09/24/2025 12:01:40.346 AM] Message  || User: yaeji               || Channel: #itty-bitty-kitty-commitee           || Content: my old car was an acura integra
[09/24/2025 12:01:42.823 AM] Message  || User: yaeji               || Channel: #itty-bitty-kitty-commitee           || Content: i named kagura
[09/24/2025 12:01:52.618 AM] Message  || User: yaeji               || Channel: #itty-bitty-kitty-commitee           || Content: black pearl paint w/ red interior
[09/24/2025 12:01:53.931 AM] Message  || User: baseketballin       || Channel: #itty-bitty-kitty-commitee           || Content: ik this guy from middle school
[09/24/2025 12:01:55.093 AM] Message  || User: yaeji               || Channel: #itty-bitty-kitty-commitee           || Content: i miss her
[09/24/2025 12:02:01.935 AM] Message  || User: baseketballin       || Channel: #itty-bitty-kitty-commitee           || Content: he actually went to vines
[09/24/2025 12:02:05.357 AM] Message  || User: racerdg             || Channel: #itty-bitty-kitty-commitee           || Content: <:aliencat:1417698216996241511>
[09/24/2025 12:02:13.780 AM] Message  || User: baseketballin       || Channel: #itty-bitty-kitty-commitee           || Content: i remember his whole personality being "i hate kia souls" 😭
[09/24/2025 12:02:18.818 AM] Message  || User: baseketballin       || Channel: #itty-bitty-kitty-commitee           || Content: fair enough 😭
[09/24/2025 12:02:46.271 AM] Message  || User: yaeji               || Channel: #itty-bitty-kitty-commitee           || Content: my piano instructor drove one
[09/24/2025 12:02:53.358 AM] Message  || User: littletechyyy       || Channel: #itty-bitty-kitty-commitee           || Content: great school <:balloonboi:933099871257382983>
[09/24/2025 12:02:55.093 AM] Message  || User: yaeji               || Channel: #itty-bitty-kitty-commitee           || Content: i always wondered how she fit in that thing
[09/24/2025 12:03:31.701 AM] Message  || User: izzyballz           || Channel: #itty-bitty-kitty-commitee           || Content: i have a white 2019 honda fit ex-l it has a sunroof it’s so great
[09/24/2025 12:03:37.140 AM] Message  || User: izzyballz           || Channel: #itty-bitty-kitty-commitee           || Content: i wanted the ex-l so bad
[09/24/2025 12:03:59.529 AM] Message  || User: izzyballz           || Channel: #itty-bitty-kitty-commitee           || Content: carplay and a sunroof that’s genuinely i all needed
[09/24/2025 12:03:59.601 AM] Message  || User: yaeji               || Channel: #itty-bitty-kitty-commitee           || Content: what color
[09/24/2025 12:04:49.280 AM] Message  || User: baseketballin       || Channel: #itty-bitty-kitty-commitee           || Content: YES
[09/24/2025 12:04:50.824 AM] Message  || User: baseketballin       || Channel: #itty-bitty-kitty-commitee           || Content: FR
[09/24/2025 12:05:07.948 AM] Message  || User: baseketballin       || Channel: #itty-bitty-kitty-commitee           || Content: if i cant blast music when driving ion want it
