[09/02/2025 07:58:43.404 PM] Online   || User: Tom Cat#8337        || Guilds: 2                                    
[09/02/2025 07:58:45.768 PM] Health   || Component: image_tab      || Status: ok                                    || channel_id=551084964318543904 tab=TCBPicsInput
[09/02/2025 07:58:46.262 PM] Health   || Component: image_tab      || Status: ok                                    || channel_id=639882573199441930 tab=TCBPicsInput
[09/02/2025 07:58:46.768 PM] Health   || Component: image_tab      || Status: ok                                    || channel_id=1341696618688286720 tab=TCBPicsInput
[09/02/2025 07:58:47.262 PM] Health   || Component: image_tab      || Status: ok                                    || channel_id=1344745306620694558 tab=TCBVetBillInput
[09/02/2025 07:58:47.526 PM] Health   || Component: feeding_tab    || Status: ok                                   
[09/02/2025 07:58:54.191 PM] Message  || User: coziidruid          || Channel: #purrley-pawsitive-pussy-pals        || Content: our go to curry place was closed for renovations </3 were trying another place but its in a mall food court so idk what to expect wbshahsha
[09/02/2025 07:59:06.977 PM] React+   || User: moineau_l.oiseau    || Channel: #introductions                       || emoji=🔥; msg=1412600595138871328
[09/02/2025 07:59:15.385 PM] React+   || User: nostalgicsapphic    || Channel: #purrley-pawsitive-pussy-pals        || emoji=😭; msg="our go to curry place was closed for ren..." by coziidruid
[09/02/2025 07:59:45.017 PM] React+   || User: austinbaustinb      || Channel: #itty-bitty-kitty-commitee           || emoji=<:allears:1253838944471224350>; msg="react to this message with ur fav emotes" by slayc127
[09/02/2025 08:00:01.227 PM] Action   || Name: feeding_8pm         || Trigger: unfed=1                              || Output: sent
[09/02/2025 08:00:04.815 PM] React+   || User: moineau_l.oiseau    || Channel: #introductions                       || emoji=<:happycat:834819172546510868>; msg=1412600595138871328
[09/02/2025 08:00:07.310 PM] React+   || User: moineau_l.oiseau    || Channel: #introductions                       || emoji=<:ree:813284570161086465>; msg=1412600595138871328
[09/02/2025 08:00:16.784 PM] React+   || User: moineau_l.oiseau    || Channel: #introductions                       || emoji=✨; msg=1412600595138871328
[09/02/2025 08:00:18.796 PM] Message  || User: moineau_l.oiseau    || Channel: #introductions                       || Content: Omg babyyyyyyyy!!!!!! He’s so businessy 😭😭😭
[09/02/2025 08:00:51.241 PM] React+   || User: moineau_l.oiseau    || Channel: #itty-bitty-kitty-commitee           || emoji=<:cute:933104767348134018>; msg="react to this message with ur fav emotes" by slayc127
[09/02/2025 08:01:22.178 PM] React+   || User: moineau_l.oiseau    || Channel: #itty-bitty-kitty-commitee           || emoji=<:powaahhhhhhh:1284949152685490216>; msg="react to this message with ur fav emotes" by slayc127
[09/02/2025 08:01:26.751 PM] React+   || User: moineau_l.oiseau    || Channel: #itty-bitty-kitty-commitee           || emoji=<:sad_cat:828777514335600641>; msg="react to this message with ur fav emotes" by slayc127
[09/02/2025 08:01:28.255 PM] React+   || User: moineau_l.oiseau    || Channel: #itty-bitty-kitty-commitee           || emoji=<:sad_thumbs_up:813282922189553694>; msg="react to this message with ur fav emotes" by slayc127
[09/02/2025 08:01:30.347 PM] React+   || User: moineau_l.oiseau    || Channel: #itty-bitty-kitty-commitee           || emoji=<:sobbing:828777375876907038>; msg="react to this message with ur fav emotes" by slayc127
[09/02/2025 08:02:09.147 PM] React+   || User: celeryiscelery      || Channel: #purrley-pawsitive-pussy-pals        || emoji=😭; msg="our go to curry place was closed for ren..." by coziidruid
[09/02/2025 08:02:10.754 PM] React+   || User: moineau_l.oiseau    || Channel: #itty-bitty-kitty-commitee           || emoji=<:gitir2:1146680302878605332>; msg="react to this message with ur fav emotes" by slayc127
[09/02/2025 08:02:19.134 PM] Message  || User: celeryiscelery      || Channel: #purrley-pawsitive-pussy-pals        || Content: what’s your go to? i usually go to texas thai
[09/02/2025 08:02:24.947 PM] React+   || User: moineau_l.oiseau    || Channel: #itty-bitty-kitty-commitee           || emoji=<:smilecat:836868602220380160>; msg="react to this message with ur fav emotes" by slayc127
[09/02/2025 08:02:28.311 PM] React+   || User: moineau_l.oiseau    || Channel: #itty-bitty-kitty-commitee           || emoji=<:happycat:834819172546510868>; msg="react to this message with ur fav emotes" by slayc127
[09/02/2025 08:02:30.550 PM] React+   || User: moineau_l.oiseau    || Channel: #itty-bitty-kitty-commitee           || emoji=<:nom:834819064177623091>; msg="react to this message with ur fav emotes" by slayc127
[09/02/2025 08:03:20.127 PM] Message  || User: coziidruid          || Channel: #purrley-pawsitive-pussy-pals        || Content: taste of thai on arkansas is my go to, ill try texas thai next time :3
[09/02/2025 08:04:03.880 PM] React+   || User: moineau_l.oiseau    || Channel: #yapper-committee                    || emoji=‼️; msg="so fun meeting everyone 2day /gen" by a1darek
[09/02/2025 08:04:10.908 PM] React+   || User: moineau_l.oiseau    || Channel: #pictures-of-the-cats                || emoji=💕; msg="meatball having dinner while cloudy watc..." by simplyshadow171295
[09/02/2025 08:04:57.548 PM] React+   || User: marciepoo143        || Channel: #itty-bitty-kitty-commitee           || emoji=<:ohHellyes:1347071282193104988>; msg="react to this message with ur fav emotes" by slayc127
[09/02/2025 08:05:01.276 PM] React-   || User: unknown             || Channel: #itty-bitty-kitty-commitee           || emoji=<:ohHellyes:1347071282193104988>; msg="react to this message with ur fav emotes" by slayc127
[09/02/2025 08:05:09.187 PM] React+   || User: moineau_l.oiseau    || Channel: #purrley-pawsitive-pussy-pals        || emoji=😆; msg="gonna start using this when members are ..." by celeryiscelery
[09/02/2025 08:05:21.680 PM] React+   || User: marciepoo143        || Channel: #itty-bitty-kitty-commitee           || emoji=<:concernedcat:1009853086153576499>; msg="react to this message with ur fav emotes" by slayc127
[09/02/2025 08:06:20.888 PM] React+   || User: moineau_l.oiseau    || Channel: #feeding-team                        || emoji=‼️; msg="Da babby" by hatshura
[09/02/2025 08:07:35.364 PM] React+   || User: slayc127            || Channel: #yapper-committee                    || emoji=‼️; msg="so fun meeting everyone 2day /gen" by a1darek
[09/02/2025 08:07:43.667 PM] React+   || User: slayc127            || Channel: #purrley-pawsitive-pussy-pals        || emoji=😆; msg="gonna start using this when members are ..." by celeryiscelery
[09/02/2025 08:07:44.106 PM] React+   || User: slayc127            || Channel: #purrley-pawsitive-pussy-pals        || emoji=😭; msg="our go to curry place was closed for ren..." by coziidruid
[09/02/2025 08:08:30.723 PM] React+   || User: ludavis             || Channel: #itty-bitty-kitty-commitee           || emoji=<:woahthere:1251730252607131718>; msg="react to this message with ur fav emotes" by slayc127
[09/02/2025 08:08:45.614 PM] React-   || User: unknown             || Channel: #itty-bitty-kitty-commitee           || emoji=<a:catArriveExplode:1325175143479246918>; msg="react to this message with ur fav emotes" by slayc127
[09/02/2025 08:08:46.455 PM] Message  || User: celeryiscelery      || Channel: #purrley-pawsitive-pussy-pals        || Content: ooo i need to try taste of thai
[09/02/2025 08:08:49.074 PM] React+   || User: ludavis             || Channel: #itty-bitty-kitty-commitee           || emoji=<:ElPresidente:1332132959066787840>; msg="react to this message with ur fav emotes" by slayc127
[09/02/2025 08:08:49.655 PM] Message  || User: celeryiscelery      || Channel: #purrley-pawsitive-pussy-pals        || Content: god i love curry
[09/02/2025 08:08:55.257 PM] Message  || User: austinbaustinb      || Channel: #purrley-pawsitive-pussy-pals        || Content: other than the hitler stache whats the worst facial hair to have
[09/02/2025 08:09:00.528 PM] Message  || User: austinbaustinb      || Channel: #purrley-pawsitive-pussy-pals        || Content: i need to not look approachable
[09/02/2025 08:09:10.337 PM] Message  || User: celeryiscelery      || Channel: #purrley-pawsitive-pussy-pals        || Content: goatee
[09/02/2025 08:09:18.977 PM] Message  || User: celeryiscelery      || Channel: #purrley-pawsitive-pussy-pals        || Content: idk why but i see one and im like
[09/02/2025 08:09:20.844 PM] Message  || User: celeryiscelery      || Channel: #purrley-pawsitive-pussy-pals        || Content: (no text; attachments=1)
[09/02/2025 08:09:23.867 PM] React+   || User: slayc127            || Channel: #purrley-pawsitive-pussy-pals        || emoji=‼️; msg=1412605351580270613
[09/02/2025 08:09:27.870 PM] Message  || User: slayc127            || Channel: #purrley-pawsitive-pussy-pals        || Content: r these the new trend
[09/02/2025 08:09:34.090 PM] Message  || User: slayc127            || Channel: #purrley-pawsitive-pussy-pals        || Content: had a member send me two and i instantly saved them
[09/02/2025 08:09:37.727 PM] Message  || User: slayc127            || Channel: #purrley-pawsitive-pussy-pals        || Content: (no text; attachments=2)
[09/02/2025 08:09:44.283 PM] Message  || User: austinbaustinb      || Channel: #purrley-pawsitive-pussy-pals        || Content: i kinda got a goatee but that didn't work
[09/02/2025 08:09:45.297 PM] Message  || User: adeyumii            || Channel: #pictures-of-the-cats                || Content: Twix was laying in the middle of the parking lot I thought she got ran over
[09/02/2025 08:09:47.228 PM] Action   || Name: image_intake        || Trigger: channel=551084964318543904           || Output: rows=2
[09/02/2025 08:09:59.401 PM] Message  || User: celeryiscelery      || Channel: #purrley-pawsitive-pussy-pals        || Content: i have no ideaaa, i saw the side eye and i was like yeah me too
[09/02/2025 08:10:01.631 PM] Message  || User: austinbaustinb      || Channel: #purrley-pawsitive-pussy-pals        || Content: it doesn't like wrap around like a full 'O' shape but I have the stache, soul patch, and beard hairs
[09/02/2025 08:10:02.906 PM] React+   || User: slayc127            || Channel: #purrley-pawsitive-pussy-pals        || emoji=😆; msg="i have no ideaaa, i saw the side eye and..." by celeryiscelery
[09/02/2025 08:10:10.592 PM] Message  || User: slayc127            || Channel: #purrley-pawsitive-pussy-pals        || Content: okay heard, i stole that one too hehe
[09/02/2025 08:10:17.633 PM] React+   || User: slayc127            || Channel: #pictures-of-the-cats                || emoji=😭; msg="Twix was laying in the middle of the par..." by adeyumii
[09/02/2025 08:10:22.962 PM] Message  || User: slayc127            || Channel: #pictures-of-the-cats                || Content: oh i wouldve started fucking sobbing
[09/02/2025 08:10:24.682 PM] Message  || User: slayc127            || Channel: #pictures-of-the-cats                || Content: oh my god
[09/02/2025 08:10:32.838 PM] Message  || User: celeryiscelery      || Channel: #purrley-pawsitive-pussy-pals        || Content: you honestly gotta start giving people the stank eye then
[09/02/2025 08:10:37.474 PM] Message  || User: slayc127            || Channel: #pictures-of-the-cats                || Content: whats that version of ragebaiting
[09/02/2025 08:10:41.159 PM] Message  || User: slayc127            || Channel: #pictures-of-the-cats                || Content: traumabaiting???????
[09/02/2025 08:10:46.510 PM] Message  || User: slayc127            || Channel: #pictures-of-the-cats                || Content: shes an evil kitty i love her so
[09/02/2025 08:10:52.612 PM] Message  || User: austinbaustinb      || Channel: #purrley-pawsitive-pussy-pals        || Content: i dont look at women im a taken man!
[09/02/2025 08:10:52.851 PM] Message  || User: void_now            || Channel: #pictures-of-the-cats                || Content: Bro she gotta be more careful
[09/02/2025 08:10:52.939 PM] React+   || User: slayc127            || Channel: #purrley-pawsitive-pussy-pals        || emoji=‼️; msg="you honestly gotta start giving people t..." by celeryiscelery
[09/02/2025 08:10:53.660 PM] Message  || User: celeryiscelery      || Channel: #purrley-pawsitive-pussy-pals        || Content: but practice your stank eye in the mirror to make sure it doesn’t look inviting
[09/02/2025 08:10:54.356 PM] Message  || User: austinbaustinb      || Channel: #purrley-pawsitive-pussy-pals        || Content: but maybe
[09/02/2025 08:10:57.829 PM] Message  || User: austinbaustinb      || Channel: #purrley-pawsitive-pussy-pals        || Content: i can slouch more as well
[09/02/2025 08:11:00.390 PM] Message  || User: austinbaustinb      || Channel: #purrley-pawsitive-pussy-pals        || Content: or shower less
[09/02/2025 08:11:07.753 PM] Message  || User: void_now            || Channel: #pictures-of-the-cats                || Content: She can't tank a hit from a car like another business cat, what is she thinking??
[09/02/2025 08:11:13.806 PM] Message  || User: austinbaustinb      || Channel: #purrley-pawsitive-pussy-pals        || Content: like i fr was looking straight ahead and had an earbud in
[09/02/2025 08:11:16.075 PM] Message  || User: celeryiscelery      || Channel: #purrley-pawsitive-pussy-pals        || Content: rehearse a mansplain thing and just keep that on the dome
[09/02/2025 08:11:18.374 PM] React+   || User: void_now            || Channel: #pictures-of-the-cats                || emoji=😭; msg="Twix was laying in the middle of the par..." by adeyumii
[09/02/2025 08:11:20.005 PM] Message  || User: austinbaustinb      || Channel: #purrley-pawsitive-pussy-pals        || Content: clearly i do not want to talk just lemme get my damn frappe
[09/02/2025 08:11:25.144 PM] React+   || User: slayc127            || Channel: #pictures-of-the-cats                || emoji=😭; msg="She can't tank a hit from a car like ano..." by void_now
[09/02/2025 08:11:26.072 PM] Message  || User: austinbaustinb      || Channel: #purrley-pawsitive-pussy-pals        || Content: TRUE
[09/02/2025 08:11:34.096 PM] Message  || User: coziidruid          || Channel: #purrley-pawsitive-pussy-pals        || Content: pedo stache, then whatever schlatt has going on
[09/02/2025 08:11:43.682 PM] Message  || User: austinbaustinb      || Channel: #purrley-pawsitive-pussy-pals        || Content: i do not need to rehearse though have you seen my #bot-spam essays
[09/02/2025 08:12:03.718 PM] Message  || User: austinbaustinb      || Channel: #purrley-pawsitive-pussy-pals        || Content: I love schlatts story with that he fr got fat and grew sideburns to stop the fancams
[09/02/2025 08:12:14.373 PM] Message  || User: adeyumii            || Channel: #pictures-of-the-cats                || Content: I kept calling her name too and she didn't move. She was just very happily napping while parked
[09/02/2025 08:12:19.532 PM] Message  || User: adeyumii            || Channel: #pictures-of-the-cats                || Content: like she was in a parking spot
[09/02/2025 08:12:20.734 PM] React+   || User: slayc127            || Channel: #pictures-of-the-cats                || emoji=😭; msg="I kept calling her name too and she didn..." by adeyumii
[09/02/2025 08:12:23.694 PM] Message  || User: a1darek             || Channel: #pictures-of-the-cats                || Content: i think thats called manipulation
[09/02/2025 08:12:27.783 PM] Message  || User: slayc127            || Channel: #pictures-of-the-cats                || Content: yes
[09/02/2025 08:12:35.108 PM] Message  || User: austinbaustinb      || Channel: #pictures-of-the-cats                || Content: this is horrible
[09/02/2025 08:12:38.911 PM] Message  || User: slayc127            || Channel: #pictures-of-the-cats                || Content: ragebaiting is also manipulation
[09/02/2025 08:12:40.627 PM] Message  || User: austinbaustinb      || Channel: #pictures-of-the-cats                || Content: yeah that was on purpose wth
[09/02/2025 08:12:40.944 PM] Message  || User: slayc127            || Channel: #pictures-of-the-cats                || Content: just for evil
[09/02/2025 08:12:45.623 PM] React+   || User: slayc127            || Channel: #pictures-of-the-cats                || emoji=‼️; msg="yeah that was on purpose wth" by austinbaustinb
[09/02/2025 08:12:46.302 PM] Message  || User: coziidruid          || Channel: #purrley-pawsitive-pussy-pals        || Content: i love that it didnt stop them (i dont actually love that but i like the idea of him feeling discomforr in general)
[09/02/2025 08:12:59.584 PM] React+   || User: austinbaustinb      || Channel: #purrley-pawsitive-pussy-pals        || emoji=❤️; msg="i love that it didnt stop them (i dont a..." by coziidruid
[09/02/2025 08:13:01.152 PM] React+   || User: slayc127            || Channel: #purrley-pawsitive-pussy-pals        || emoji=❤️; msg="i love that it didnt stop them (i dont a..." by coziidruid
[09/02/2025 08:13:05.365 PM] Message  || User: austinbaustinb      || Channel: #purrley-pawsitive-pussy-pals        || Content: he's a funny little man to see go through trials
[09/02/2025 08:13:13.177 PM] Message  || User: a1darek             || Channel: #purrley-pawsitive-pussy-pals        || Content: he look like if the word porkchop was a person
[09/02/2025 08:13:17.061 PM] React+   || User: slayc127            || Channel: #purrley-pawsitive-pussy-pals        || emoji=😭; msg="he look like if the word porkchop was a ..." by a1darek
[09/02/2025 08:13:21.868 PM] React+   || User: austinbaustinb      || Channel: #purrley-pawsitive-pussy-pals        || emoji=❤️; msg="he look like if the word porkchop was a ..." by a1darek
[09/02/2025 08:13:47.338 PM] Message  || User: a1darek             || Channel: #purrley-pawsitive-pussy-pals        || Content: btw the @ call outs on feeding team
[09/02/2025 08:13:49.663 PM] Message  || User: a1darek             || Channel: #purrley-pawsitive-pussy-pals        || Content: *chefs kiss*
[09/02/2025 08:13:49.949 PM] Message  || User: lemonelon_          || Channel: #pet-pictures                        || Content: (no text; attachments=1)
[09/02/2025 08:14:08.924 PM] React+   || User: austinbaustinb      || Channel: #purrley-pawsitive-pussy-pals        || emoji=❤️; msg="btw the @ call outs on feeding team" by a1darek
[09/02/2025 08:14:17.835 PM] React+   || User: slayc127            || Channel: #purrley-pawsitive-pussy-pals        || emoji=❤️; msg="btw the @ call outs on feeding team" by a1darek
[09/02/2025 08:14:18.218 PM] Message  || User: lemonelon_          || Channel: #pet-pictures                        || Content: her name is pendejo
[09/02/2025 08:14:19.116 PM] Message  || User: austinbaustinb      || Channel: #purrley-pawsitive-pussy-pals        || Content: no more hiding! feed yo dam station!
[09/02/2025 08:14:26.232 PM] Message  || User: slayc127            || Channel: #pet-pictures                        || Content: i am stealing her
[09/02/2025 08:14:31.272 PM] React+   || User: void_now            || Channel: #pet-pictures                        || emoji=😭; msg="her name is pendejo" by lemonelon_
[09/02/2025 08:14:35.309 PM] React+   || User: slayc127            || Channel: #pet-pictures                        || emoji=😭; msg="her name is pendejo" by lemonelon_
[09/02/2025 08:14:38.043 PM] Message  || User: slayc127            || Channel: #pet-pictures                        || Content: this is so
[09/02/2025 08:14:38.395 PM] Message  || User: austinbaustinb      || Channel: #purrley-pawsitive-pussy-pals        || Content: next up is throwing tomatoes at people
[09/02/2025 08:14:47.397 PM] React+   || User: slayc127            || Channel: #purrley-pawsitive-pussy-pals        || emoji=‼️; msg="no more hiding! feed yo dam station!" by austinbaustinb
[09/02/2025 08:14:49.253 PM] React+   || User: coziidruid          || Channel: #purrley-pawsitive-pussy-pals        || emoji=‼️; msg="no more hiding! feed yo dam station!" by austinbaustinb
[09/02/2025 08:14:51.414 PM] Message  || User: lemonelon_          || Channel: #pet-pictures                        || Content: (no text; attachments=2)
[09/02/2025 08:14:56.542 PM] Message  || User: lemonelon_          || Channel: #pet-pictures                        || Content: she is kind of dumb
[09/02/2025 08:15:06.019 PM] Message  || User: slayc127            || Channel: #pet-pictures                        || Content: my parents dogs r too
[09/02/2025 08:15:09.871 PM] React+   || User: lemonelon_          || Channel: #pet-pictures                        || emoji=❤️; msg="my parents dogs r too" by slayc127
[09/02/2025 08:15:25.855 PM] React+   || User: mochenoch           || Channel: #itty-bitty-kitty-commitee           || emoji=<:nothingburger:1412527689155350538>; msg="ty guys hehehehehee continue adding bls" by slayc127
[09/02/2025 08:15:35.429 PM] Message  || User: slayc127            || Channel: #pet-pictures                        || Content: (no text; attachments=1)
[09/02/2025 08:15:39.230 PM] React+   || User: lemonelon_          || Channel: #pet-pictures                        || emoji=❤️; msg=1412606922892378184
[09/02/2025 08:15:41.102 PM] Message  || User: slayc127            || Channel: #pet-pictures                        || Content: like he even sits stupid
[09/02/2025 08:15:43.144 PM] React+   || User: astro_db            || Channel: #itty-bitty-kitty-commitee           || emoji=<:catthumbsup:931115163317329920>; msg="react to this message with ur fav emotes" by slayc127
[09/02/2025 08:15:43.190 PM] Message  || User: slayc127            || Channel: #pet-pictures                        || Content: ft bugzie
[09/02/2025 08:15:44.461 PM] React+   || User: astro_db            || Channel: #itty-bitty-kitty-commitee           || emoji=<:sad_cat:828777514335600641>; msg="react to this message with ur fav emotes" by slayc127
[09/02/2025 08:15:47.507 PM] React+   || User: astro_db            || Channel: #itty-bitty-kitty-commitee           || emoji=<:sobbing:828777375876907038>; msg="react to this message with ur fav emotes" by slayc127
[09/02/2025 08:15:49.694 PM] React+   || User: astro_db            || Channel: #itty-bitty-kitty-commitee           || emoji=<:macrowave:857753712591634442>; msg="react to this message with ur fav emotes" by slayc127
[09/02/2025 08:15:57.058 PM] Message  || User: slayc127            || Channel: #pet-pictures                        || Content: they have a pug n my dog is a black lab/spaniel mix he is the only not stupid one
[09/02/2025 08:16:05.043 PM] React+   || User: astro_db            || Channel: #itty-bitty-kitty-commitee           || emoji=<:happycat:834819172546510868>; msg="react to this message with ur fav emotes" by slayc127
[09/02/2025 08:16:05.161 PM] Message  || User: lemonelon_          || Channel: #pet-pictures                        || Content: yes my pendejo is english noodle
[09/02/2025 08:16:05.197 PM] React+   || User: mochenoch           || Channel: #itty-bitty-kitty-commitee           || emoji=<:mrowkayla:1412527878033379439>; msg="ty guys hehehehehee continue adding bls" by slayc127
[09/02/2025 08:16:08.347 PM] React+   || User: slayc127            || Channel: #pet-pictures                        || emoji=🎉; msg="yes my pendejo is english noodle" by lemonelon_
[09/02/2025 08:16:11.331 PM] React+   || User: slayc127            || Channel: #pet-pictures                        || emoji=❤️; msg="yes my pendejo is english noodle" by lemonelon_
[09/02/2025 08:16:13.222 PM] Message  || User: lemonelon_          || Channel: #pet-pictures                        || Content: english hoodle
[09/02/2025 08:16:14.964 PM] Message  || User: orphean_            || Channel: #introductions                       || Content: hello!! i’m michael i’m a first year majoring in criminal justice i have 2 dogs and no cats (i hope this doesn’t sound as robotic as it does in my head🥀)
[09/02/2025 08:16:15.522 PM] React+   || User: astro_db            || Channel: #itty-bitty-kitty-commitee           || emoji=<:smilecat:836868602220380160>; msg="react to this message with ur fav emotes" by slayc127
[09/02/2025 08:16:17.818 PM] Message  || User: lemonelon_          || Channel: #pet-pictures                        || Content: english boodle
[09/02/2025 08:16:29.000 PM] Message  || User: lemonelon_          || Channel: #pet-pictures                        || Content: english bulldog smashed a poodle
[09/02/2025 08:16:36.293 PM] React+   || User: slayc127            || Channel: #pet-pictures                        || emoji=😭; msg="english bulldog smashed a poodle" by lemonelon_
[09/02/2025 08:16:44.978 PM] Message  || User: slayc127            || Channel: #purrley-pawsitive-pussy-pals        || Content: i need someone to force me to finish my dishes
[09/02/2025 08:16:55.847 PM] Message  || User: slayc127            || Channel: #purrley-pawsitive-pussy-pals        || Content: i am so tired i dont think ill be able to do anything tonight
[09/02/2025 08:16:56.902 PM] Message  || User: slayc127            || Channel: #purrley-pawsitive-pussy-pals        || Content: holy
[09/02/2025 08:17:03.794 PM] Message  || User: austinbaustinb      || Channel: #purrley-pawsitive-pussy-pals        || Content: "let em soak"
[09/02/2025 08:17:11.169 PM] Message  || User: austinbaustinb      || Channel: #purrley-pawsitive-pussy-pals        || Content: thats what i do when I dont wanna do em
[09/02/2025 08:17:18.617 PM] Message  || User: austinbaustinb      || Channel: #purrley-pawsitive-pussy-pals        || Content: the water helps dissolve stuff maybe
[09/02/2025 08:17:37.827 PM] React+   || User: simplyshadow171295  || Channel: #pet-pictures                        || emoji=😭; msg="her name is pendejo" by lemonelon_
[09/02/2025 08:17:46.367 PM] React+   || User: simplyshadow171295  || Channel: #pictures-of-the-cats                || emoji=😭; msg="Twix was laying in the middle of the par..." by adeyumii
[09/02/2025 08:17:59.091 PM] React+   || User: simplyshadow171295  || Channel: #pictures-of-the-cats                || emoji=😭; msg="I kept calling her name too and she didn..." by adeyumii
[09/02/2025 08:18:09.806 PM] Message  || User: slayc127            || Channel: #purrley-pawsitive-pussy-pals        || Content: thats what theyve been doing 😔
[09/02/2025 08:20:52.360 PM] Message  || User: austinbaustinb      || Channel: #purrley-pawsitive-pussy-pals        || Content: Oh
[09/02/2025 08:20:59.790 PM] Message  || User: austinbaustinb      || Channel: #purrley-pawsitive-pussy-pals        || Content: Do u have one of those dish sticks
[09/02/2025 08:22:24.603 PM] React+   || User: a1darek             || Channel: #purrley-pawsitive-pussy-pals        || emoji=‼️; msg="no more hiding! feed yo dam station!" by austinbaustinb
[09/02/2025 08:22:43.332 PM] Message  || User: a1darek             || Channel: #purrley-pawsitive-pussy-pals        || Content: man i hate that im most productive when its like after 8 in the english lounge
[09/02/2025 08:22:49.226 PM] Message  || User: a1darek             || Channel: #purrley-pawsitive-pussy-pals        || Content: i gotta go to bed man
[09/02/2025 08:24:44.783 PM] React+   || User: pancakemixteamdj    || Channel: #introductions                       || emoji=<:happycat:834819172546510868>; msg=1412600595138871328
[09/02/2025 08:26:11.693 PM] Message  || User: pancakemixteamdj    || Channel: #yapper-committee                    || Content: I feel like Derek could pull off  a Miku Dr house
[09/02/2025 08:26:16.293 PM] React+   || User: reyesthighs         || Channel: #yapper-committee                    || emoji=‼️; msg="so fun meeting everyone 2day /gen" by a1darek
[09/02/2025 08:26:32.077 PM] Message  || User: reyesthighs         || Channel: #yapper-committee                    || Content: Don't I have to have some sort of training for that?
[09/02/2025 08:27:47.174 PM] Message  || User: pancakemixteamdj    || Channel: #yapper-committee                    || Content: TikTok getting a little to FYP
[09/02/2025 08:30:46.500 PM] React+   || User: adeyumii            || Channel: #itty-bitty-kitty-commitee           || emoji=<:macrowave:857753712591634442>; msg="react to this message with ur fav emotes" by slayc127
[09/02/2025 08:30:57.007 PM] React+   || User: adeyumii            || Channel: #itty-bitty-kitty-commitee           || emoji=<:wuuh:1331331057076932750>; msg="ty guys hehehehehee continue adding bls" by slayc127
[09/02/2025 08:31:00.824 PM] React+   || User: adeyumii            || Channel: #itty-bitty-kitty-commitee           || emoji=<:powaahhhhhhh:1284949152685490216>; msg="react to this message with ur fav emotes" by slayc127
[09/02/2025 08:31:33.119 PM] Message  || User: slayc127            || Channel: #yapper-committee                    || Content: we should start accepting dues in the form of a 36 pack of dr pepper directly to my door /j.
[09/02/2025 08:31:38.828 PM] React+   || User: slayc127            || Channel: #yapper-committee                    || emoji=😆; msg="TikTok getting a little to FYP" by pancakemixteamdj
[09/02/2025 08:31:39.149 PM] React+   || User: simplyshadow171295  || Channel: #yapper-committee                    || emoji=😭; msg="TikTok getting a little to FYP" by pancakemixteamdj
[09/02/2025 08:31:51.046 PM] Message  || User: slayc127            || Channel: #yapper-committee                    || Content: @Derek [TNR] PLEASE.
[09/02/2025 08:31:56.913 PM] Message  || User: slayc127            || Channel: #yapper-committee                    || Content: https://tenor.com/view/livingintheh-gif-4614389881596922323
[09/02/2025 08:32:48.118 PM] Message  || User: a1darek             || Channel: #yapper-committee                    || Content: ill go as miku house if u also go as miku to anime frontier
[09/02/2025 08:33:50.754 PM] Message  || User: a1darek             || Channel: #purrley-pawsitive-pussy-pals        || Content: dude microwave getting pasted on to the gbm photo is so funny
[09/02/2025 08:33:54.707 PM] Message  || User: a1darek             || Channel: #purrley-pawsitive-pussy-pals        || Content: like wait
[09/02/2025 08:34:03.841 PM] React+   || User: abstractly_         || Channel: #introductions                       || emoji=🔥; msg=1412600595138871328
[09/02/2025 08:34:22.722 PM] React+   || User: abstractly_         || Channel: #itty-bitty-kitty-commitee           || emoji=<:mrowkayla:1412527878033379439>; msg="ty guys hehehehehee continue adding bls" by slayc127
[09/02/2025 08:34:30.807 PM] Message  || User: austinbaustinb      || Channel: #purrley-pawsitive-pussy-pals        || Content: He was there
[09/02/2025 08:35:21.181 PM] React+   || User: abstractly_         || Channel: #pet-pictures                        || emoji=💕; msg="her name is pendejo" by lemonelon_
[09/02/2025 08:35:53.544 PM] Message  || User: abstractly_         || Channel: #pet-pictures                        || Content: my baby
[09/02/2025 08:35:59.872 PM] React+   || User: lemonelon_          || Channel: #pet-pictures                        || emoji=❤️; msg="my baby" by abstractly_
[09/02/2025 08:37:13.684 PM] React+   || User: slayc127            || Channel: #itty-bitty-kitty-commitee           || emoji=<:mrowkayla:1412527878033379439>; msg="ty guys hehehehehee continue adding bls" by slayc127
[09/02/2025 08:37:25.542 PM] React+   || User: slayc127            || Channel: #purrley-pawsitive-pussy-pals        || emoji=‼️; msg="He was there" by austinbaustinb
[09/02/2025 08:37:32.248 PM] Message  || User: slayc127            || Channel: #purrley-pawsitive-pussy-pals        || Content: check the computer screen
[09/02/2025 08:37:49.719 PM] Message  || User: slayc127            || Channel: #yapper-committee                    || Content: help me design a fit and it will be done
[09/02/2025 08:37:54.048 PM] Message  || User: simplyshadow171295  || Channel: #feeding-team                        || Content: business had been fed when gunjan and i passed by earlier
[09/02/2025 08:37:54.062 PM] Intent   || feed_update               ||                                               || station=Business; dates=['2025-09-02']
[09/02/2025 08:37:55.724 PM] Action   || Name: sheet_mark          || Trigger: station=Business date=2025-09-02     || Output: ok
[09/02/2025 08:37:55.739 PM] Action   || Name: feed_update         || Trigger: station=Business; dates=2025-09-02   || Output: ok
[09/02/2025 08:37:57.517 PM] Action   || Name: sheet_mark          || Trigger: station=Mary Kay and Zen date=2025-09-02 || Output: ok
[09/02/2025 08:37:57.523 PM] Action   || Name: feed_update         || Trigger: station=Mary Kay and Zen; dates=2025-09-02 || Output: ok
[09/02/2025 08:38:01.509 PM] Message  || User: slayc127            || Channel: #yapper-committee                    || Content: send sakura miku to my dms pls
[09/02/2025 08:38:21.127 PM] Message  || User: sarahngu7en         || Channel: #introductions                       || Content: hi! i’m sarah, i’m a first year majoring in communication. while i don’t have any cats, i love them! here’s a photo of me petting a random yet friendly cat i met when i visited vietnam a few years ago :DDD
[09/02/2025 08:38:53.137 PM] Message  || User: austinbaustinb      || Channel: #thomas-cat-sandbox                  || Content: tomcat who is microwave
[09/02/2025 08:38:53.151 PM] Intent   || who_is                    ||                                               || cat=Microwave
[09/02/2025 08:38:56.144 PM] Message  || User: a1darek             || Channel: #purrley-pawsitive-pussy-pals        || Content: (no text; attachments=1)
[09/02/2025 08:38:59.312 PM] Message  || User: a1darek             || Channel: #purrley-pawsitive-pussy-pals        || Content: this is what it reminded me of
[09/02/2025 08:39:00.093 PM] Action   || Name: viz_crop            || Trigger: crops=1                              || Output: ok
[09/02/2025 08:39:00.102 PM] Action   || Name: handle_cat_show     || Trigger: name=1. Microwave                    || Output: sending embed (cropped)
[09/02/2025 08:39:07.096 PM] Message  || User: a1darek             || Channel: #purrley-pawsitive-pussy-pals        || Content: look in the back
[09/02/2025 08:39:08.691 PM] Message  || User: a1darek             || Channel: #purrley-pawsitive-pussy-pals        || Content: @Jacob [Fundraising Officer]
[09/02/2025 08:40:07.506 PM] React+   || User: .s3j                || Channel: #itty-bitty-kitty-commitee           || emoji=<:sad_thumbs_up:813282922189553694>; msg="react to this message with ur fav emotes" by slayc127
[09/02/2025 08:40:10.701 PM] React+   || User: .s3j                || Channel: #itty-bitty-kitty-commitee           || emoji=<:macrowave:857753712591634442>; msg="react to this message with ur fav emotes" by slayc127
[09/02/2025 08:40:56.029 PM] React+   || User: _costco_wholesale_  || Channel: #pictures-of-the-cats                || emoji=😭; msg="Twix was laying in the middle of the par..." by adeyumii
[09/02/2025 08:41:04.038 PM] Message  || User: slayc127            || Channel: #purrley-pawsitive-pussy-pals        || Content: HAHAHAHAHAHAHAHAHA
[09/02/2025 08:41:04.802 PM] Message  || User: austinbaustinb      || Channel: #purrley-pawsitive-pussy-pals        || Content: omg....
[09/02/2025 08:41:13.924 PM] React+   || User: spitonme            || Channel: #announcements                       || emoji=🐙; msg="@​everyone THANK YOU FOR SHOWING UP AND ..." by slayc127
[09/02/2025 08:41:16.035 PM] Message  || User: slayc127            || Channel: #purrley-pawsitive-pussy-pals        || Content: im posting this on the story
[09/02/2025 08:42:33.174 PM] Message  || User: _rambone_           || Channel: #purrley-pawsitive-pussy-pals        || Content: https://tenor.com/view/one-piece-straw-hat-luffy-monkey-d-luffy-fear-gif-27211599
[09/02/2025 08:42:33.421 PM] Edit     || User: _rambone_           || Channel: #purrley-pawsitive-pussy-pals        || https://tenor.com/view/one-piece-straw-hat-luffy-monkey-d-luffy-fear-gif-27211599 -> https://tenor.com/view/one-piece-straw-hat-luffy-monkey-d-luffy-fear-gif-27211599
[09/02/2025 08:42:34.199 PM] Message  || User: _rambone_           || Channel: #purrley-pawsitive-pussy-pals        || Content: IS THAT GOKU
[09/02/2025 08:42:49.983 PM] Message  || User: dandelion021._.     || Channel: #yapper-committee                    || Content: noo not rlly, it depends but sometimes they’ll give you training if they are rly desperate for workers
[09/02/2025 08:43:15.413 PM] React+   || User: plink5277           || Channel: #due-paying-portal                   || emoji=<:ree:813284570161086465>; msg="kaz died from carrying said bag of kibbl..." by slayc127
[09/02/2025 08:43:52.182 PM] React+   || User: lemonelon_          || Channel: #introductions                       || emoji=❤️; msg="hi! i’m sarah, i’m a first year majoring..." by sarahngu7en
[09/02/2025 08:43:58.711 PM] React+   || User: lemonelon_          || Channel: #introductions                       || emoji=❤️; msg="hello!! i’m michael i’m a first year maj..." by orphean_
[09/02/2025 08:44:22.274 PM] Message  || User: slayc127            || Channel: #purrley-pawsitive-pussy-pals        || Content: kazius miku 2025
[09/02/2025 08:44:40.251 PM] Message  || User: pancakemixteamdj    || Channel: #bot-spam                            || Content: Tom cat show me eraser
[09/02/2025 08:44:40.273 PM] Intent   || show_photo                ||                                               || cat=Eraser
[09/02/2025 08:44:43.572 PM] Action   || Name: viz_crop            || Trigger: crops=1                              || Output: ok
[09/02/2025 08:44:48.787 PM] React+   || User: dandelion021._.     || Channel: #itty-bitty-kitty-commitee           || emoji=<:sad_cat:828777514335600641>; msg="react to this message with ur fav emotes" by slayc127
[09/02/2025 08:44:49.147 PM] Action   || Name: viz_crop            || Trigger: crops=1                              || Output: ok
[09/02/2025 08:44:50.648 PM] React-   || User: unknown             || Channel: #itty-bitty-kitty-commitee           || emoji=<:sad_cat:828777514335600641>; msg="react to this message with ur fav emotes" by slayc127
[09/02/2025 08:44:53.701 PM] Action   || Name: viz_crop            || Trigger: crops=1                              || Output: ok
[09/02/2025 08:44:58.445 PM] Action   || Name: viz_crop            || Trigger: crops=2                              || Output: ok
[09/02/2025 08:45:03.914 PM] React+   || User: dandelion021._.     || Channel: #itty-bitty-kitty-commitee           || emoji=<:balls:949786884979167253>; msg="ty guys hehehehehee continue adding bls" by slayc127
[09/02/2025 08:45:11.444 PM] Message  || User: dandelion021._.     || Channel: #itty-bitty-kitty-commitee           || Content: <:balls:949786884979167253>
[09/02/2025 08:45:23.364 PM] React+   || User: dandelion021._.     || Channel: #memes                               || emoji=‼️; msg=1412514911774576660
[09/02/2025 08:45:23.388 PM] React+   || User: simplyshadow171295  || Channel: #itty-bitty-kitty-commitee           || emoji=<:wuuh:1331331057076932750>; msg="ty guys hehehehehee continue adding bls" by slayc127
[09/02/2025 08:45:23.655 PM] React+   || User: dandelion021._.     || Channel: #memes                               || emoji=😭; msg=1412514911774576660
[09/02/2025 08:45:34.756 PM] React+   || User: simplyshadow171295  || Channel: #itty-bitty-kitty-commitee           || emoji=<:happycat:834819172546510868>; msg="react to this message with ur fav emotes" by slayc127
[09/02/2025 08:45:44.483 PM] Message  || User: a1darek             || Channel: #purrley-pawsitive-pussy-pals        || Content: I THOUGHT YOU MEANT YOUR STORY LMFAOOO
[09/02/2025 08:45:46.282 PM] React+   || User: simplyshadow171295  || Channel: #itty-bitty-kitty-commitee           || emoji=<:smilecat:836868602220380160>; msg="react to this message with ur fav emotes" by slayc127
[09/02/2025 08:45:47.198 PM] React+   || User: kitadan             || Channel: #pictures-of-the-cats                || emoji=😭; msg="Twix was laying in the middle of the par..." by adeyumii
[09/02/2025 08:46:03.252 PM] React+   || User: a1darek             || Channel: #introductions                       || emoji=❤️; msg="hi! i’m sarah, i’m a first year majoring..." by sarahngu7en
[09/02/2025 08:46:22.111 PM] Message  || User: spitonme            || Channel: #yapper-committee                    || Content: I CAN BE SAKURA MIKU
[09/02/2025 08:46:35.961 PM] React+   || User: kitadan             || Channel: #itty-bitty-kitty-commitee           || emoji=👍; msg="ty guys hehehehehee continue adding bls" by slayc127
[09/02/2025 08:46:38.262 PM] React+   || User: the.lemonade.stand  || Channel: #executive-board                     || emoji=❤️; msg="And they have little flower necklaces <:..." by moineau_l.oiseau
[09/02/2025 08:46:55.036 PM] Message  || User: the.lemonade.stand  || Channel: #executive-board                     || Content: these are cute as shit
[09/02/2025 08:47:58.885 PM] React+   || User: spitonme            || Channel: #pictures-of-the-cats                || emoji=🐙; msg="oh i wouldve started fucking sobbing" by slayc127
[09/02/2025 08:48:24.179 PM] Message  || User: slayc127            || Channel: #purrley-pawsitive-pussy-pals        || Content: nope!
[09/02/2025 08:48:35.938 PM] Message  || User: slayc127            || Channel: #yapper-committee                    || Content: TWINS ?
[09/02/2025 08:48:54.066 PM] Message  || User: a1darek             || Channel: #purrley-pawsitive-pussy-pals        || Content: okay truthfully i feel like im behind but im really not
[09/02/2025 08:48:57.931 PM] Message  || User: a1darek             || Channel: #purrley-pawsitive-pussy-pals        || Content: heading home and heading to bed
[09/02/2025 08:49:18.572 PM] React+   || User: spitonme            || Channel: #yapper-committee                    || emoji=🐙; msg="TWINS ?" by slayc127
[09/02/2025 08:49:21.670 PM] Message  || User: spitonme            || Channel: #yapper-committee                    || Content: 😛😛😛😛
[09/02/2025 08:51:17.785 PM] Action   || Name: viz_crop            || Trigger: crops=1                              || Output: ok
[09/02/2025 08:52:13.020 PM] React+   || User: m_digio             || Channel: #itty-bitty-kitty-commitee           || emoji=<:ree:813284570161086465>; msg="ty guys hehehehehee continue adding bls" by slayc127
[09/02/2025 08:52:19.522 PM] React+   || User: m_digio             || Channel: #itty-bitty-kitty-commitee           || emoji=<:duckworth:1252431333058154567>; msg="ty guys hehehehehee continue adding bls" by slayc127
[09/02/2025 08:52:24.803 PM] Message  || User: celeryiscelery      || Channel: #purrley-pawsitive-pussy-pals        || Content: why tf is goku there💀
[09/02/2025 08:52:29.899 PM] React+   || User: m_digio             || Channel: #itty-bitty-kitty-commitee           || emoji=<:p_:1251730339521499157>; msg="ty guys hehehehehee continue adding bls" by slayc127
[09/02/2025 08:53:02.713 PM] React+   || User: m_digio             || Channel: #itty-bitty-kitty-commitee           || emoji=<:catgag:972651596234244127>; msg="ty guys hehehehehee continue adding bls" by slayc127
[09/02/2025 08:53:46.941 PM] Message  || User: m_digio             || Channel: #introductions                       || Content: Welcome!
[09/02/2025 08:53:48.707 PM] React+   || User: m_digio             || Channel: #introductions                       || emoji=❤️; msg="hi! i’m sarah, i’m a first year majoring..." by sarahngu7en
[09/02/2025 08:53:51.113 PM] React+   || User: m_digio             || Channel: #introductions                       || emoji=<:ree:813284570161086465>; msg=1412600595138871328
[09/02/2025 08:53:57.705 PM] React+   || User: m_digio             || Channel: #introductions                       || emoji=❤️; msg="hello!! i’m michael i’m a first year maj..." by orphean_
[09/02/2025 08:54:00.000 PM] Message  || User: adeyumii            || Channel: #pictures-of-the-cats                || Content: everyone go jump twix and make fun of her for being bald
[09/02/2025 08:54:10.718 PM] React+   || User: simplyshadow171295  || Channel: #pictures-of-the-cats                || emoji=‼️; msg="everyone go jump twix and make fun of he..." by adeyumii
[09/02/2025 08:54:14.873 PM] Message  || User: a1darek             || Channel: #purrley-pawsitive-pussy-pals        || Content: have u never seen those memes b4
[09/02/2025 08:54:19.172 PM] Message  || User: m_digio             || Channel: #pictures-of-the-cats                || Content: https://tenor.com/view/bald-man-lick-bald-man-yummy-stare-bald-man-orange-juice-gif-5770688589702527723
[09/02/2025 08:55:21.689 PM] Message  || User: a1darek             || Channel: #purrley-pawsitive-pussy-pals        || Content: (no text; attachments=1)
[09/02/2025 08:56:29.204 PM] Message  || User: spitonme            || Channel: #pictures-of-the-cats                || Content: what the hell is that
[09/02/2025 08:56:36.223 PM] Message  || User: spitonme            || Channel: #pictures-of-the-cats                || Content: Megan what is this
[09/02/2025 08:56:48.549 PM] Message  || User: m_digio             || Channel: #pictures-of-the-cats                || Content: :3
[09/02/2025 08:56:50.547 PM] Message  || User: spitonme            || Channel: #pictures-of-the-cats                || Content: https://tenor.com/view/pooja-what-is-this-behavior-pooja-what-is-this-behaviour-behaviour-gif-1633960551907446742
[09/02/2025 08:56:50.759 PM] Edit     || User: spitonme            || Channel: #pictures-of-the-cats                || https://tenor.com/view/pooja-what-is-this-behavior-pooja-what-is-this-behaviour-behaviour-gif-1633960551907446742 -> https://tenor.com/view/pooja-what-is-this-behavior-pooja-what-is-this-behaviour-behaviour-gif-1633960551907446742
[09/02/2025 08:57:05.477 PM] React+   || User: spitonme            || Channel: #introductions                       || emoji=🐙; msg="hi! i’m sarah, i’m a first year majoring..." by sarahngu7en
[09/02/2025 08:57:17.922 PM] React+   || User: sarahngu7en         || Channel: #introductions                       || emoji=❤️; msg="Welcome!" by m_digio
[09/02/2025 08:57:45.554 PM] React+   || User: _costco_wholesale_  || Channel: #pictures-of-the-cats                || emoji=‼️; msg="everyone go jump twix and make fun of he..." by adeyumii
[09/02/2025 08:58:03.011 PM] Message  || User: adeyumii            || Channel: #pictures-of-the-cats                || Content: https://tenor.com/view/bald-man-lick-bald-man-yummy-stare-bald-man-orange-juice-gif-5770688589702527723
[09/02/2025 08:58:40.992 PM] Message  || User: celeryiscelery      || Channel: #purrley-pawsitive-pussy-pals        || Content: no literally it’s like fucking being bombed by nosies
[09/02/2025 08:58:58.123 PM] Message  || User: celeryiscelery      || Channel: #purrley-pawsitive-pussy-pals        || Content: like ain’t no way yall talked so loud i could hear you through my headphones (i am very guilty of it)
[09/02/2025 08:59:14.648 PM] Message  || User: naniinsight         || Channel: #due-paying-portal                   || Content: Jenny Nguyen paid through PayPal (paymenguyenever)
[09/02/2025 09:03:51.996 PM] React+   || User: orphean_            || Channel: #introductions                       || emoji=💜; msg="hi! i’m sarah, i’m a first year majoring..." by sarahngu7en
[09/02/2025 09:04:49.940 PM] Message  || User: hatshura            || Channel: #due-paying-portal                   || Content: w username lmao
[09/02/2025 09:06:38.963 PM] Message  || User: a1darek             || Channel: #yapper-committee                    || Content: let's go to anime frontier guys
[09/02/2025 09:08:28.834 PM] React+   || User: .bettercalljack     || Channel: #yapper-committee                    || emoji=‼️; msg="so fun meeting everyone 2day /gen" by a1darek
[09/02/2025 09:08:40.164 PM] Message  || User: reyesthighs         || Channel: #yapper-committee                    || Content: Sent home early today :(
[09/02/2025 09:10:09.036 PM] Message  || User: _.floppa._          || Channel: #pet-pictures                        || Content: (no text; attachments=1)
[09/02/2025 09:11:21.046 PM] React+   || User: wiizrainbow         || Channel: #announcements                       || emoji=❤️; msg="@​everyone THANK YOU FOR SHOWING UP AND ..." by slayc127
[09/02/2025 09:14:14.494 PM] React+   || User: m_digio             || Channel: #pet-pictures                        || emoji=❤️; msg=1412620653001183334
[09/02/2025 09:14:15.781 PM] React+   || User: m_digio             || Channel: #pet-pictures                        || emoji=❤️; msg="my baby" by abstractly_
[09/02/2025 09:14:17.498 PM] React+   || User: m_digio             || Channel: #pet-pictures                        || emoji=❤️; msg=1412606922892378184
[09/02/2025 09:14:20.449 PM] React+   || User: m_digio             || Channel: #pet-pictures                        || emoji=❤️; msg=1412606738305388615
[09/02/2025 09:14:22.067 PM] React+   || User: m_digio             || Channel: #pet-pictures                        || emoji=💕; msg="her name is pendejo" by lemonelon_
[09/02/2025 09:14:25.825 PM] React+   || User: m_digio             || Channel: #pet-pictures                        || emoji=<:cute:933104767348134018>; msg=1412544091375271938
[09/02/2025 09:14:41.895 PM] React+   || User: spitonme            || Channel: #pet-pictures                        || emoji=🐙; msg=1412620653001183334
[09/02/2025 09:14:49.295 PM] React+   || User: spitonme            || Channel: #yapper-committee                    || emoji=🐙; msg="let's go to anime frontier guys" by a1darek
[09/02/2025 09:16:18.142 PM] Online   || User: Tom Cat#8337        || Guilds: 2                                    
[09/02/2025 09:16:19.784 PM] Health   || Component: image_tab      || Status: ok                                    || channel_id=551084964318543904 tab=TCBPicsInput
[09/02/2025 09:16:20.704 PM] Health   || Component: image_tab      || Status: ok                                    || channel_id=639882573199441930 tab=TCBPicsInput
[09/02/2025 09:16:22.186 PM] Health   || Component: image_tab      || Status: ok                                    || channel_id=1341696618688286720 tab=TCBPicsInput
[09/02/2025 09:16:22.978 PM] Health   || Component: image_tab      || Status: ok                                    || channel_id=1344745306620694558 tab=TCBVetBillInput
[09/02/2025 09:16:23.286 PM] Health   || Component: feeding_tab    || Status: ok                                   
[09/02/2025 09:16:52.924 PM] React+   || User: kitadan             || Channel: #introductions                       || emoji=<:ree:813284570161086465>; msg=1412600595138871328
[09/02/2025 09:16:54.007 PM] React+   || User: kimspils            || Channel: #pet-pictures                        || emoji=❤️; msg="Thank you @Kim!! He’s such a sweet preci..." by moineau_l.oiseau
[09/02/2025 09:17:08.844 PM] React+   || User: kitadan             || Channel: #introductions                       || emoji=❤️; msg="hi! i’m sarah, i’m a first year majoring..." by sarahngu7en
[09/02/2025 09:17:16.643 PM] React+   || User: kimspils            || Channel: #pet-pictures                        || emoji=<:happycat:834819172546510868>; msg="As mentioned in the meeting today, pics ..." by moineau_l.oiseau
[09/02/2025 09:17:50.227 PM] React+   || User: nostalgicsapphic    || Channel: #purrley-pawsitive-pussy-pals        || emoji=😆; msg=1412612797535223809
[09/02/2025 09:18:04.516 PM] React+   || User: nostalgicsapphic    || Channel: #purrley-pawsitive-pussy-pals        || emoji=😆; msg="IS THAT GOKU" by _rambone_
[09/02/2025 09:19:09.770 PM] React+   || User: spitonme            || Channel: #due-paying-portal                   || emoji=🐙; msg="Jenny Nguyen paid through PayPal (paymen..." by naniinsight
[09/02/2025 09:19:16.194 PM] Message  || User: spitonme            || Channel: #due-paying-portal                   || Content: nosrsly
[09/02/2025 09:20:37.188 PM] React+   || User: the.lemonade.stand  || Channel: #introductions                       || emoji=🔥; msg=1412600595138871328
[09/02/2025 09:22:50.806 PM] React+   || User: slayc127            || Channel: #yapper-committee                    || emoji=🐙; msg="let's go to anime frontier guys" by a1darek
[09/02/2025 09:22:55.015 PM] React+   || User: slayc127            || Channel: #yapper-committee                    || emoji=‼️; msg="Sent home early today :(" by reyesthighs
[09/02/2025 09:22:55.862 PM] React-   || User: unknown             || Channel: #yapper-committee                    || emoji=‼️; msg="Sent home early today :(" by reyesthighs
[09/02/2025 09:22:57.395 PM] React+   || User: slayc127            || Channel: #yapper-committee                    || emoji=😭; msg="Sent home early today :(" by reyesthighs
[09/02/2025 09:23:05.317 PM] React+   || User: slayc127            || Channel: #pictures-of-the-cats                || emoji=‼️; msg="everyone go jump twix and make fun of he..." by adeyumii
[09/02/2025 09:24:45.736 PM] React+   || User: vasyline            || Channel: #introductions                       || emoji=❤️; msg="hi! i’m sarah, i’m a first year majoring..." by sarahngu7en
[09/02/2025 09:28:48.245 PM] Message  || User: lemonelon_          || Channel: #yapper-committee                    || Content: yo what the eff balls is the wordle
[09/02/2025 09:29:01.705 PM] Message  || User: lemonelon_          || Channel: #yapper-committee                    || Content: Did i say something bad why is the turtle
[09/02/2025 09:29:27.538 PM] Message  || User: a1darek             || Channel: #yapper-committee                    || Content: balls
[09/02/2025 09:29:39.507 PM] Message  || User: lemonelon_          || Channel: #yapper-committee                    || Content: sorry I will stop saying balls
[09/02/2025 09:31:30.720 PM] Message  || User: lemonelon_          || Channel: #yapper-committee                    || Content: I found out the wordle nvm
[09/02/2025 09:46:14.671 PM] Online   || User: Tom Cat#8337        || Guilds: 2                                    
[09/02/2025 09:46:16.240 PM] Health   || Component: image_tab      || Status: ok                                    || channel_id=551084964318543904 tab=TCBPicsInput
[09/02/2025 09:46:17.058 PM] Health   || Component: image_tab      || Status: ok                                    || channel_id=639882573199441930 tab=TCBPicsInput
[09/02/2025 09:46:17.602 PM] Health   || Component: image_tab      || Status: ok                                    || channel_id=1341696618688286720 tab=TCBPicsInput
[09/02/2025 09:46:18.238 PM] Health   || Component: image_tab      || Status: ok                                    || channel_id=1344745306620694558 tab=TCBVetBillInput
[09/02/2025 09:46:18.656 PM] Health   || Component: feeding_tab    || Status: ok                                   
[09/02/2025 09:46:30.356 PM] Message  || User: austinbaustinb      || Channel: DM                                   || Content: meow
[09/02/2025 09:46:30.751 PM] Action   || Name: handle_misc         || Trigger: trigger=meow                         || Output: meow!
[09/02/2025 09:46:33.354 PM] Message  || User: austinbaustinb      || Channel: DM                                   || Content: who is tomcat
[09/02/2025 09:46:43.304 PM] Message  || User: austinbaustinb      || Channel: DM                                   || Content: show me microwave
[09/02/2025 09:46:43.314 PM] Intent   || show_photo                ||                                               || cat=Microwave
[09/02/2025 09:46:47.313 PM] Action   || Name: viz_crop            || Trigger: crops=1                              || Output: ok
[09/02/2025 09:54:53.364 PM] Online   || User: Tom Cat#8337        || Guilds: 2                                    
[09/02/2025 09:54:54.738 PM] Health   || Component: image_tab      || Status: ok                                    || channel_id=551084964318543904 tab=TCBPicsInput
[09/02/2025 09:54:55.547 PM] Health   || Component: image_tab      || Status: ok                                    || channel_id=639882573199441930 tab=TCBPicsInput
[09/02/2025 09:54:56.395 PM] Health   || Component: image_tab      || Status: ok                                    || channel_id=1341696618688286720 tab=TCBPicsInput
[09/02/2025 09:54:57.233 PM] Health   || Component: image_tab      || Status: ok                                    || channel_id=1344745306620694558 tab=TCBVetBillInput
[09/02/2025 09:54:57.696 PM] Health   || Component: feeding_tab    || Status: ok                                   
