[09/26/2025 12:00:31.823 AM] Message  || User: racerdg             || Channel: #pictures-of-the-cats                || Content: fatass bro
[09/26/2025 12:00:32.549 AM] Action   || Name: image_intake        || Trigger: channel=551084964318543904           || Output: rows=1
[09/26/2025 12:03:41.980 AM] React+   || User: kitadan             || Channel: #pictures-of-the-cats                || emoji=❤️; msg=1420990790083149865
[09/26/2025 12:09:49.687 AM] Message  || User: kitadan             || Channel: #bot-spam                            || Content: ||Double L word||
[09/26/2025 12:13:56.404 AM] React+   || User: simplyshadow171295  || Channel: #pictures-of-the-cats                || emoji=‼️; msg="Like cmon if ur gonna litter at least st..." by austinbaustinb
[09/26/2025 12:18:40.415 AM] Message  || User: racerdg             || Channel: #pictures-of-the-cats                || Content: (no text; attachments=1)
[09/26/2025 12:18:42.550 AM] Action   || Name: image_intake        || Trigger: channel=551084964318543904           || Output: rows=1
[09/26/2025 12:23:39.484 AM] Edit     || User: spitonme            || Channel: #external-promotions                 || https://arlingtontx.wd1.myworkdayjobs.com/en-US/cityofarlingtoncareers/job/Be...
[09/26/2025 12:23:39.484 AM] Edit     || User: spitonme            || Channel: #external-promotions                 || https://arlingtontx.wd1.myworkdayjobs.com/en-US/cityofarlingtoncareers/job/Ea...
[09/26/2025 12:32:40.028 AM] React+   || User: simplyshadow171295  || Channel: #pictures-of-the-cats                || emoji=‼️; msg=1421003021441306666
[09/26/2025 12:40:14.313 AM] Message  || User: pancakemixteamdj    || Channel: #yapper-committee                    || Content: Or during winter season
[09/26/2025 12:40:24.122 AM] React+   || User: pancakemixteamdj    || Channel: #pictures-of-the-cats                || emoji=‼️; msg=1421003021441306666
[09/26/2025 12:47:57.900 AM] React+   || User: austinbaustinb      || Channel: #purrley-pawsitive-pussy-pals        || emoji=❤️; msg="gotta get toothless some dragon wings fo..." by celeryiscelery
[09/26/2025 12:51:59.782 AM] React+   || User: kitadan             || Channel: #pictures-of-the-cats                || emoji=‼️; msg=1421003021441306666
[09/26/2025 01:06:04.975 AM] React+   || User: mochenoch           || Channel: #pictures-of-the-cats                || emoji=‼️; msg=1421003021441306666
[09/26/2025 01:29:03.970 AM] React+   || User: vasyline            || Channel: #pictures-of-the-cats                || emoji=💙; msg="fatass bro" by racerdg
[09/26/2025 01:29:06.355 AM] React+   || User: vasyline            || Channel: #pictures-of-the-cats                || emoji=‼️; msg=1421003021441306666
[09/26/2025 01:31:13.566 AM] Message  || User: morganic._.         || Channel: #feeding-team                        || Content: yeah I fed Maintenance 
(the photos hangie posted with the wrong nam...
[09/26/2025 01:31:14.393 AM] Intent   || feed_update               ||                                               || station=Maintenance; dates=['2025-09-26']
[09/26/2025 01:31:16.118 AM] Action   || Name: sheet_mark          || Trigger: station=Maintenance date=2025-09-26  || Output: ok
[09/26/2025 01:31:16.119 AM] Action   || Name: feed_update         || Trigger: station=Maintenance; dates=2025-0... || Output: ok
[09/26/2025 01:44:07.008 AM] React+   || User: cici4f3             || Channel: #itty-bitty-kitty-commitee           || emoji=❤️; msg="Guys the cat by my apartment complex fin..." by zoe.cronin
[09/26/2025 02:09:59.993 AM] Action   || Name: profiles_schedul... || Trigger:                                      || Output: 'X' object has no attribute 'guild'
[09/26/2025 02:10:00.009 AM] Action   || Name: profiles_schedul... || Trigger:                                      || Output: 'X' object has no attribute 'guild'
