[08/20/2025, 01:05:57 PM] System: TomCat Online
[08/20/2025, 01:06:14 PM] Jacob [Fundraising Officer] in channel: pictures-of-the-cats: sometimes i think he forgets he has one
[08/20/2025, 01:06:24 PM] Jacob [Fundraising Officer] in channel: pictures-of-the-cats: even though it's right there
[08/20/2025, 01:06:24 PM] kazius [membership+fundraising] in channel: pictures-of-the-cats: right
[08/20/2025, 01:06:32 PM] kazius [membership+fundraising] in channel: pictures-of-the-cats: i saw him earljer and wish i had time to visit
[08/20/2025, 01:20:07 PM] mckayla [retired] in channel: purrley-pawsitive-pussy-pals: god men need to experience more shame
[08/20/2025, 01:20:23 PM] Reaction: coziiDruid added ‼️ on message 1407791322256900106
[08/20/2025, 01:20:41 PM] Reaction: Rambone added ‼️ on message 1407791322256900106
[08/20/2025, 01:20:52 PM] mckayla [retired] in channel: purrley-pawsitive-pussy-pals: cannot believe i had to risk my car and safety so a mf who UNDOUBTEDLY SAW ME WAITING for that parking spot wouldn’t t bone me
[08/20/2025, 01:21:24 PM] mckayla [retired] in channel: purrley-pawsitive-pussy-pals: crimes i would commit to never have to do that again. multitudinous
[08/20/2025, 01:22:11 PM] Jacob [Fundraising Officer] in channel: purrley-pawsitive-pussy-pals: murder
[08/20/2025, 01:22:34 PM] mckayla [retired] in channel: purrley-pawsitive-pussy-pals: the girl who pulled out of the parking spot had a very cutesy car and i almost killed a man for it
[08/20/2025, 01:22:58 PM] mckayla [retired] in channel: purrley-pawsitive-pussy-pals: y’all r lucky i love u all enough to be on campus rn
[08/20/2025, 01:25:39 PM] miranda in channel: pictures-of-the-cats: maybe he thinks it's stinky and wants us to wash it
[08/20/2025, 01:27:26 PM] felix in channel: pictures-of-the-cats: where is microwave usually?
[08/20/2025, 01:29:33 PM] Megan [Feeding Head & PR] in channel: purrley-pawsitive-pussy-pals: Someone is moving around campus by way of rollerskates
[08/20/2025, 01:33:13 PM] Reaction: nostalgicsapphic added 🔥 on message 1407793697533329541
[08/20/2025, 01:35:32 PM] Reaction: austinbaustinb added 🔥 on message 1407793697533329541
[08/20/2025, 01:44:41 PM] Reaction: kaz added ‼️ on message 1407791322256900106
[08/20/2025, 01:44:57 PM] kazius [membership+fundraising] in channel: purrley-pawsitive-pussy-pals: me here soon
[08/20/2025, 01:46:24 PM] miranda in channel: pictures-of-the-cats: Near the picnic tables between ransom and the planetarium building or in the bushes Infront of ransom hall
[08/20/2025, 01:46:33 PM] miranda in channel: pictures-of-the-cats: Or in the alley between the two chemistry buildings
[08/20/2025, 01:46:40 PM] Reaction: felix added ❤️ on message 1407797937190207518
[08/20/2025, 01:47:04 PM] miranda in channel: pictures-of-the-cats: He doesn't wander that far until it's evening and he's needy
[08/20/2025, 01:47:28 PM] miranda in channel: pictures-of-the-cats: But if you visit him when he wants attention he's followed us to Arlington hall and the life science building before
[08/20/2025, 01:49:34 PM] felix in channel: pictures-of-the-cats: aww
[08/20/2025, 01:49:50 PM] Reaction: Rambone added 🔥 on message 1407793697533329541
[08/20/2025, 02:02:25 PM] System: TomCat Online
[08/20/2025, 02:06:42 PM] kazius [membership+fundraising] in channel: executive-board: no!
[08/20/2025, 02:10:22 PM] Acacia [Pencil’s #1 luvr] 🐙 in channel: pictures-of-the-cats: 
[08/20/2025, 02:10:31 PM] Acacia [Pencil’s #1 luvr] 🐙 in channel: pictures-of-the-cats: el oh el i was abt to say this bum aint even in his bed
[08/20/2025, 02:15:40 PM] Acacia [Pencil’s #1 luvr] 🐙 in channel: itty-bitty-kitty-commitee: 
[08/20/2025, 02:15:58 PM] Reaction: Rambone added ‼️ on message 1407805306859163749
[08/20/2025, 02:16:14 PM] kcreepertux04 in channel: yapper-committee: fr
[08/20/2025, 10:46:34 PM] System: TomCat Online
[08/20/2025, 10:50:57 PM] Ben in channel: yapper-committee: can I send a pic of my food bag in the GC tomorrow?
[08/20/2025, 10:59:56 PM] Reaction: 🇵🇸MARCEL! added 🚗 on message 1027254815102881882
[08/20/2025, 11:07:07 PM] Reaction: Rambone added ❤️ on message 1407912848180645991
[08/20/2025, 11:07:29 PM] Reaction: Rambone added 😆 on message 1407929631251763394
[08/20/2025, 11:08:58 PM] kazius [membership+fundraising] in channel: yapper-committee: ya
[08/20/2025, 11:09:22 PM] Ben in channel: yapper-committee: Yay
[08/20/2025, 11:15:41 PM] Reaction: Rambone added 🔥 on message 1407895048988659792
