[08/22/2025, 07:09:15 PM] System: TomCat Online
[08/22/2025, 07:09:20 PM] Reaction: Megan ;) added 🔥 on message 1408603842857402480
[08/22/2025, 07:09:46 PM] Derek [TNR] in channel: executive-board: did we wanna go nab that kitten
[08/22/2025, 07:09:47 PM] Megan [Feeding Head & PR] in channel: feeding-team: Unsure abt that yet
[08/22/2025, 07:09:56 PM] Derek [TNR] in channel: executive-board: Cause if we did I'd need to go to the storage room
[08/22/2025, 07:09:56 PM] Reaction: kaz added 🔥 on message 1408603842857402480
[08/22/2025, 07:10:02 PM] Derek [TNR] in channel: executive-board: But I know how u feel about going there alone
[08/22/2025, 07:10:06 PM] kazius [membership+fundraising] in channel: purrley-pawsitive-pussy-pals: WHAT?????????????????
[08/22/2025, 07:10:10 PM] kazius [membership+fundraising] in channel: purrley-pawsitive-pussy-pals: WHATTTTTT.??/?÷??÷?%?=*÷*÷*÷*÷
[08/22/2025, 07:10:18 PM] Derek [TNR] in channel: executive-board: I also wanted to go get the microchip scanner but j doubt that kitten has a chip since it's sooooo young
[08/22/2025, 07:10:30 PM] Megan [Feeding Head & PR] in channel: executive-board: Do we have someone to hold it
[08/22/2025, 07:10:32 PM] Reaction: darek added 🔥 on message 1408603842857402480
[08/22/2025, 07:10:47 PM] kazius [membership+fundraising] in channel: executive-board: roach yes ?
[08/22/2025, 07:10:49 PM] Austin B [Records Director] in channel: feeding-team: yea both me and the wife. the one week we had mr burns was really something
[08/22/2025, 07:10:50 PM] Reaction: nostalgicsapphic added ‼️ on message 1408604192519487550
[08/22/2025, 07:10:52 PM] Derek [TNR] in channel: executive-board: ^
[08/22/2025, 07:10:52 PM] mckayla [retired] in channel: purrley-pawsitive-pussy-pals: right.
[08/22/2025, 07:10:59 PM] mckayla [retired] in channel: purrley-pawsitive-pussy-pals: this job. man. this job
[08/22/2025, 07:11:00 PM] Austin B [Records Director] in channel: feeding-team: however cats are cute and they walk around like they got errands and its funny
[08/22/2025, 07:11:05 PM] Derek [TNR] in channel: executive-board: they will also be holding the kitties for recovery on Saturday til Sunday
[08/22/2025, 07:11:12 PM] kazius [membership+fundraising] in channel: purrley-pawsitive-pussy-pals: actually fucking insane
[08/22/2025, 07:11:20 PM] Megan [Feeding Head & PR] in channel: executive-board: Okay coolio
[08/22/2025, 07:11:31 PM] Reaction: nostalgicsapphic added ‼️ on message 1408604454290329691
[08/22/2025, 07:14:01 PM] Ben in channel: feeding-team: My biggest fear at zen is Zee if anything t because she’s an absolute fucking asshat to the other cats 😭
[08/22/2025, 07:14:22 PM] Reaction: Kitadan added 😭 on message 1408601592479088660
[08/22/2025, 07:14:30 PM] Cici in channel: feeding-team: poor little thing :(
[08/22/2025, 07:14:56 PM] kazius [membership+fundraising] in channel: purrley-pawsitive-pussy-pals: do i watch twilight or pitch perfect
[08/22/2025, 07:15:11 PM] mckayla [retired] in channel: purrley-pawsitive-pussy-pals: pitch perfect
[08/22/2025, 07:15:26 PM] Kitadan in channel: feeding-team: I'd have to take a look.
[08/22/2025, 07:15:41 PM] kazius [membership+fundraising] in channel: purrley-pawsitive-pussy-pals: ty mck
[08/22/2025, 07:15:51 PM] mckayla [retired] in channel: purrley-pawsitive-pussy-pals: always🥳
[08/22/2025, 07:16:04 PM] kazius [membership+fundraising] in channel: purrley-pawsitive-pussy-pals: my head is so full and so empty
[08/22/2025, 07:16:04 PM] kazius [membership+fundraising] in channel: purrley-pawsitive-pussy-pals: gah
[08/22/2025, 07:16:13 PM] Reaction: nostalgicsapphic added 😭 on message 1408605671343259719
[08/22/2025, 07:16:39 PM] Ben in channel: feeding-team: They’re probably a fraction of the size of Olive
[08/22/2025, 07:16:44 PM] Ben in channel: feeding-team: And they’re also able to be pet
[08/22/2025, 07:16:53 PM] Ben in channel: feeding-team: Noirs kittens are skittish as hell I think
[08/22/2025, 07:16:57 PM] kazius [membership+fundraising] in channel: purrley-pawsitive-pussy-pals: oh shut up guys
[08/22/2025, 07:17:09 PM] kazius [membership+fundraising] in channel: purrley-pawsitive-pussy-pals: im gonna actually explode like a roblox avatar
[08/22/2025, 07:17:24 PM] kazius [membership+fundraising] in channel: purrley-pawsitive-pussy-pals: i think this is my third or fourth dodie mention/interaction in my lifetime
[08/22/2025, 07:18:14 PM] Reaction: nostalgicsapphic added 🔥 on message 1408606012729983089
[08/22/2025, 07:18:23 PM] mckayla [retired] in channel: purrley-pawsitive-pussy-pals: hell yeah !!!! mckayla mention as well >:3
[08/22/2025, 07:18:28 PM] Austin B [Records Director] in channel: purrley-pawsitive-pussy-pals: doodie
[08/22/2025, 07:18:34 PM] Reaction: kaz added ‼️ on message 1408606260164690081
[08/22/2025, 07:18:38 PM] kazius [membership+fundraising] in channel: purrley-pawsitive-pussy-pals: >:(
[08/22/2025, 07:18:39 PM] MessageDelete: ID 1408606282751017042
[08/22/2025, 07:18:41 PM] kazius [membership+fundraising] in channel: purrley-pawsitive-pussy-pals: hehehehe always
[08/22/2025, 07:18:41 PM] Austin B [Records Director] in channel: purrley-pawsitive-pussy-pals: who said that
[08/22/2025, 07:18:45 PM] kazius [membership+fundraising] in channel: purrley-pawsitive-pussy-pals: LMFAO
[08/22/2025, 07:19:36 PM] miranda in channel: feeding-team: Or get the special cat food made with the eggs from chickens raised with cats
[08/22/2025, 07:20:58 PM] Austin B [Records Director] in channel: feeding-team: This is crazy to me that we have the tech to do this. i wish this was available recreationally like i really do not want allergies for anything at all
[08/22/2025, 07:21:58 PM] Derek [TNR] in channel: feeding-team: Purina live clear!! Iirc
[08/22/2025, 07:22:05 PM] Ben in channel: feeding-team: Ginger is hissing at them 🙁
[08/22/2025, 07:22:14 PM] miranda in channel: feeding-team: :(
[08/22/2025, 07:25:23 PM] Derek [TNR] in channel: purrley-pawsitive-pussy-pals: fire post austin
[08/22/2025, 07:27:22 PM] Ben in channel: feeding-team: While it isn’t the greatest idea the cats there seem to be super accepting of newcomers
[08/22/2025, 07:27:38 PM] Ben in channel: feeding-team: Or moreso I think
[08/22/2025, 07:30:39 PM] Reaction: pointzero added ❤️ on message 1408594060192649298
[08/22/2025, 07:31:12 PM] kazius [membership+fundraising] in channel: feeding-team: we carry it at my location now!!
[08/22/2025, 07:32:36 PM] Reaction: austinbaustinb added ❤️ on message 1408608023747760128
[08/22/2025, 07:34:03 PM] austinbaustinb in channel: thomas-cat-sandbox: meow
[08/22/2025, 07:34:06 PM] austinbaustinb in channel: thomas-cat-sandbox: tomcat silent mode
[08/22/2025, 07:38:56 PM] austinbaustinb in channel: thomas-cat-sandbox: meow
[08/22/2025, 07:40:25 PM] Ben in channel: feeding-team: Mkz has been fed. The kittens hiding in these branches, I really hope she will be ok
[08/22/2025, 07:40:40 PM] miranda in channel: feeding-team: amazing camouflage
[08/22/2025, 07:42:25 PM] Ben in channel: report-new-cats: Someone’s dumped a kitten at Zen. Quite friendly and playful, but seems to be having trouble integrating at the moment. Found her hiding 🙈 n the feeding station. I’m thinking avocado, since she’s just a little girl
[08/22/2025, 07:42:34 PM] MessageEdit: ID 1408612308824883211
  Before: Someone’s dumped a kitten at Zen. Quite friendly and playful, but seems to be having trouble integrating at the moment. Found her hiding 🙈 n the feeding station. I’m thinking avocado, since she’s just a little girl
  After:  Someone’s dumped a kitten at Zen. Quite friendly and playful, but seems to be having trouble integrating at the moment. Found her hiding in the feeding station. I’m thinking avocado, since she’s just a little girl
[08/22/2025, 07:46:46 PM] miranda in channel: report-new-cats: ava 🥹
[08/22/2025, 07:46:52 PM] Reaction: void_now added 💜 on message 1408613405128130641
[08/22/2025, 07:47:46 PM] Ben in channel: report-new-cats: I love it
[08/22/2025, 07:48:39 PM] Megan [Feeding Head & PR] in channel: purrley-pawsitive-pussy-pals: 
[08/22/2025, 07:49:40 PM] miranda in channel: feeding-team: tomcat what stations have been fed
[08/22/2025, 07:51:23 PM] miranda in channel: feeding-team: snickers fed mr tomcat
[08/22/2025, 07:52:08 PM] Austin B [Records Director] in channel: purrley-pawsitive-pussy-pals: Why's it always west campus
[08/22/2025, 07:52:50 PM] Megan [Feeding Head & PR] in channel: executive-board: Derek im omw
[08/22/2025, 07:54:03 PM] MessageEdit: ID 1408252842082570382
  Before: [Content not cached]
  After:  
[08/22/2025, 07:54:03 PM] nick [vp of all cats] in channel: executive-board: 
[08/22/2025, 07:55:52 PM] miranda in channel: pictures-of-the-cats: 🎵 SHES FEELING CUNT
[08/22/2025, 07:58:47 PM] Axel in channel: feeding-team: <a:ohno:1116007383802597497>
[08/22/2025, 08:08:28 PM] Reaction: Kitadan added 💜 on message 1408613405128130641
[08/22/2025, 08:09:07 PM] Kitadan in channel: feeding-team: Is the small metal bowl missing from Zen?
[08/22/2025, 08:11:20 PM] Ben in channel: feeding-team: No
[08/22/2025, 08:11:24 PM] Ben in channel: feeding-team: I saw it there tonight
[08/22/2025, 08:11:43 PM] Kitadan in channel: report-new-cats: Definitely not Butter
[08/22/2025, 08:12:18 PM] System: TomCat Online
[08/22/2025, 08:12:27 PM] austinbaustinb in channel: thomas-cat-sandbox: meow
[08/22/2025, 08:35:56 PM] Event | {"ts": "2025-08-23T01:35:56.920105+00:00", "event": "ready", "bot": "Tom Cat#8337"}
[08/22/2025, 08:36:11 PM] Message | User: miranda | Channel: itty-bitty-kitty-commitee | Content: i have laid in the grass near microwaves house, shoved myself between lots of bushes, ran around chasing microwave that one night behind the library, got weirded out by some homeless lady at zen, and probably more just for the kitty cats
[08/22/2025, 08:36:20 PM] Event | {"ts": "2025-08-23T01:36:20.724058+00:00", "event": "reaction_add", "user_id": 356861356051529750, "user_name": "kaz", "message_id": 1408625838613860402, "emoji": "😭", "channel_id": 551082419768393731}
[08/22/2025, 08:36:48 PM] Message | User: ari | Channel: itty-bitty-kitty-commitee | Content: LMAOO
[08/22/2025, 08:36:52 PM] Message | User: ari | Channel: itty-bitty-kitty-commitee | Content: im just so scared
[08/22/2025, 08:37:00 PM] Message | User: ari | Channel: itty-bitty-kitty-commitee | Content: me and my darm google maps
[08/22/2025, 08:37:07 PM] Event | {"ts": "2025-08-23T01:37:07.499194+00:00", "event": "message_edit", "id": 1408626046907191406, "channel_id": 551082419768393731, "before": "me and my darm google maps", "after": "me and my darn google maps"}
[08/22/2025, 08:37:13 PM] Message | User: ari | Channel: itty-bitty-kitty-commitee | Content: idk where tf i be goin...
[08/22/2025, 08:37:28 PM] Message | User: kazius [membership+fundraising] | Channel: itty-bitty-kitty-commitee | Content: we r plotting a field trip to show yall most of the main campus kitties
[08/22/2025, 08:37:31 PM] Message | User: ari | Channel: itty-bitty-kitty-commitee | Content: yes pls
[08/22/2025, 08:37:34 PM] Message | User: ari | Channel: itty-bitty-kitty-commitee | Content: lemme come
[08/22/2025, 08:37:39 PM] Message | User: kazius [membership+fundraising] | Channel: itty-bitty-kitty-commitee | Content: but heat and also time and also i hate exercise
[08/22/2025, 08:37:43 PM] Message | User: ari | Channel: itty-bitty-kitty-commitee | Content: plotting<:evilook:933102011124187166>
[08/22/2025, 08:37:47 PM] Message | User: ari | Channel: itty-bitty-kitty-commitee | Content: me
[08/22/2025, 08:38:03 PM] Message | User: miranda | Channel: itty-bitty-kitty-commitee | Content: i HAD made paw prints to microwaves house where i did like a gazillion squats to draw it... just for it to be gone the next day
[08/22/2025, 08:38:14 PM] Message | User: kazius [membership+fundraising] | Channel: itty-bitty-kitty-commitee | Content: yeah </3
[08/22/2025, 08:38:16 PM] Event | {"ts": "2025-08-23T01:38:16.756653+00:00", "event": "reaction_add", "user_id": 528421517592363008, "user_name": "SimplyShadow17", "message_id": 1408625011865948242, "emoji": "‼️", "channel_id": 551082419768393731}
[08/22/2025, 08:38:17 PM] Message | User: kazius [membership+fundraising] | Channel: itty-bitty-kitty-commitee | Content: it made me sad
[08/22/2025, 08:38:21 PM] Message | User: Kitadan | Channel: report-new-cats | Content: I've already left.  Also the normal Zen cats seem to be keeping a distance at this point.
[08/22/2025, 08:38:24 PM] Message | User: ari | Channel: itty-bitty-kitty-commitee | Content: BRO
[08/22/2025, 08:38:25 PM] Event | {"ts": "2025-08-23T01:38:25.514238+00:00", "event": "reaction_add", "user_id": 528421517592363008, "user_name": "SimplyShadow17", "message_id": 1408625452641292370, "emoji": "😆", "channel_id": 551082419768393731}
[08/22/2025, 08:38:26 PM] Event | {"ts": "2025-08-23T01:38:26.057190+00:00", "event": "reaction_add", "user_id": 528421517592363008, "user_name": "SimplyShadow17", "message_id": 1408625452641292370, "emoji": "‼️", "channel_id": 551082419768393731}
[08/22/2025, 08:38:29 PM] Message | User: ari | Channel: itty-bitty-kitty-commitee | Content: I WAS LOOKING FOR THEM
[08/22/2025, 08:38:30 PM] Message | User: kazius [membership+fundraising] | Channel: itty-bitty-kitty-commitee | Content: but yes once jesse and i get together on that we will make an announcement!
[08/22/2025, 08:38:35 PM] Message | User: ari | Channel: itty-bitty-kitty-commitee | Content: no wonder i couldnt see it
[08/22/2025, 08:38:36 PM] Event | {"ts": "2025-08-23T01:38:36.643741+00:00", "event": "reaction_add", "user_id": 528421517592363008, "user_name": "SimplyShadow17", "message_id": 1408625838613860402, "emoji": "😭", "channel_id": 551082419768393731}
[08/22/2025, 08:38:41 PM] Message | User: kazius [membership+fundraising] | Channel: report-new-cats | Content: ty anyway <3<3<3 appreciate it lot
[08/22/2025, 08:38:41 PM] Message | User: miranda | Channel: itty-bitty-kitty-commitee | Content: my legs were literally burning until like yesterday... all that effort... smh
[08/22/2025, 08:39:06 PM] Message | User: ari | Channel: itty-bitty-kitty-commitee | Content: i first saw this club my senior year of hs and was like "i need to join this club asap"
[08/22/2025, 08:39:39 PM] Message | User: ari | Channel: itty-bitty-kitty-commitee | Content: very kewl
[08/22/2025, 08:39:41 PM] Message | User: kazius [membership+fundraising] | Channel: itty-bitty-kitty-commitee | Content: real
[08/22/2025, 08:39:50 PM] Message | User: kazius [membership+fundraising] | Channel: itty-bitty-kitty-commitee | Content: i decided on uta when i saw michael on the subreddit
[08/22/2025, 08:39:59 PM] Message | User: miranda | Channel: bot-spam | Content: tomcat show me eden
[08/22/2025, 08:39:59 PM] Event | {"ts": "2025-08-23T01:39:59.188370+00:00", "event": "intent", "type": "cat_show", "args": {"name": "eden"}, "msg_id": 1408626793690300456}
[08/22/2025, 08:40:00 PM] handle_cat_show | Trigger: name=eden | Output: sent profile
[08/22/2025, 08:40:32 PM] Message | User: kazius [membership+fundraising] | Channel: itty-bitty-kitty-commitee | Content: didnt expect to join the officer team but back when derek jacob and i became officers this server was pretty dead besides us 💀 noy entirely but we were yappers asf.  i submitted my form the like day it was due
[08/22/2025, 08:40:51 PM] Message | User: miranda | Channel: bot-spam | Content: yes definitely eden in the trap
[08/22/2025, 08:40:54 PM] Message | User: kazius [membership+fundraising] | Channel: itty-bitty-kitty-commitee | Content: def changed my life in such a good way tho and ive been soooooo so happy to see so many people join the club/become so active in the server as well
[08/22/2025, 08:40:57 PM] Message | User: kazius [membership+fundraising] | Channel: itty-bitty-kitty-commitee | Content: very relieving
[08/22/2025, 08:41:03 PM] Message | User: Austin B [Records Director] | Channel: bot-spam | Content: i apologize for the double respone im running a couple tests rn and literally one of them is a "silent mode"
[08/22/2025, 08:41:07 PM] Message | User: Austin B [Records Director] | Channel: bot-spam | Content: which as u can tell is not working
[08/22/2025, 08:41:14 PM] Message | User: miranda | Channel: bot-spam | Content: i do nawt care brother its okay
[08/22/2025, 08:41:19 PM] Event | {"ts": "2025-08-23T01:41:19.014365+00:00", "event": "reaction_add", "user_id": 624440365595754496, "user_name": "austinbaustinb", "message_id": 1408627109680906293, "emoji": "❤️", "channel_id": 956398865421074462}
[08/22/2025, 08:41:25 PM] Message | User: miranda | Channel: bot-spam | Content: OMG this one is so cute
[08/22/2025, 08:41:30 PM] Message | User: ari | Channel: itty-bitty-kitty-commitee | Content: yayyyyy
[08/22/2025, 08:41:50 PM] Message | User: ari | Channel: itty-bitty-kitty-commitee | Content: i love it  sm
[08/22/2025, 08:42:50 PM] Message | User: kazius [membership+fundraising] | Channel: itty-bitty-kitty-commitee | Content: yassssss
[08/22/2025, 08:42:57 PM] Message | User: cel [head wench] | Channel: logging | Content: uhm
[08/22/2025, 08:42:59 PM] Message | User: kazius [membership+fundraising] | Channel: itty-bitty-kitty-commitee | Content: very excited to host more events for yall!!!
[08/22/2025, 08:44:20 PM] Message | User: Austin B [Records Director] | Channel: logging | Content: what the fuck
[08/22/2025, 08:51:26 PM] Event | {"ts": "2025-08-23T01:51:26.406543+00:00", "event": "ready", "bot": "Tom Cat#8337"}
[08/22/2025, 08:51:38 PM] Message | User: Austin B [Records Director] | Channel: logging | Content: test
[08/22/2025, 08:51:41 PM] Message | User: Austin B [Records Director] | Channel: logging | Content: tomcat silent mode
[08/22/2025, 08:51:42 PM] Event | {"ts": "2025-08-23T01:51:42.092894+00:00", "event": "intent", "type": "silent_mode", "args": {}, "msg_id": 1408629741556334714}
[08/22/2025, 08:51:42 PM] silent_mode_denied | Trigger: user=624440365595754496 | Output: unauthorized
[08/22/2025, 08:57:27 PM] Event | {"ts": "2025-08-23T01:57:27.717803+00:00", "event": "ready", "bot": "Tom Cat#8337"}
[08/22/2025, 08:57:43 PM] Event | {"ts": "2025-08-23T01:57:43.811692+00:00", "event": "reaction_add", "user_id": 607002156247154688, "user_name": "nostalgicsapphic", "message_id": 1408630645726642357, "emoji": "😆", "channel_id": 830643125784412181}
[08/22/2025, 08:57:50 PM] Message | User: austinbaustinb | Channel: thomas-cat-sandbox | Content: test
[08/22/2025, 09:02:26 PM] Event | {"ts": "2025-08-23T02:02:26.030049+00:00", "event": "ready", "bot": "Tom Cat#8337"}
[08/22/2025, 09:02:39 PM] Message | User: austinbaustinb | Channel: thomas-cat-sandbox | Content: bouta go on a 3 year long walk if this one still shows
[08/22/2025, 09:06:20 PM] System | Bot ready: Tom Cat#8337
[08/22/2025, 09:07:13 PM] System | Bot ready: Tom Cat#8337
[08/22/2025, 09:07:33 PM] Message | User: austinbaustinb | Channel: thomas-cat-sandbox | Content: test
[08/22/2025, 09:07:36 PM] Message | User: austinbaustinb | Channel: thomas-cat-sandbox | Content: meow
[08/22/2025, 09:35:42 PM] System | Bot ready: Tom Cat#8337
[08/22/2025, 09:35:44 PM] Event | ROSTER_FETCH_FAIL | error=Members
[08/22/2025, 09:35:46 PM] Message | User: mckayla [retired] | Channel: purrley-pawsitive-pussy-pals | Content: just got a compliment on my hair i love women🔥🔥🔥🔥🔥
[08/22/2025, 09:35:56 PM] Event | REACTION_ADD | user_id=356861356051529750, user_name=kaz, message_id=1408640835796336660, emoji=🎉, channel_id=830643125784412181
[08/22/2025, 09:36:04 PM] Message | User: kazius [membership+fundraising] | Channel: purrley-pawsitive-pussy-pals | Content: YASSSSSSSSSSSSSS
[08/22/2025, 09:36:17 PM] Message | User: kazius [membership+fundraising] | Channel: purrley-pawsitive-pussy-pals | Content: im so happy for u like yes i did ur haircut but also it rly does look so perfect on u
[08/22/2025, 09:36:25 PM] Event | REACTION_ADD | user_id=607002156247154688, user_name=nostalgicsapphic, message_id=1408640965563912263, emoji=🫶, channel_id=830643125784412181
[08/22/2025, 09:36:27 PM] Message | User: kazius [membership+fundraising] | Channel: purrley-pawsitive-pussy-pals | Content: suits ur style n ur face shape soooo well
[08/22/2025, 09:36:37 PM] Message | User: mckayla [retired] | Channel: purrley-pawsitive-pussy-pals | Content: i looooove telling ppl my friend cut it❤️>:3
[08/22/2025, 09:36:42 PM] Event | REACTION_ADD | user_id=607002156247154688, user_name=nostalgicsapphic, message_id=1408641005770641489, emoji=❤️, channel_id=830643125784412181
[08/22/2025, 09:36:43 PM] Event | REACTION_ADD | user_id=356861356051529750, user_name=kaz, message_id=1408641047265022055, emoji=❤️, channel_id=830643125784412181
[08/22/2025, 09:36:48 PM] Message | User: kazius [membership+fundraising] | Channel: purrley-pawsitive-pussy-pals | Content: hehehehehehe >:3
[08/22/2025, 09:36:48 PM] Event | REACTION_ADD | user_id=607002156247154688, user_name=nostalgicsapphic, message_id=1408640965563912263, emoji=❤️, channel_id=830643125784412181
[08/22/2025, 09:37:21 PM] Event | REACTION_ADD | user_id=607002156247154688, user_name=nostalgicsapphic, message_id=1408635765256355902, emoji=‼️, channel_id=842975801934217276
[08/22/2025, 09:38:15 PM] Event | REACTION_ADD | user_id=624440365595754496, user_name=austinbaustinb, message_id=1408635765256355902, emoji=❤️, channel_id=842975801934217276
[08/22/2025, 09:57:41 PM] Message | User: Nick [pencil's #1 hater] | Channel: pet-pictures | Content: 
[08/22/2025, 09:57:48 PM] Message | User: Nick [pencil's #1 hater] | Channel: pet-pictures | Content: To think a week ago she was scared of me
[08/22/2025, 10:44:09 PM] Event | {"ts": "2025-08-23T03:44:09.893325+00:00", "event": "dues_loop_error", "error": "Membership Application List"}
[08/22/2025, 10:44:51 PM] Message | User: austinbaustinb#0 | Channel: None | Content: None
[08/22/2025, 10:44:51 PM] handle_misc | Trigger: trigger=\bmeow\b | Output: mrrp?
[08/22/2025, 10:45:14 PM] Message | User: austinbaustinb#0 | Channel: None | Content: None
[08/22/2025, 10:45:24 PM] Message | User: austinbaustinb#0 | Channel: None | Content: None
[08/22/2025, 10:45:24 PM] handle_misc | Trigger: trigger=\bmeow\b | Output: *stretches*
[08/22/2025, 10:52:14 PM] Message | User: a1darek#0 | Channel: None | Content: None
[08/22/2025, 10:55:50 PM] Message | User: m_digio#0 | Channel: None | Content: None
[08/22/2025, 10:55:58 PM] Message | User: m_digio#0 | Channel: None | Content: None
[08/22/2025, 10:57:09 PM] online | Trigger: boot | Output: TomCat VI online
[08/22/2025, 10:57:09 PM] Event | {"ts": "2025-08-23T03:57:09.795359+00:00", "event": "online", "user": "Tom Cat#8337", "guild_count": 2}
[08/22/2025, 10:57:24 PM] Message | User: austinbaustinb (@austinbaustinb) | Channel: #thomas-cat-sandbox | Content: None
[08/22/2025, 10:57:24 PM] handle_misc | Trigger: trigger=meow | Output: meow meow
[08/22/2025, 10:57:56 PM] Message | User: austinbaustinb (@austinbaustinb) | Channel: #thomas-cat-sandbox | Content: None
[08/22/2025, 10:58:14 PM] Message | User: austinbaustinb (@austinbaustinb) | Channel: #thomas-cat-sandbox | Content: None
[08/22/2025, 10:58:14 PM] silent_mode_denied | Trigger: user=624440365595754496 | Output: unauthorized
[08/22/2025, 10:58:36 PM] Message | User: miranda (@adeyumii) | Channel: #pictures-of-the-cats | Content: None
[08/22/2025, 10:59:25 PM] Message | User: Atlas ᓚᘏᗢ (@simplyshadow171295) | Channel: #pictures-of-the-cats | Content: None
[08/22/2025, 11:10:17 PM] Message | User: Ben (@void_now) | Channel: #pictures-of-the-cats | Content: None
[08/22/2025, 11:10:26 PM] Message | User: Ben (@void_now) | Channel: #pictures-of-the-cats | Content: None
[08/22/2025, 11:10:33 PM] Message | User: Ben (@void_now) | Channel: #pictures-of-the-cats | Content: None
[08/22/2025, 11:13:27 PM] Message | User: Ben (@void_now) | Channel: #pictures-of-the-cats | Content: None
[08/22/2025, 11:13:51 PM] Message | User: Atlas ᓚᘏᗢ (@simplyshadow171295) | Channel: #pictures-of-the-cats | Content: None
[08/22/2025, 11:16:24 PM] online | Trigger: boot | Output: TomCat VI online
[08/22/2025, 11:16:24 PM] ONLINE | Tom Cat#8337 in 2 guild(s)
[08/22/2025, 11:16:59 PM] Message | User: austinbaustinb (@austinbaustinb) | Channel: #thomas-cat-sandbox | Content: Meow
[08/22/2025, 11:16:59 PM] handle_misc | Trigger: trigger=Meow | Output: meow? :3
[08/22/2025, 11:17:11 PM] Message | User: austinbaustinb (@austinbaustinb) | Channel: #thomas-cat-sandbox | Content: Tomcat show me microwave
[08/22/2025, 11:17:29 PM] Message | User: austinbaustinb (@austinbaustinb) | Channel: #thomas-cat-sandbox | Content: Tomcat silent mode
[08/22/2025, 11:17:29 PM] silent_mode_toggle | Trigger: user=624440365595754496 | Output: ON
[08/22/2025, 11:17:33 PM] Message | User: austinbaustinb (@austinbaustinb) | Channel: #thomas-cat-sandbox | Content: Meow
[08/22/2025, 11:17:33 PM] handle_misc | Trigger: trigger=Meow | Output: meeeoowww
[08/22/2025, 11:24:34 PM] Message | User: miranda (@adeyumii) | Channel: #itty-bitty-kitty-commitee | Content: Megan Queen of holding kittens so candidly
[08/22/2025, 11:25:32 PM] ONLINE | Tom Cat#8337 in 2 guild(s)
[08/22/2025, 11:25:44 PM] Message | User: austinbaustinb (@austinbaustinb) | Channel: #thomas-cat-sandbox | Content: meow
[08/22/2025, 11:25:44 PM] dispatch | Trigger: intent=misc | Output: handler=_handle_misc_adapter
[08/22/2025, 11:25:45 PM] handle_misc | Trigger: trigger=meow | Output: meow!
[08/22/2025, 11:25:45 PM] handled | Trigger: intent=misc | Output: ok
[08/22/2025, 11:25:49 PM] Message | User: austinbaustinb (@austinbaustinb) | Channel: #thomas-cat-sandbox | Content: tomcat show me microwave
[08/22/2025, 11:25:49 PM] dispatch | Trigger: intent=cat_show | Output: handler=handle_cat_show
[08/22/2025, 11:25:51 PM] handle_cat_show | Trigger: name=1. Microwave | Output: sending embed
[08/22/2025, 11:25:51 PM] handled | Trigger: intent=cat_show | Output: ok
[08/22/2025, 11:25:55 PM] Message | User: austinbaustinb (@austinbaustinb) | Channel: #thomas-cat-sandbox | Content: tomcat silent mode
[08/22/2025, 11:25:55 PM] dispatch | Trigger: intent=silent_mode | Output: handler=handle_silent_mode
[08/22/2025, 11:25:55 PM] silent_mode_toggle | Trigger: user=624440365595754496 | Output: enabled
[08/22/2025, 11:25:55 PM] handled | Trigger: intent=silent_mode | Output: ok
[08/22/2025, 11:25:59 PM] Message | User: austinbaustinb (@austinbaustinb) | Channel: #thomas-cat-sandbox | Content: meow
[08/22/2025, 11:25:59 PM] dispatch | Trigger: intent=misc | Output: handler=_handle_misc_adapter
[08/22/2025, 11:26:00 PM] handle_misc | Trigger: trigger=meow | Output: meow meow
[08/22/2025, 11:26:00 PM] handled | Trigger: intent=misc | Output: ok
[08/22/2025, 11:26:07 PM] Message | User: Derek [TNR] (@a1darek) | Channel: #feeding-team | Content: grrrrr i fed lot 50 raahhhh
[08/22/2025, 11:26:07 PM] dispatch | Trigger: intent=misc | Output: handler=_handle_misc_adapter
[08/22/2025, 11:26:07 PM] handled | Trigger: intent=misc | Output: ok
[08/22/2025, 11:26:51 PM] Message | User: miranda (@adeyumii) | Channel: #pictures-of-the-cats | Content: @stringworm roach enjoyer lots of Ava pics pls
[08/22/2025, 11:28:34 PM] Message | User: Kitadan (@kitadan) | Channel: #pictures-of-the-cats | Content: @Ben please accept that the official name is Avocado but all of us will be using Ava.
[08/22/2025, 11:28:47 PM] Message | User: Ben (@void_now) | Channel: #pictures-of-the-cats | Content: Yes
[08/22/2025, 11:29:06 PM] Message | User: Ben (@void_now) | Channel: #pictures-of-the-cats | Content: Ava is an adorable name
[08/22/2025, 11:29:33 PM] Message | User: Megan [Feeding Head & PR] (@m_digio) | Channel: #pictures-of-the-cats | Content: She's an avocado seed
[08/22/2025, 11:29:33 PM] dispatch | Trigger: intent=misc | Output: handler=_handle_misc_adapter
[08/22/2025, 11:29:33 PM] handled | Trigger: intent=misc | Output: ok
[08/22/2025, 11:29:41 PM] Message | User: Megan [Feeding Head & PR] (@m_digio) | Channel: #pictures-of-the-cats | Content: Tiny little thing
[08/22/2025, 11:29:41 PM] dispatch | Trigger: intent=misc | Output: handler=_handle_misc_adapter
[08/22/2025, 11:29:41 PM] handled | Trigger: intent=misc | Output: ok
[08/22/2025, 11:29:47 PM] Message | User: Megan [Feeding Head & PR] (@m_digio) | Channel: #pictures-of-the-cats | Content: And i think she's a he
[08/22/2025, 11:29:47 PM] dispatch | Trigger: intent=misc | Output: handler=_handle_misc_adapter
[08/22/2025, 11:29:47 PM] handled | Trigger: intent=misc | Output: ok
[08/22/2025, 11:30:15 PM] Message | User: Ben (@void_now) | Channel: #pictures-of-the-cats | Content: Interesting
[08/22/2025, 11:30:25 PM] Message | User: Ben (@void_now) | Channel: #pictures-of-the-cats | Content: I didn't notice any balls but then again they were super young
[08/22/2025, 11:30:29 PM] Message | User: Ben (@void_now) | Channel: #pictures-of-the-cats | Content: fuck you
[08/22/2025, 11:30:31 PM] Message | User: Ben (@void_now) | Channel: #pictures-of-the-cats | Content: piece of hsit
[08/22/2025, 11:30:58 PM] Message | User: miranda (@adeyumii) | Channel: #pictures-of-the-cats | Content: There wasn't a lot of space inbetween but they could be too young still
[08/22/2025, 11:31:21 PM] Message | User: Megan [Feeding Head & PR] (@m_digio) | Channel: #pictures-of-the-cats | Content: Balls wouldnt be visible yet
[08/22/2025, 11:31:21 PM] dispatch | Trigger: intent=misc | Output: handler=_handle_misc_adapter
[08/22/2025, 11:31:21 PM] handled | Trigger: intent=misc | Output: ok
[08/22/2025, 11:31:32 PM] Message | User: stringworm roach enjoyer (@reyesthighs) | Channel: #pictures-of-the-cats | Content: The child is biting me
[08/22/2025, 11:31:32 PM] Message | User: Ben (@void_now) | Channel: #pictures-of-the-cats | Content: Ohh
[08/22/2025, 11:31:34 PM] Message | User: stringworm roach enjoyer (@reyesthighs) | Channel: #pictures-of-the-cats | Content: (no text; attachments=3)
[08/22/2025, 11:31:35 PM] Message | User: Megan [Feeding Head & PR] (@m_digio) | Channel: #pictures-of-the-cats | Content: Hi carbart
[08/22/2025, 11:31:35 PM] dispatch | Trigger: intent=misc | Output: handler=_handle_misc_adapter
[08/22/2025, 11:31:35 PM] handled | Trigger: intent=misc | Output: ok
[08/22/2025, 11:31:40 PM] Message | User: Megan [Feeding Head & PR] (@m_digio) | Channel: #pictures-of-the-cats | Content: CUTE
[08/22/2025, 11:31:40 PM] dispatch | Trigger: intent=misc | Output: handler=_handle_misc_adapter
[08/22/2025, 11:31:40 PM] handled | Trigger: intent=misc | Output: ok
[08/22/2025, 11:31:45 PM] Message | User: Kitadan (@kitadan) | Channel: #pictures-of-the-cats | Content: Nope, got to see both via her being comfortable enough to show me her butthole.
[08/22/2025, 11:31:47 PM] Message | User: Ben (@void_now) | Channel: #pictures-of-the-cats | Content: Carbart, I am gonna rip your skin off and wear it
[08/22/2025, 11:31:56 PM] Message | User: miranda (@adeyumii) | Channel: #pictures-of-the-cats | Content: She was also purring with her whole body megan
[08/22/2025, 11:32:10 PM] Message | User: miranda (@adeyumii) | Channel: #pictures-of-the-cats | Content: she was pressing against the cage hoping to phase out of it terminator style
[08/22/2025, 11:32:33 PM] Message | User: Austin B [Records Director] (@austinbaustinb) | Channel: #feeding-team | Content: 😵‍💫
[08/22/2025, 11:32:33 PM] dispatch | Trigger: intent=misc | Output: handler=_handle_misc_adapter
[08/22/2025, 11:32:33 PM] handled | Trigger: intent=misc | Output: ok
[08/22/2025, 11:59:14 PM] ONLINE | Tom Cat#8337 in 2 guild(s)
[08/22/2025, 11:59:14 PM] Event | {"event": "dues_loop_error", "error": "'Settings' object has no attribute 'sheet_vision_id'"}
