[08/25/2025 12:07:34.589 AM] Message  || User: gupguppy            || Channel: #logging                             || Content: (no text; attachments=0)
[08/25/2025 12:09:52.453 AM] Message  || User: marciepoo143        || Channel: #bot-spam                            || Content: spoils for letters And nsfw-ish but i saw the first two letters light up green and i got so excited thinking my stupid guess was right 😭
[08/25/2025 12:10:07.018 AM] Message  || User: kcreepertux04       || Channel: #bot-spam                            || Content: LMFAO
[08/25/2025 12:10:21.402 AM] Message  || User: kcreepertux04       || Channel: #bot-spam                            || Content: I literally just started guessing letters at the end and guessed a word I can’t even find the definition for
[08/25/2025 12:10:51.335 AM] Message  || User: kcreepertux04       || Channel: #bot-spam                            || Content: ||like i tried googling tirth and got nothing|| ALSO ||MIRTH? TF?? WHAT IS THAT WORD?? Can we go back to having real words plz||
[08/25/2025 12:12:18.586 AM] Message  || User: marciepoo143        || Channel: #bot-spam                            || Content: I LIKE THAT WORD ||its means to be Jolly and Merry and Happy ❤️||
[08/25/2025 12:14:49.646 AM] Message  || User: coziidruid          || Channel: #executive-board                     || Content: if we wanted to do like. feeding station painting or mayhaps that “portioning food for feeding stations before the week so feeders can just grab that” could work too?
[08/25/2025 12:15:10.710 AM] Message  || User: coziidruid          || Channel: #executive-board                     || Content: that or just a powerpoint on who we are/what we do/and some common cats on campus?
[08/25/2025 12:16:46.615 AM] Message  || User: coziidruid          || Channel: #executive-board                     || Content: we have like 3 of each of these
[08/25/2025 12:31:24.744 AM] Message  || User: a1darek             || Channel: #executive-board                     || Content: Damn when did we get those
[08/25/2025 09:05:53.537 PM] Event    ||                           ||                                               || {"event": "dues_loop_error", "error": "HTTPSConnectionPool(host='oauth2.googleapis.com', port=443): Max retries exceeded with url: /token (Caused by NameResolutionError(\"<urllib3.connection.HTTPSConnection object at 0x0000020AFA7247D0>: Failed to resolve 'oauth2.googleapis.com' ([Errno 11001] getaddrinfo failed)\"))"}
[08/25/2025 09:06:23.244 PM] Online   || User: Tom Cat#8337        || Guilds: 2                                    
[08/25/2025 09:06:49.169 PM] Message  || User: ludavis             || Channel: #yapper-committee                    || Content: Seems fine. Just use PayPal and make sure you get one with a SSD and a discrete graphics card
[08/25/2025 09:08:33.001 PM] Message  || User: adeyumii            || Channel: #yapper-committee                    || Content: 🙂‍↕️ thanks axel
[08/25/2025 09:08:43.356 PM] Message  || User: adeyumii            || Channel: #yapper-committee                    || Content: time to remember what my paypal is. yay!
[08/25/2025 09:08:57.228 PM] Message  || User: adeyumii            || Channel: #yapper-committee                    || Content: what exactly is a discrete graphics card?
[08/25/2025 09:09:27.073 PM] Message  || User: adeyumii            || Channel: #yapper-committee                    || Content: also i have heard that the intel core i7/i8 in certain generations are prone to blue screening so im going to do my best to avoid one of those
[08/25/2025 09:15:10.596 PM] Message  || User: ludavis             || Channel: #yapper-committee                    || Content: I personally would stick to intel i5 8000 series or above or ryzen. They are using some older cpus and those are the most recent. Ryzen one at least can be upgraded a bit. 
Discrete gpu is just a separate card from the graphics integrated on the cpu. So like nvidia gtx or Radeon card
[08/25/2025 09:18:16.306 PM] Message  || User: void_now            || Channel: #yapper-committee                    || Content: Discrete usually means a chip on the motherboard that handles graphics processing, instead of having a separate graphics card
[08/25/2025 09:18:29.442 PM] Message  || User: celeryiscelery      || Channel: #purrley-pawsitive-pussy-pals        || Content: gonna die mavengage for having ||dead names||
[08/25/2025 09:18:45.346 PM] Message  || User: celeryiscelery      || Channel: #purrley-pawsitive-pussy-pals        || Content: lowkey wanna see if there's someone i can email about that
[08/25/2025 09:19:17.293 PM] Message  || User: void_now            || Channel: #yapper-committee                    || Content: Although they are usually far less powerful, so you can really do anything like rendering or gaming with it
[08/25/2025 09:19:25.029 PM] Message  || User: racerdg             || Channel: #feeding-team                        || Content: omw to west hall 🫡
[08/25/2025 09:20:36.349 PM] Message  || User: m_digio             || Channel: #purrley-pawsitive-pussy-pals        || Content: yes was very confused when i went looking at if we needed to update
[08/25/2025 09:20:47.474 PM] Message  || User: m_digio             || Channel: #purrley-pawsitive-pussy-pals        || Content: was like who tf are these ppl
[08/25/2025 09:22:14.580 PM] Message  || User: adeyumii            || Channel: #itty-bitty-kitty-commitee           || Content: Why are the ferals so stinky
[08/25/2025 09:23:04.502 PM] Message  || User: void_now            || Channel: #yapper-committee                    || Content: I think so at least
[08/25/2025 09:23:10.866 PM] Message  || User: racerdg             || Channel: #feeding-team                        || Content: fat fuck opossum spotted on the walk there
[08/25/2025 09:23:21.748 PM] Message  || User: void_now            || Channel: #yapper-committee                    || Content: Assuming discrete and integrated graphics are the same
[08/25/2025 09:23:30.347 PM] Message  || User: m_digio             || Channel: #feeding-team                        || Content: melvin!
[08/25/2025 09:23:35.806 PM] Message  || User: racerdg             || Channel: #feeding-team                        || Content: possibly
[08/25/2025 09:24:03.864 PM] Message  || User: adeyumii            || Channel: #yapper-committee                    || Content: okie dokie
[08/25/2025 09:24:15.424 PM] Message  || User: racerdg             || Channel: #feeding-team                        || Content: he was right before the bridge
[08/25/2025 09:24:20.132 PM] Message  || User: adeyumii            || Channel: #yapper-committee                    || Content: I have bookmarked this seller and will revisit in a few weeks
[08/25/2025 09:24:44.721 PM] Message  || User: adeyumii            || Channel: #yapper-committee                    || Content: I should PROBABLY wait until AFTER I've paid my rent for next month to make a big purchase
[08/25/2025 09:25:54.053 PM] Message  || User: m_digio             || Channel: #feeding-team                        || Content: all opossums are melvinn
[08/25/2025 09:27:23.534 PM] Message  || User: racerdg             || Channel: #feeding-team                        || Content: i see
[08/25/2025 09:27:23.584 PM] Message  || User: adeyumii            || Channel: #itty-bitty-kitty-commitee           || Content: is it the blankets or are they just stinky boys
[08/25/2025 09:28:34.630 PM] Message  || User: celeryiscelery      || Channel: #purrley-pawsitive-pussy-pals        || Content: just sent an email about that, literally gave me whiplash bc i was like who?????
[08/25/2025 09:28:59.440 PM] Message  || User: m_digio             || Channel: #purrley-pawsitive-pussy-pals        || Content: @Derek [TNR] whats your dogs name
[08/25/2025 09:29:28.887 PM] Message  || User: m_digio             || Channel: #feeding-team                        || Content: and raccoons are rocket and squirrles are either stoves or squonks
[08/25/2025 09:29:59.863 PM] Message  || User: m_digio             || Channel: #purrley-pawsitive-pussy-pals        || Content: derekkkkk
[08/25/2025 09:30:07.081 PM] Message  || User: m_digio             || Channel: #purrley-pawsitive-pussy-pals        || Content: its importantttt
[08/25/2025 09:30:08.169 PM] Message  || User: slayc127            || Channel: #purrley-pawsitive-pussy-pals        || Content: fiora
[08/25/2025 09:30:13.534 PM] Message  || User: m_digio             || Channel: #purrley-pawsitive-pussy-pals        || Content: thank you kaz
[08/25/2025 09:30:16.490 PM] Message  || User: slayc127            || Channel: #purrley-pawsitive-pussy-pals        || Content: for surezie
[08/25/2025 09:30:29.195 PM] Message  || User: void_now            || Channel: #itty-bitty-kitty-commitee           || Content: Faye is def stinky
[08/25/2025 09:30:30.768 PM] Message  || User: slayc127            || Channel: #purrley-pawsitive-pussy-pals        || Content: cheesecake and strawberry lemonade in fridge <:happycat:834819172546510868> shower time then bed
[08/25/2025 09:30:33.064 PM] Message  || User: slayc127            || Channel: #purrley-pawsitive-pussy-pals        || Content: goodnight guys
[08/25/2025 09:31:05.071 PM] Message  || User: void_now            || Channel: #itty-bitty-kitty-commitee           || Content: I sense it
[08/25/2025 09:31:49.003 PM] Message  || User: racerdg             || Channel: #feeding-team                        || Content: west hall fed
[08/25/2025 09:32:29.638 PM] Message  || User: m_digio             || Channel: #itty-bitty-kitty-commitee           || Content: they probably peed on the blankets
[08/25/2025 09:32:32.010 PM] Message  || User: racerdg             || Channel: #feeding-team                        || Content: not watered though ill remember to bring some next time
[08/25/2025 09:32:43.056 PM] Message  || User: m_digio             || Channel: #feeding-team                        || Content: dats okay
[08/25/2025 09:44:32.931 PM] Message  || User: racerdg             || Channel: #pictures-of-the-cats                || Content: (no text; attachments=1)
[08/25/2025 09:48:16.085 PM] Message  || User: racerdg             || Channel: #pictures-of-the-cats                || Content: my first microwave spotting
[08/25/2025 09:51:49.921 PM] Message  || User: racerdg             || Channel: #pictures-of-the-cats                || Content: (no text; attachments=1)
[08/25/2025 09:52:45.782 PM] Message  || User: racerdg             || Channel: #pictures-of-the-cats                || Content: pose for the fans
[08/25/2025 09:56:47.316 PM] Message  || User: m_digio             || Channel: #executive-board                     || Content: js sent out buffer information to pr team, if yall notice any weird post lmk
[08/25/2025 09:56:59.455 PM] Message  || User: m_digio             || Channel: #pictures-of-the-cats                || Content: hes so cutee
[08/25/2025 09:59:42.217 PM] Message  || User: slayc127            || Channel: #feeding-team                        || Content: WAHOOOOO TYTY
[08/25/2025 10:00:18.422 PM] Message  || User: slayc127            || Channel: #pictures-of-the-cats                || Content: MICHAEL BELLY ON FIRST SIGHTING????
[08/25/2025 10:00:32.850 PM] Message  || User: slayc127            || Channel: #pictures-of-the-cats                || Content: im gonna squish him like a squeaky dog toy i love him
[08/25/2025 10:00:40.403 PM] Message  || User: racerdg             || Channel: #pictures-of-the-cats                || Content: he was sleepyy he didnt care that i was there at all
[08/25/2025 10:00:52.350 PM] Message  || User: slayc127            || Channel: #pictures-of-the-cats                || Content: da baby
[08/25/2025 10:00:58.514 PM] Message  || User: slayc127            || Channel: #pictures-of-the-cats                || Content: classes r so tiring
[08/25/2025 10:01:01.045 PM] Message  || User: slayc127            || Channel: #pictures-of-the-cats                || Content: he misses his ta
[08/25/2025 10:01:14.394 PM] Message  || User: celeryiscelery      || Channel: #pictures-of-the-cats                || Content: didn't you say goodnight🤨
[08/25/2025 10:01:24.413 PM] Message  || User: m_digio             || Channel: #feeding-team                        || Content: (no text; attachments=1)
[08/25/2025 10:01:30.995 PM] Message  || User: m_digio             || Channel: #feeding-team                        || Content: (no text; attachments=0)
[08/25/2025 10:01:49.016 PM] Message  || User: celeryiscelery      || Channel: #pictures-of-the-cats                || Content: nvm, i'm not minding my business. let me shut my up<:balloonboi:933099871257382983>
[08/25/2025 10:02:21.554 PM] Message  || User: slayc127            || Channel: #pictures-of-the-cats                || Content: :3 i was finishing my post shower routine
[08/25/2025 10:02:30.528 PM] Message  || User: slayc127            || Channel: #pictures-of-the-cats                || Content: will u fault me wanting to see da gentleman before bed
[08/25/2025 10:03:12.740 PM] Message  || User: slayc127            || Channel: #feeding-team                        || Content: megan i can pick up west hall on saturdays n maintenance on saturday and sunday me thinks
[08/25/2025 10:03:38.767 PM] Message  || User: m_digio             || Channel: #feeding-team                        || Content: oki let me mark that down
[08/25/2025 10:04:44.370 PM] Message  || User: m_digio             || Channel: #feeding-team                        || Content: (no text; attachments=1)
[08/25/2025 10:04:57.353 PM] Message  || User: m_digio             || Channel: #feeding-team                        || Content: (no text; attachments=0)
[08/25/2025 10:05:02.111 PM] Message  || User: slayc127            || Channel: #feeding-team                        || Content: sawry
[08/25/2025 10:05:12.598 PM] Message  || User: m_digio             || Channel: #feeding-team                        || Content: hm?
[08/25/2025 10:06:03.187 PM] Message  || User: plink5277           || Channel: #introductions                       || Content: I wonder if they’re from the same litter?
[08/25/2025 10:07:15.765 PM] Message  || User: plink5277           || Channel: #pictures-of-the-cats                || Content: https://tenor.com/view/family-guy-peter-griffin-dead-death-pose-falling-off-the-stairs-gif-12021772962162421355
[08/25/2025 10:07:43.177 PM] Message  || User: plink5277           || Channel: #pictures-of-the-cats                || Content: Posted up like that ^^
[08/25/2025 10:10:14.471 PM] Message  || User: slayc127            || Channel: #feeding-team                        || Content: nvmmm
[08/25/2025 10:10:47.550 PM] Message  || User: pancakemixteamdj    || Channel: #pictures-of-the-cats                || Content: He got so comfy when it comes late on campus
[08/25/2025 10:12:40.371 PM] Message  || User: coziidruid          || Channel: #itty-bitty-kitty-commitee           || Content: nut-free banana bread for tomorrow :3
[08/25/2025 10:12:55.316 PM] Message  || User: m_digio             || Channel: #itty-bitty-kitty-commitee           || Content: YUHHHHHH
[08/25/2025 10:13:10.746 PM] Message  || User: m_digio             || Channel: #itty-bitty-kitty-commitee           || Content: 🔥 🔥
[08/25/2025 10:13:47.797 PM] Message  || User: m_digio             || Channel: #itty-bitty-kitty-commitee           || Content: Chocolate and peach scones for tmrw
[08/25/2025 10:20:19.529 PM] Message  || User: spitonme            || Channel: #yapper-committee                    || Content: https://tenor.com/view/consumed-by-hatred-kitten-cat-anger-hatred-gif-26096430
[08/25/2025 11:21:19.684 PM] Online   || User: Tom Cat#8337        || Guilds: 2                                    
[08/25/2025 11:23:04.914 PM] Message  || User: austinbaustinb      || Channel: #yapper-committee                    || Content: I yap
[08/25/2025 11:54:25.770 PM] Message  || User: coziidruid          || Channel: #itty-bitty-kitty-commitee           || Content: hes helping
