[08/21/2025, 03:27:17 PM] System: TomCat Online
[08/21/2025, 03:32:20 PM] kazius [membership+fundraising] in channel: purrley-pawsitive-pussy-pals: bro its pouring rain for no reason
[08/21/2025, 03:32:55 PM] Reaction: guppy added 🐙 on message 1408179049376776234
[08/21/2025, 03:36:18 PM] Austin B [Records Director] in channel: purrley-pawsitive-pussy-pals: @ kaz, there's a bug (I know why it happens but there's no easy fix) with the member list where an entire column will get cleared if you manually edit it
[08/21/2025, 03:37:28 PM] Austin B [Records Director] in channel: purrley-pawsitive-pussy-pals: So for things like the "box of canned food", try to keep that as one of the two default options just cuz it needs to be one of those to be counted towards our profit/loss. The sheet is really picky, but if you do want to add notes, column Q doesn't glitch out like that so you can add extra details there
[08/21/2025, 03:38:06 PM] Austin B [Records Director] in channel: purrley-pawsitive-pussy-pals: don't mean to call u out here im just kinda adding it in case anyone else frequents the megasheet and has this same glitch happen
[08/21/2025, 03:39:48 PM] Megan [Feeding Head & PR] in channel: itty-bitty-kitty-commitee: i hope everyone has an umbrella
[08/21/2025, 03:40:43 PM] Austin B [Records Director] in channel: purrley-pawsitive-pussy-pals: and @ megan, I earliest i am seeing is september of 2023, but mavorgs doesn't show any of that
[08/21/2025, 03:41:14 PM] Austin B [Records Director] in channel: purrley-pawsitive-pussy-pals: The earliest 'membership application' form submission we have from you is from then, but idk if you were an officer at that point or if you were a member and things like that
[08/21/2025, 03:42:48 PM] cel [head wench] in channel: purrley-pawsitive-pussy-pals: the way that the apple weather app don’t even know it’s raining rn💔💔
[08/21/2025, 03:43:19 PM] Enoch in channel: itty-bitty-kitty-commitee: It got bad so quickly
[08/21/2025, 03:44:34 PM] cel [head wench] in channel: purrley-pawsitive-pussy-pals: one going on two
[08/21/2025, 03:49:11 PM] Reaction: Megan ;) added ❤️ on message 1408189095943077978
[08/21/2025, 03:49:32 PM] Austin B [Records Director] in channel: purrley-pawsitive-pussy-pals: Went through the old sheets as well (premegasheet) and yeah the first entry of yours was 9/1/2023. You were feeding head when I became an officer so at least an officer since spring 2024
[08/21/2025, 03:49:56 PM] Pancake(Chris/topher) in channel: itty-bitty-kitty-commitee: It raining over there ?
[08/21/2025, 03:50:08 PM] Austin B [Records Director] in channel: itty-bitty-kitty-commitee: I think it stopped?
[08/21/2025, 03:50:16 PM] Austin B [Records Director] in channel: itty-bitty-kitty-commitee: It definitely was
[08/21/2025, 03:51:22 PM] Atlas ᓚᘏᗢ in channel: itty-bitty-kitty-commitee: it stopped so fast too 😭
[08/21/2025, 03:52:17 PM] kazius [membership+fundraising] in channel: purrley-pawsitive-pussy-pals: oh damb 💔 sawry
[08/21/2025, 03:52:25 PM] bel [Treasurer] in channel: executive-board: doing the math each button is worth about .50 cents so are we good charging $1 per button?
[08/21/2025, 03:52:49 PM] Austin B [Records Director] in channel: purrley-pawsitive-pussy-pals: No ur all good its an ez fix too
[08/21/2025, 03:53:04 PM] Reaction: kaz added 🎉 on message 1408192140147953825
[08/21/2025, 03:53:09 PM] Austin B [Records Director] in channel: executive-board: $1.01 and we do not give change!
[08/21/2025, 03:53:12 PM] kazius [membership+fundraising] in channel: purrley-pawsitive-pussy-pals: ill keep that in mind going forward!!
[08/21/2025, 03:53:19 PM] Reaction: nostalgicsapphic added 😆 on message 1408192226101690448
[08/21/2025, 03:53:21 PM] Reaction: kaz added 😆 on message 1408192226101690448
[08/21/2025, 03:53:22 PM] Reaction: kaz added ‼️ on message 1408192226101690448
[08/21/2025, 03:53:36 PM] Reaction: austinbaustinb added ❤️ on message 1408192237094965373
[08/21/2025, 03:53:40 PM] austinbaustinb in channel: camera-roll: YT2523000705373003
[08/21/2025, 03:54:00 PM] bel [Treasurer] in channel: pictures-of-the-cats: lil guy ALL in that food 😭
[08/21/2025, 03:54:08 PM] miranda in channel: itty-bitty-kitty-commitee: Texas weather be like ☀️ ☀️ ☀️ 🌧️ 🌧️ ☀️ ☀️
[08/21/2025, 03:54:42 PM] miranda in channel: pictures-of-the-cats: He was making little gurgly/meowing noises too
[08/21/2025, 03:54:46 PM] kazius [membership+fundraising] in channel: purrley-pawsitive-pussy-pals: i do nawt want to be here
[08/21/2025, 03:56:09 PM] Nick [pencil's #1 hater] in channel: itty-bitty-kitty-commitee: it's hella bright and sunny where im at rn
[08/21/2025, 03:57:19 PM] kazius [membership+fundraising] in channel: purrley-pawsitive-pussy-pals: gah and the cats smell so strongly of ammonia
[08/21/2025, 03:57:20 PM] kazius [membership+fundraising] in channel: purrley-pawsitive-pussy-pals: jesus christ
[08/21/2025, 04:01:12 PM] Derek [TNR] in channel: feeding-team: for the recovery period it'd be appreciated!
[08/21/2025, 04:02:47 PM] Reaction: Kitadan added 👍 on message 1408178832678326425
[08/21/2025, 04:09:43 PM] Megan [Feeding Head & PR] in channel: pet-pictures: Sassy
[08/21/2025, 04:10:12 PM] Megan [Feeding Head & PR] in channel: purrley-pawsitive-pussy-pals: Attention whore
[08/21/2025, 04:11:13 PM] Megan [Feeding Head & PR] in channel: pet-pictures: If any one ever asks why i have cat hair everywhere just look at this video
[08/21/2025, 04:11:39 PM] Reaction: Megan ;) added ‼️ on message 1408192226101690448
[08/21/2025, 04:13:15 PM] Reaction: darek added ‼️ on message 1408185699060158484
[08/21/2025, 04:13:57 PM] Derek [TNR] in channel: purrley-pawsitive-pussy-pals: I'm being so like safe with my words for tnr but I deadass wanna be like PLEASE PLEASE PLEASE BE INTERESTED IN TNR I NEED A TEAM
[08/21/2025, 04:15:14 PM] Reaction: Moxhi Moo added 🐙 on message 1408196769468252261
[08/21/2025, 04:15:30 PM] Acacia [Pencil’s #1 luvr] 🐙 in channel: pet-pictures: SO CUTEEE
[08/21/2025, 04:16:44 PM] Reaction: Skelehusk added 💖 on message 1408180897471135904
[08/21/2025, 04:17:52 PM] Megan [Feeding Head & PR] in channel: purrley-pawsitive-pussy-pals: I help you Derek
[08/21/2025, 04:38:59 PM] System: TomCat Online
