[08/18/2025, 12:00:05 AM] Reaction: void_now added ‼️ on message 1406864117968539701
[08/18/2025, 12:00:25 AM] Ben in channel: bot-spam: Two responses from two versions of the bot or
[08/18/2025, 12:45:44 PM] System: TomCat Online
[08/18/2025, 12:45:46 PM] Jacob [Fundraising Officer] in channel: purrley-pawsitive-pussy-pals: love that for you an
[08/18/2025, 12:45:47 PM] Jacob [Fundraising Officer] in channel: purrley-pawsitive-pussy-pals: man
[08/18/2025, 12:45:50 PM] Jacob [Fundraising Officer] in channel: purrley-pawsitive-pussy-pals: oops
[08/18/2025, 12:45:59 PM] Reaction: guppy added ‼️ on message 1407032202725818390
[08/18/2025, 12:46:17 PM] ari in channel: yapper-committee: oooh where is that at
[08/18/2025, 12:46:31 PM] Reaction: guppy added 🔥 on message 1406998698713546783
[08/18/2025, 12:47:16 PM] Reaction: guppy added ❤️ on message 1407020759871914015
[08/18/2025, 12:47:55 PM] Atlas ᓚᘏᗢ in channel: yapper-committee: we have a good number. if you wander around campus you’ll spot them, the cats like to hang generally near the outskirts
[08/18/2025, 12:48:04 PM] ari in channel: yapper-committee: okayyy! thank uu
[08/18/2025, 12:48:14 PM] Reaction: coziiDruid added 😭 on message 1407036002052083712
[08/18/2025, 12:48:53 PM] nick [vp of all cats] in channel: purrley-pawsitive-pussy-pals: in their backyard my parents have this massive mushroom that sprouted like. overnight (i dont remember seeing it yesterday)
[08/18/2025, 12:50:10 PM] Jacob [Fundraising Officer] in channel: introductions: welcome!!!
[08/18/2025, 12:50:17 PM] Reaction: Rambone added 👍 on message 1407024646234181664
[08/18/2025, 12:50:42 PM] Jacob [Fundraising Officer] in channel: feeding-team: bro's just waiting to be fed
[08/18/2025, 12:50:57 PM] Reaction: guppy added ‼️ on message 1407059139787620443
[08/18/2025, 12:51:39 PM] kazius [membership+fundraising] in channel: purrley-pawsitive-pussy-pals: omnomnom
[08/18/2025, 01:07:06 PM] System: TomCat Online
[08/18/2025, 01:08:02 PM] Austin B [Records Director] in channel: purrley-pawsitive-pussy-pals: Whats the bottom look like?
[08/18/2025, 01:08:23 PM] kazius [membership+fundraising] in channel: yapper-committee: right
[08/18/2025, 01:08:26 PM] kazius [membership+fundraising] in channel: yapper-committee: i think theyre so funny
[08/18/2025, 01:08:40 PM] kazius [membership+fundraising] in channel: purrley-pawsitive-pussy-pals: scandalous question /silly
[08/18/2025, 01:09:01 PM] Reaction: nostalgicsapphic added ‼️ on message 1407056039530205184
[08/18/2025, 01:09:06 PM] Reaction: nostalgicsapphic added ‼️ on message 1407057896361169068
[08/18/2025, 01:09:09 PM] Reaction: nostalgicsapphic added 🔥 on message 1407058681748520990
[08/18/2025, 01:09:13 PM] Reaction: nostalgicsapphic added 😆 on message 1407063662132465766
[08/18/2025, 01:09:20 PM] Austin B [Records Director] in channel: purrley-pawsitive-pussy-pals: Very true i will hibernate for 6 months and think of what i have done as punishment
[08/18/2025, 01:09:23 PM] Austin B [Records Director] in channel: purrley-pawsitive-pussy-pals: See u guys next spring
[08/18/2025, 01:09:41 PM] Reaction: nostalgicsapphic added 😭 on message 1407063842344669289
[08/18/2025, 01:10:24 PM] Reaction: guppy added 😆 on message 1407061079934238861
[08/18/2025, 01:10:34 PM] Reaction: guppy added ‼️ on message 1407062321821384755
[08/18/2025, 01:11:39 PM] Reaction: kaz added 😭 on message 1407063842344669289
[08/18/2025, 01:15:27 PM] kazius [membership+fundraising] in channel: executive-board: scheduling first membership meeting for september 2nd at either 1 or 4pm--will send a when to meet to establish a more solid time tho
[08/18/2025, 01:15:32 PM] kazius [membership+fundraising] in channel: executive-board: reminder for kazius
[08/18/2025, 01:16:08 PM] Kitadan in channel: introductions: Howdy y'all
[08/18/2025, 01:16:33 PM] Reaction: Kitadan added 😆 on message 1407061079934238861
[08/18/2025, 01:36:53 PM] calico in channel: feeding-team: methinks ill take a break from feeding this semester cause its hot and im stressed
[08/18/2025, 01:39:09 PM] Enoch in channel: yapper-committee: Always fed and no fear
[08/18/2025, 01:50:33 PM] Kim in channel: pictures-of-the-cats: Looks like she’s throwing gang signs to me 🤌
[08/18/2025, 01:53:46 PM] Derek [TNR] in channel: purrley-pawsitive-pussy-pals: 
[08/18/2025, 01:54:51 PM] Reaction: kaz added 😭 on message 1407070763714088970
[08/18/2025, 01:54:56 PM] kazius [membership+fundraising] in channel: feeding-team: understandable!
[08/18/2025, 01:55:31 PM] kazius [membership+fundraising] in channel: purrley-pawsitive-pussy-pals: real
[08/18/2025, 01:56:49 PM] miranda in channel: yapper-committee: theres a laundromat off of south cooper near the chipotle and stuff
[08/18/2025, 01:57:46 PM] Reaction: Adeyumii added 😭 on message 1407070763714088970
[08/18/2025, 01:59:08 PM] kazius [membership+fundraising] in channel: purrley-pawsitive-pussy-pals: anyone wanna help me dye my hair tomorrow afternoon/evening
[08/18/2025, 02:42:10 PM] System: TomCat Online
[08/18/2025, 02:42:21 PM] Reaction: Nicole added 😭 on message 1407070763714088970
[08/18/2025, 02:45:54 PM] Jacob [Fundraising Officer] in channel: purrley-pawsitive-pussy-pals: What did you do to the bestbuy guy
[08/18/2025, 02:51:39 PM] Reaction: Rambone added 👍 on message 1407065370472349839
[08/18/2025, 02:53:23 PM] Derek [TNR] in channel: purrley-pawsitive-pussy-pals: 
[08/18/2025, 02:58:25 PM] Reaction: Ɓrøøķɛ ᓚᘏᗢ added ‼️ on message 1406751074655928523
[08/18/2025, 03:01:58 PM] Reaction: celery added <:catthumbsup:931115163317329920> on message 1407065370472349839
[08/18/2025, 03:03:40 PM] Reaction: coziiDruid added 😭 on message 1407063842344669289
[08/18/2025, 03:04:18 PM] Reaction: coziiDruid added 👍 on message 1407065370472349839
[08/18/2025, 03:17:40 PM] stringworm roach enjoyer in channel: yapper-committee: Oupuououogh I am so eepy in class
[08/18/2025, 03:28:44 PM] Reaction: Alix 🌊 added ❤️ on message 1406998698713546783
[08/18/2025, 03:28:51 PM] Reaction: Alix 🌊 added 😭 on message 1407070763714088970
[08/18/2025, 03:29:01 PM] Reaction: Alix 🌊 added <:happycat:834819172546510868> on message 1406816418045104280
[08/18/2025, 03:38:50 PM] MemberJoin: lex! via rAEFDeT
[08/18/2025, 03:42:49 PM] Megan [Feeding Head & PR] in channel: feeding-team: <@&643587274797481988> can someone cover maintenance and take a video of the location to help new feeders find it
[08/18/2025, 03:43:26 PM] Megan [Feeding Head & PR] in channel: executive-board: Erm not to run anyone but we really need to update roles, i have feeders without access to the channel bugging me
[08/18/2025, 03:43:50 PM] Megan [Feeding Head & PR] in channel: executive-board: Which i gave them role for feeding and in the past that allowed access to feeding channel but not anymore?
[08/18/2025, 03:44:37 PM] kazius [membership+fundraising] in channel: purrley-pawsitive-pussy-pals: i believe i was baited
[08/18/2025, 03:46:21 PM] Reaction: lex! added <:catthumbsup:931115163317329920> on message 1327857087325405225
[08/18/2025, 03:47:16 PM] lex! in channel: introductions: hi!! my name is alexis and i'm a freshman this year!! excited to participate :))
[08/18/2025, 03:50:36 PM] hat in channel: feeding-team: cover today?
[08/18/2025, 03:50:42 PM] Jacob [Fundraising Officer] in channel: executive-board: Do they also have the due paying member role? They might need both. I'm not too sure though
[08/18/2025, 03:52:03 PM] Acacia [Pencil’s #1 luvr] 🐙 in channel: yapper-committee: this,, i forgot i had to change my pw but for some reason my bf’s new pw wasnr working so i just gave him my login
[08/18/2025, 03:52:06 PM] kazius [membership+fundraising] in channel: executive-board: yeah ill get roles updated tonight but do we know for sure if theyve all paid dues ?
[08/18/2025, 03:52:46 PM] Reaction: kaz added 😭 on message 1407090013921083402
[08/18/2025, 03:53:06 PM] kazius [membership+fundraising] in channel: purrley-pawsitive-pussy-pals: thats insane
[08/18/2025, 03:53:44 PM] kazius [membership+fundraising] in channel: purrley-pawsitive-pussy-pals: bro they got u
[08/18/2025, 03:54:01 PM] kazius [membership+fundraising] in channel: purrley-pawsitive-pussy-pals: the store credit card ppl got derek
[08/18/2025, 03:54:39 PM] Jacob [Fundraising Officer] in channel: executive-board: I'd just double check the channel
[08/18/2025, 03:57:53 PM] Reaction: nostalgicsapphic added 😭 on message 1407105271452668034
[08/18/2025, 03:58:08 PM] Austin B [Records Director] in channel: executive-board: You can check in the email or on the 3 payment apps online
[08/18/2025, 03:58:12 PM] Austin B [Records Director] in channel: executive-board: Thats how I used to do it
[08/18/2025, 03:59:35 PM] spider in channel: yapper-committee: happy first dayy!!
[08/18/2025, 03:59:43 PM] spider in channel: yapper-committee: how is everyone’s first day going
[08/18/2025, 03:59:48 PM] kazius [membership+fundraising] in channel: executive-board: i mean for the ppl that r complaining but i suppose it doesnt matter
[08/18/2025, 03:59:58 PM] kazius [membership+fundraising] in channel: executive-board: as in theyll get removed at the cutoff if they arent
[08/18/2025, 04:00:10 PM] Kitadan in channel: feeding-team: I got it
[08/18/2025, 04:01:25 PM] spider in channel: pet-pictures: 
[08/18/2025, 04:01:30 PM] spider in channel: pet-pictures: my cousins kitty
[08/18/2025, 04:01:34 PM] spider in channel: pet-pictures: she loves her bag
[08/18/2025, 04:01:58 PM] spider in channel: pet-pictures: 
[08/18/2025, 04:02:11 PM] spider in channel: pet-pictures: 
[08/18/2025, 04:02:22 PM] Jacob [Fundraising Officer] in channel: purrley-pawsitive-pussy-pals: <@356861356051529750> we work together Friday and Saturday!
[08/18/2025, 04:02:49 PM] kazius [membership+fundraising] in channel: purrley-pawsitive-pussy-pals: WAHOOOOOO
[08/18/2025, 04:02:56 PM] spider in channel: pet-pictures: 
[08/18/2025, 04:03:27 PM] spider in channel: pet-pictures: ^^this one’s a blind kitty, he got blind by bein in the sun for so long/ fire ants
[08/18/2025, 04:03:36 PM] spider in channel: pet-pictures: so their eyes are white
[08/18/2025, 04:04:45 PM] Reaction: kaz added 😭 on message 1407107645776855233
[08/18/2025, 04:04:50 PM] kazius [membership+fundraising] in channel: pet-pictures: AWEEEEEEEE
[08/18/2025, 04:04:52 PM] kazius [membership+fundraising] in channel: pet-pictures: we love them
[08/18/2025, 04:05:44 PM] Reaction: kaz added 😭 on message 1407105271452668034
[08/18/2025, 04:06:49 PM] Reaction: a added ❤️ on message 1407107992943333553
[08/18/2025, 04:07:02 PM] spider in channel: pet-pictures: name of this one is billie
[08/18/2025, 04:07:28 PM] spider in channel: pet-pictures: this one’s tigger, he’s an outdoor cat
[08/18/2025, 04:08:17 PM] Austin B [Records Director] in channel: executive-board: Ah
[08/18/2025, 04:08:50 PM] Austin B [Records Director] in channel: executive-board: Yea if its anyone you specifically can confirm paid their dues, u can go ahead and add their role if u want megan
[08/18/2025, 04:09:13 PM] Austin B [Records Director] in channel: executive-board: I still just haven't had more than half an hour of free time in over a week
[08/18/2025, 04:14:27 PM] ari in channel: yapper-committee: it was a lot
[08/18/2025, 04:14:30 PM] ari in channel: yapper-committee: very hot
[08/18/2025, 04:17:15 PM] Jacob [Fundraising Officer] in channel: executive-board: All good
[08/18/2025, 04:18:08 PM] lex! in channel: due-paying-portal: Amanda Lovelady 
Venmo
[08/18/2025, 04:18:08 PM] Intent: Matched 'dues_notice' with args {'raw': 'Amanda Lovelady \nVenmo'} from message 1407111343143649383
[08/18/2025, 04:28:30 PM] MemberJoin: Numm via rAEFDeT
[08/18/2025, 04:29:17 PM] Numm in channel: introductions: selling general admission ACL tickets for weekend two dm me+18593910829
[08/18/2025, 04:29:36 PM] 🇵🇸MARCEL! in channel: introductions: Silence Bot
[08/18/2025, 04:29:43 PM] 🇵🇸MARCEL! in channel: introductions: @mods kill this guy with hammers
[08/18/2025, 04:29:52 PM] 🇵🇸MARCEL! in channel: introductions: also hiiiiiiii new freshmen!!!!! Welcome in!!!!!!!!!!!!!!!!!!!!!!!!
[08/18/2025, 04:32:17 PM] Kitadan in channel: feeding-team: To feed Maintenance:
First go to this building.
[08/18/2025, 04:32:50 PM] Kitadan in channel: feeding-team: Go behind it and look for this gap behind parking lot.
[08/18/2025, 04:33:03 PM] Kitadan in channel: feeding-team: Walk around these things.
[08/18/2025, 04:33:04 PM] Atlas ᓚᘏᗢ in channel: yapper-committee: chat does anyone remember what time mavsmeet *ends*
[08/18/2025, 04:33:08 PM] Atlas ᓚᘏᗢ in channel: yapper-committee: i know it starts at 5
[08/18/2025, 04:33:23 PM] Kitadan in channel: feeding-team: Maintenance feeding station is at end fence.
[08/18/2025, 04:33:28 PM] Reaction: coziiDruid added 😭 on message 1407107645776855233
[08/18/2025, 04:33:40 PM] Kitadan in channel: feeding-team: Maintenance fed and watered.
[08/18/2025, 04:34:00 PM] Atlas ᓚᘏᗢ in channel: feeding-team: w kitadan
[08/18/2025, 04:34:01 PM] Atlas ᓚᘏᗢ in channel: feeding-team: as usual
[08/18/2025, 04:34:06 PM] Reaction: coziiDruid added ‼️ on message 1407115333797544060
[08/18/2025, 04:34:28 PM] Reaction: Kitadan added 😭 on message 1407107645776855233
[08/18/2025, 04:35:33 PM] Reaction: Kitadan added ‼️ on message 1407115333797544060
[08/18/2025, 04:37:10 PM] Axel in channel: introductions: <@&845035667661783061>
[08/18/2025, 04:37:23 PM] Axel in channel: introductions: Hurry before I take them!
[08/18/2025, 04:37:47 PM] Reaction: Moxhi Moo added ‼️ on message 1407115333797544060
[08/18/2025, 04:37:54 PM] 🇵🇸MARCEL! in channel: introductions: hurry before i 𝓕𝓻𝓮𝓪𝓴 them 🤫 👀 /j
[08/18/2025, 04:38:59 PM] Event: member_remove — {"ts": "2025-08-18T21:38:59.897448+00:00", "event": "member_remove", "id": 1259176126241050716, "name": "Numm"}
[08/18/2025, 04:39:00 PM] MessageDelete: ID 1407114148000567317
[08/18/2025, 04:39:05 PM] cel [head wench] in channel: introductions: bitch
[08/18/2025, 04:39:29 PM] Axel in channel: feeding-team: Pin?
[08/18/2025, 04:39:31 PM] hat in channel: feeding-team: I usually park in the back of the Environmental building (haven't been hounded for it yet so) but only after 5:00 PM but there's general parking next to it.
[08/18/2025, 04:39:38 PM] Reaction: 🇵🇸MARCEL! added 🗣️ on message 1407116612900884491
[08/18/2025, 04:39:41 PM] MessageEdit: ID 1407116725467615456
  Before: I usually park in the back of the Environmental building (haven't been hounded for it yet so) but only after 5:00 PM but there's general parking next to it.
  After:  I usually park in the back of the Environmental building (haven't been hounded for it yet so) but only after 5:00 PM but there's general parking next to it as well.
[08/18/2025, 04:39:46 PM] 🇵🇸MARCEL! in channel: introductions: cel to da rescue!!!!!!!!!!!!!!!!!!!!!!!!!!!!
[08/18/2025, 04:40:35 PM] Reaction: void_now added ‼️ on message 1407115333797544060
[08/18/2025, 04:40:58 PM] Derek [TNR] in channel: purrley-pawsitive-pussy-pals: Julisa has informed me that the bestbuy card gives like 7% cashback on gas
[08/18/2025, 04:41:03 PM] Derek [TNR] in channel: purrley-pawsitive-pussy-pals: so it's okay I guess
[08/18/2025, 04:41:35 PM] cel [head wench] in channel: introductions: thanks for letting us know pookies <:nom:834819064177623091>
[08/18/2025, 04:41:41 PM] Reaction: 🇵🇸MARCEL! added 🌹 on message 1407117242415710280
[08/18/2025, 04:41:47 PM] Reaction: Moxhi Moo added 🐙 on message 1407116784959488010
[08/18/2025, 04:42:02 PM] Acacia [Pencil’s #1 luvr] 🐙 in channel: pet-pictures: 
[08/18/2025, 04:42:38 PM] Reaction: celery added <:happycat:834819172546510868> on message 1407053534213443717
[08/18/2025, 04:42:39 PM] Reaction: celery added <:happycat:834819172546510868> on message 1407056859155665050
[08/18/2025, 04:42:41 PM] Reaction: celery added <:happycat:834819172546510868> on message 1407103572822200441
[08/18/2025, 04:43:12 PM] cel [head wench] in channel: introductions: welcome to the cult new people! long live cats <:powaahhhhhhh:1284949152685490216>
[08/18/2025, 04:43:37 PM] cel [head wench] in channel: purrley-pawsitive-pussy-pals: did you- did you just do girl math?
[08/18/2025, 04:53:01 PM] Reaction: kaz added 😭 on message 1407117090309013705
[08/18/2025, 04:53:04 PM] Reaction: kaz added ‼️ on message 1407117755273969735
[08/18/2025, 04:53:19 PM] Reaction: kaz added 🗣️ on message 1407116612900884491
[08/18/2025, 04:53:20 PM] Reaction: kaz added 🌹 on message 1407117242415710280
[08/18/2025, 04:53:23 PM] Reaction: kaz added ‼️ on message 1407117652177977477
[08/18/2025, 04:54:50 PM] Austin B [Records Director] in channel: yapper-committee: Maybe 6?
[08/18/2025, 04:55:23 PM] Austin B [Records Director] in channel: yapper-committee: Im supposed to perform in it and idek know
[08/18/2025, 04:55:45 PM] Reaction: Rambone added 😭 on message 1407117090309013705
[08/18/2025, 04:55:46 PM] Reaction: Rambone added ‼️ on message 1407117755273969735
[08/18/2025, 04:59:52 PM] Reaction: Adeyumii added ‼️ on message 1407115333797544060
[08/18/2025, 05:01:46 PM] Derek [TNR] in channel: purrley-pawsitive-pussy-pals: I guess I did
[08/18/2025, 05:04:48 PM] Kitadan in channel: feeding-team: I wasn't sure if someone might be walking to it instead of driving.
[08/18/2025, 05:05:29 PM] MemberJoin: Bingo via rAEFDeT
[08/18/2025, 05:10:32 PM] Reaction: nostalgicsapphic added ‼️ on message 1407117755273969735
[08/18/2025, 05:10:33 PM] Reaction: nostalgicsapphic added 😭 on message 1407117090309013705
[08/18/2025, 05:10:53 PM] mckayla [retired] in channel: purrley-pawsitive-pussy-pals: can’t believe i’ve been abandoned (there’s no one i know at the lounge)
[08/18/2025, 05:11:46 PM] kazius [membership+fundraising] in channel: purrley-pawsitive-pussy-pals: come see me :3
[08/18/2025, 05:12:33 PM] Reaction: kaz added ‼️ on message 1407115333797544060
[08/18/2025, 05:12:50 PM] kazius [membership+fundraising] in channel: feeding-team: pinning the first message!
[08/18/2025, 05:12:56 PM] MessageEdit: ID 1407114901394030724
  Before: To feed Maintenance:
First go to this building.
  After:  To feed Maintenance:
First go to this building.
[08/18/2025, 05:12:56 PM] kazius [membership+fundraising] in channel: feeding-team: 
[08/18/2025, 05:16:06 PM] kazius [membership+fundraising] in channel: purrley-pawsitive-pussy-pals: https://tenor.com/view/no-gif-23548728
[08/18/2025, 05:16:22 PM] MemberJoin: tmnt_fanatic via e5hjZJsq
[08/18/2025, 05:17:21 PM] mckayla [retired] in channel: purrley-pawsitive-pussy-pals: where r u :3
[08/18/2025, 05:17:32 PM] mckayla [retired] in channel: purrley-pawsitive-pussy-pals: sorry i was talking to the people chris brought by earlier
[08/18/2025, 05:17:55 PM] kazius [membership+fundraising] in channel: purrley-pawsitive-pussy-pals: LOL ur good im at my apartment bae <3 i was mostly joking
[08/18/2025, 05:18:16 PM] mckayla [retired] in channel: purrley-pawsitive-pussy-pals: LAME
[08/18/2025, 05:18:39 PM] kazius [membership+fundraising] in channel: purrley-pawsitive-pussy-pals: if u wanna walk 20 mins thats ur prerogative!!!!! but i will not make u :333
[08/18/2025, 05:19:03 PM] mckayla [retired] in channel: purrley-pawsitive-pussy-pals: no!<3
[08/18/2025, 05:19:28 PM] kazius [membership+fundraising] in channel: purrley-pawsitive-pussy-pals: https://tenor.com/view/angry-cat-gif-25783770
[08/18/2025, 05:19:30 PM] kazius [membership+fundraising] in channel: purrley-pawsitive-pussy-pals: jk
[08/18/2025, 05:19:32 PM] Reaction: nostalgicsapphic added 😆 on message 1407126776433479680
[08/18/2025, 05:22:30 PM] Nick [pencil's #1 hater] in channel: feeding-team: Can someone unrole me since im not feeding this semester 🙏
[08/18/2025, 05:24:08 PM] miranda in channel: feeding-team: u only get active feeder if ur feeding
[08/18/2025, 05:24:14 PM] miranda in channel: feeding-team: the feeder role is something else methinks
[08/18/2025, 05:24:45 PM] kazius [membership+fundraising] in channel: feeding-team: i can remove the feeding team tag for you!
[08/18/2025, 05:27:29 PM] Derek [TNR] in channel: purrley-pawsitive-pussy-pals: Man apple sucks
[08/18/2025, 05:27:38 PM] Reaction: Ɓrøøķɛ ᓚᘏᗢ added 😭 on message 1311826341045207070
[08/18/2025, 05:27:48 PM] Derek [TNR] in channel: purrley-pawsitive-pussy-pals: <@429741733706989568> gen 2 pencil does not work with my model
[08/18/2025, 05:28:04 PM] Derek [TNR] in channel: purrley-pawsitive-pussy-pals: Apple decided every pencil will have different compatibility with every model
[08/18/2025, 05:28:15 PM] Derek [TNR] in channel: purrley-pawsitive-pussy-pals: My ass is home
[08/18/2025, 05:28:47 PM] mckayla [retired] in channel: purrley-pawsitive-pussy-pals: so u hate me
[08/18/2025, 05:32:35 PM] Derek [TNR] in channel: purrley-pawsitive-pussy-pals: yea
[08/18/2025, 05:32:39 PM] Derek [TNR] in channel: purrley-pawsitive-pussy-pals: sorry bestie
[08/18/2025, 05:33:00 PM] Reaction: guppy added 😭 on message 1407070763714088970
[08/18/2025, 05:33:22 PM] Reaction: guppy added ‼️ on message 1407115333797544060
[08/18/2025, 05:33:34 PM] Derek [TNR] in channel: purrley-pawsitive-pussy-pals: my profs are so pro ai
[08/18/2025, 05:33:35 PM] Derek [TNR] in channel: purrley-pawsitive-pussy-pals: Ugh
[08/18/2025, 05:33:42 PM] zahara 🌙 in channel: pictures-of-the-cats: I’m gonna explode, this is so cute
[08/18/2025, 05:33:50 PM] Reaction: nostalgicsapphic added 😭 on message 1407130324567330837
[08/18/2025, 05:34:13 PM] cel [head wench] in channel: purrley-pawsitive-pussy-pals: noooo, check the details on return. if you didn’t do too much then you can see if you can exchange and get a refund for the different
[08/18/2025, 05:34:25 PM] Derek [TNR] in channel: purrley-pawsitive-pussy-pals: yeah im sure it'll be fine
[08/18/2025, 05:34:45 PM] MessageEdit: ID 1407130490808438824
  Before: noooo, check the details on return. if you didn’t do too much then you can see if you can exchange and get a refund for the different
  After:  noooo, check the details on return. if you didn’t do too much then you can see if you can exchange and get a refund for the difference
[08/18/2025, 05:34:50 PM] Derek [TNR] in channel: purrley-pawsitive-pussy-pals: Bestbuys return policy is pretty lenient as long as all original components are still in the box and in like new condition
[08/18/2025, 05:35:04 PM] Derek [TNR] in channel: purrley-pawsitive-pussy-pals: Ill head there after my phys "lecture" and swap em out
[08/18/2025, 05:35:42 PM] RJ in channel: yapper-committee: Supposed to be like around 7 when the mavsmeet party begins
[08/18/2025, 05:36:01 PM] Atlas ᓚᘏᗢ in channel: yapper-committee: kewp
[08/18/2025, 05:36:09 PM] Atlas ᓚᘏᗢ in channel: yapper-committee: i’m specifically waiting for the band lmao
[08/18/2025, 05:36:13 PM] Derek [TNR] in channel: purrley-pawsitive-pussy-pals: man they were not kidding about this guys accent
[08/18/2025, 05:36:14 PM] MessageEdit: ID 1407130943126507743
  Before: kewp
  After:  kewl
[08/18/2025, 05:37:24 PM] Reaction: Skelehusk added ‼️ on message 1406811470628655215
[08/18/2025, 05:37:37 PM] Reaction: Skelehusk added ‼️ on message 1406844221994045501
[08/18/2025, 05:37:59 PM] Reaction: Skelehusk added <:happycat:834819172546510868> on message 1407053534213443717
[08/18/2025, 05:38:01 PM] Reaction: Skelehusk added <:happycat:834819172546510868> on message 1407056859155665050
[08/18/2025, 05:38:01 PM] Reaction: nostalgicsapphic added 😭 on message 1407130703358988389
[08/18/2025, 05:38:09 PM] Reaction: Skelehusk added <:happycat:834819172546510868> on message 1407103572822200441
[08/18/2025, 05:39:48 PM] Reaction: kaz added 😭 on message 1407130324567330837
[08/18/2025, 05:39:58 PM] Reaction: kaz added 😭 on message 1407130703358988389
[08/18/2025, 05:42:41 PM] Ben in channel: feeding-team: Mkz fed
[08/18/2025, 05:46:45 PM] Reaction: Rambone added 😭 on message 1407130703358988389
[08/18/2025, 05:49:32 PM] kazius [membership+fundraising] in channel: purrley-pawsitive-pussy-pals: i am a diy genius
[08/18/2025, 05:49:45 PM] Derek [TNR] in channel: purrley-pawsitive-pussy-pals: Gotta spend 100$ to do my fucking homework <:yeaa:1251730397977382954>
[08/18/2025, 05:49:55 PM] Jacob [Fundraising Officer] in channel: purrley-pawsitive-pussy-pals: Can't make this shit up
[08/18/2025, 05:49:59 PM] kazius [membership+fundraising] in channel: purrley-pawsitive-pussy-pals: used an extra sheet for my tablecloth and an old blanket to cover the other rusted metal folding chair im using as a dining table chair
[08/18/2025, 05:50:02 PM] Reaction: kaz added 😭 on message 1407134438554472508
[08/18/2025, 05:50:08 PM] kazius [membership+fundraising] in channel: purrley-pawsitive-pussy-pals: AT THE REGISTERS NO LESS
[08/18/2025, 05:50:13 PM] Reaction: Rambone added 🎉 on message 1407134394488979508
[08/18/2025, 05:51:21 PM] Jacob [Fundraising Officer] in channel: purrley-pawsitive-pussy-pals: Dude they dropped some of the poop while they were cleaning it
[08/18/2025, 05:51:23 PM] Jacob [Fundraising Officer] in channel: purrley-pawsitive-pussy-pals: Imma kms
[08/18/2025, 05:51:35 PM] Jacob [Fundraising Officer] in channel: purrley-pawsitive-pussy-pals: Why am I working a fucking Monday
[08/18/2025, 05:55:06 PM] kazius [membership+fundraising] in channel: purrley-pawsitive-pussy-pals: its the bad place
[08/18/2025, 06:00:10 PM] Derek [TNR] in channel: purrley-pawsitive-pussy-pals: Bruh my physics lecture is the bad place rn
[08/18/2025, 06:01:16 PM] Reaction: kaz added 😭 on message 1407137019770966026
[08/18/2025, 06:01:23 PM] bel [Treasurer] in channel: purrley-pawsitive-pussy-pals: m day just finished 🧍🏽‍♀️
[08/18/2025, 06:01:25 PM] Jacob [Fundraising Officer] in channel: purrley-pawsitive-pussy-pals: Dog proceeded to piss as well
[08/18/2025, 06:01:30 PM] MessageEdit: ID 1407137327419228253
  Before: m day just finished 🧍🏽‍♀️
  After:  my day just finished 🧍🏽‍♀️
[08/18/2025, 06:01:32 PM] Reaction: Rambone added 💔 on message 1407137327419228253
[08/18/2025, 06:01:34 PM] Reaction: Rambone added 🥀 on message 1407137327419228253
[08/18/2025, 06:01:41 PM] Derek [TNR] in channel: purrley-pawsitive-pussy-pals: some lemonade for your chocolate good sir
[08/18/2025, 06:01:42 PM] Reaction: darek added 💔 on message 1407137327419228253
[08/18/2025, 06:01:43 PM] Reaction: darek added 🥀 on message 1407137327419228253
[08/18/2025, 06:01:47 PM] bel [Treasurer] in channel: purrley-pawsitive-pussy-pals: yeah I fear y’all will barely see me
[08/18/2025, 06:01:53 PM] Jacob [Fundraising Officer] in channel: purrley-pawsitive-pussy-pals: fuck you fuck you fuck you
[08/18/2025, 06:02:02 PM] Derek [TNR] in channel: purrley-pawsitive-pussy-pals: well nothing has changed i fear
[08/18/2025, 06:02:04 PM] Jacob [Fundraising Officer] in channel: purrley-pawsitive-pussy-pals: That's sad man
[08/18/2025, 06:02:47 PM] bel [Treasurer] in channel: purrley-pawsitive-pussy-pals: but even *less*
[08/18/2025, 06:02:57 PM] bel [Treasurer] in channel: purrley-pawsitive-pussy-pals: THE YAOI TAG???
[08/18/2025, 06:03:12 PM] Jacob [Fundraising Officer] in channel: purrley-pawsitive-pussy-pals: Wassup?
[08/18/2025, 06:04:40 PM] Derek [TNR] in channel: purrley-pawsitive-pussy-pals: https://tenor.com/view/spiderman-sad-spiderman-sad-walking-spiderman-spiderman-web-of-shadows-gif-22616155
[08/18/2025, 06:04:47 PM] Derek [TNR] in channel: purrley-pawsitive-pussy-pals: https://tenor.com/view/spider-man-sad-gif-8953872555328582544
[08/18/2025, 06:04:53 PM] Derek [TNR] in channel: purrley-pawsitive-pussy-pals: https://tenor.com/view/triste-feeling-down-looking-down-walking-walk-gif-15826685
[08/18/2025, 06:04:53 PM] MessageEdit: ID 1407138204934602884
  Before: https://tenor.com/view/triste-feeling-down-looking-down-walking-walk-gif-15826685
  After:  https://tenor.com/view/triste-feeling-down-looking-down-walking-walk-gif-15826685
[08/18/2025, 06:10:16 PM] Reaction: guppy added ‼️ on message 1407117652177977477
[08/18/2025, 06:10:30 PM] Reaction: guppy added 🎉 on message 1407114294289629326
[08/18/2025, 06:28:35 PM] Reaction: Moineau added <:happycat:834819172546510868> on message 1407053534213443717
[08/18/2025, 06:28:42 PM] Reaction: Moineau added <:happycat:834819172546510868> on message 1407056859155665050
[08/18/2025, 06:28:46 PM] Reaction: Moineau added <:happycat:834819172546510868> on message 1407103572822200441
[08/18/2025, 06:28:56 PM] Reaction: Moineau added 🎉 on message 1407114294289629326
[08/18/2025, 06:29:06 PM] Reaction: Moineau added <:cute:933104767348134018> on message 1407116784959488010
[08/18/2025, 06:29:12 PM] Reaction: Moineau added ‼️ on message 1407117652177977477
[08/18/2025, 06:40:01 PM] Jacob [Fundraising Officer] in channel: purrley-pawsitive-pussy-pals: We have to do another officer outing to chili's sometime this semester
[08/18/2025, 06:40:04 PM] Jacob [Fundraising Officer] in channel: purrley-pawsitive-pussy-pals: ❤️
[08/18/2025, 06:40:21 PM] Jacob [Fundraising Officer] in channel: purrley-pawsitive-pussy-pals: Not to sound like a desperate ex but I miss y'all ❤️
[08/18/2025, 06:45:30 PM] mckayla [retired] in channel: purrley-pawsitive-pussy-pals: was literally today talking about how homophobic it was that u took a semester off 💔
[08/18/2025, 06:45:33 PM] Reaction: nostalgicsapphic added ‼️ on message 1407147055691858072
[08/18/2025, 06:46:12 PM] Reaction: Megan ;) added ‼️ on message 1407147055691858072
[08/18/2025, 06:46:48 PM] Reaction: darek added ‼️ on message 1407147055691858072
[08/18/2025, 06:49:00 PM] kazius [membership+fundraising] in channel: purrley-pawsitive-pussy-pals: sighs so loudly
[08/18/2025, 06:49:17 PM] kazius [membership+fundraising] in channel: purrley-pawsitive-pussy-pals: i cant fill out my move in inventory bc apparently i was never checked as moved in??? emailed housing and will call them tomorrow
[08/18/2025, 06:49:25 PM] Reaction: kaz added ‼️ on message 1407147055691858072
[08/18/2025, 06:49:29 PM] Reaction: kaz added ‼️ on message 1407148433596485642
[08/18/2025, 06:49:40 PM] kazius [membership+fundraising] in channel: purrley-pawsitive-pussy-pals: u r missed 🩷🩷
[08/18/2025, 06:49:40 PM] Derek [TNR] in channel: purrley-pawsitive-pussy-pals: Blows up ur apartment
[08/18/2025, 06:49:44 PM] Reaction: kaz added 😭 on message 1407149484865228873
[08/18/2025, 06:49:52 PM] kazius [membership+fundraising] in channel: purrley-pawsitive-pussy-pals: please no i almost have it done
[08/18/2025, 06:50:01 PM] kazius [membership+fundraising] in channel: purrley-pawsitive-pussy-pals: also derek u should come help me lug my trash down :3
[08/18/2025, 06:50:05 PM] kazius [membership+fundraising] in channel: purrley-pawsitive-pussy-pals: :33333333
[08/18/2025, 06:50:30 PM] Jacob [Fundraising Officer] in channel: purrley-pawsitive-pussy-pals: Bro the fomo is bad
[08/18/2025, 06:50:33 PM] Reaction: Rambone added 😭 on message 1407149484865228873
[08/18/2025, 06:50:39 PM] Reaction: Rambone added ❤️ on message 1407149481853452460
[08/18/2025, 06:50:46 PM] Jacob [Fundraising Officer] in channel: purrley-pawsitive-pussy-pals: I don't have one ToT
[08/18/2025, 06:50:50 PM] Jacob [Fundraising Officer] in channel: purrley-pawsitive-pussy-pals: Oh wait
[08/18/2025, 06:51:03 PM] Jacob [Fundraising Officer] in channel: purrley-pawsitive-pussy-pals: Ur talking about kaz
[08/18/2025, 06:51:04 PM] Jacob [Fundraising Officer] in channel: purrley-pawsitive-pussy-pals: Oops
[08/18/2025, 06:51:08 PM] Derek [TNR] in channel: purrley-pawsitive-pussy-pals: ugghhhhhhhhhh and I could cause I'm at bestbuy rn uggghhhhh
[08/18/2025, 06:51:14 PM] kazius [membership+fundraising] in channel: purrley-pawsitive-pussy-pals: PLEASE.
[08/18/2025, 06:51:14 PM] Reaction: darek added 😆 on message 1407149830697914469
[08/18/2025, 06:51:17 PM] Reaction: kaz added 😆 on message 1407149830697914469
[08/18/2025, 06:51:18 PM] Jacob [Fundraising Officer] in channel: purrley-pawsitive-pussy-pals: ToT
[08/18/2025, 06:51:22 PM] Derek [TNR] in channel: purrley-pawsitive-pussy-pals: Ugggghhhhhhhhhhhhhhhhhhhhhhhhghg
[08/18/2025, 06:51:25 PM] Jacob [Fundraising Officer] in channel: purrley-pawsitive-pussy-pals: Y'all should visit me at petco
[08/18/2025, 06:51:28 PM] Jacob [Fundraising Officer] in channel: purrley-pawsitive-pussy-pals: 👅
[08/18/2025, 06:51:31 PM] kazius [membership+fundraising] in channel: purrley-pawsitive-pussy-pals: i have at least 4 trips if i do it myself
[08/18/2025, 06:51:33 PM] Reaction: kaz added ‼️ on message 1407149925686448190
[08/18/2025, 06:51:34 PM] Reaction: kaz removed ‼️ on message 1407149925686448190
[08/18/2025, 06:51:36 PM] Reaction: kaz added 😭 on message 1407149925686448190
[08/18/2025, 06:51:42 PM] Derek [TNR] in channel: purrley-pawsitive-pussy-pals: Hey that sounds more fun /j
[08/18/2025, 06:51:47 PM] Reaction: e l u s i v e added ❤️ on message 1407020759871914015
[08/18/2025, 06:51:49 PM] Jacob [Fundraising Officer] in channel: purrley-pawsitive-pussy-pals: 🐐
[08/18/2025, 06:51:50 PM] kazius [membership+fundraising] in channel: purrley-pawsitive-pussy-pals: going to my place of work on my day off....very tempting! /sar /silly
[08/18/2025, 06:51:58 PM] Jacob [Fundraising Officer] in channel: purrley-pawsitive-pussy-pals: bro...
[08/18/2025, 06:52:03 PM] kazius [membership+fundraising] in channel: purrley-pawsitive-pussy-pals: if derek wants to im down
[08/18/2025, 06:52:23 PM] Derek [TNR] in channel: purrley-pawsitive-pussy-pals: No cause then I have to drive u back and I wanna go home
[08/18/2025, 06:53:21 PM] Reaction: kaz added 😭 on message 1407150168016687176
[08/18/2025, 06:53:27 PM] kazius [membership+fundraising] in channel: purrley-pawsitive-pussy-pals: sawry jacob 💔🥀
[08/18/2025, 06:53:37 PM] Megan [Feeding Head & PR] in channel: purrley-pawsitive-pussy-pals: wow derek hates you
[08/18/2025, 06:54:18 PM] Derek [TNR] in channel: purrley-pawsitive-pussy-pals: everyone when I don't give them my time at immediate request 💔
[08/18/2025, 06:55:29 PM] Reaction: Rambone added 😭 on message 1407150168016687176
[08/18/2025, 07:04:31 PM] kcreepertux04 in channel: yapper-committee: i would like microsoft to know how much i absolutely adhore onedrive
[08/18/2025, 07:05:04 PM] kcreepertux04 in channel: yapper-committee: why is the upload rate literally KB/s like what the heck is this CRIME, i have like 50GB to upload, and my internet upload is 500Mbps so I KNOW it aint my problem ITS YOURS
[08/18/2025, 07:08:53 PM] Reaction: austinbaustinb added ❤️ on message 1407130974944497805
[08/18/2025, 07:10:53 PM] Austin B [Records Director] in channel: logging: First guy to use this invite
[08/18/2025, 07:19:12 PM] Reaction: nostalgicsapphic added 😭 on message 1407134438554472508
[08/18/2025, 07:19:16 PM] Reaction: nostalgicsapphic added 🔥 on message 1407134454505537557
[08/18/2025, 07:19:24 PM] Reaction: nostalgicsapphic added 😭 on message 1407134801919737937
[08/18/2025, 07:19:27 PM] Reaction: nostalgicsapphic added 💔 on message 1407137327419228253
[08/18/2025, 07:19:27 PM] Reaction: nostalgicsapphic added 🥀 on message 1407137327419228253
[08/18/2025, 07:19:29 PM] Reaction: nostalgicsapphic added 😭 on message 1407137334620852244
[08/18/2025, 07:19:59 PM] Reaction: nostalgicsapphic added 😭 on message 1407137425943167077
[08/18/2025, 07:20:13 PM] Reaction: nostalgicsapphic added 😭 on message 1407149386940682343
[08/18/2025, 07:20:17 PM] Reaction: nostalgicsapphic added ‼️ on message 1407149481853452460
[08/18/2025, 07:20:21 PM] Reaction: nostalgicsapphic added 😭 on message 1407149694534287490
[08/18/2025, 07:20:26 PM] Reaction: nostalgicsapphic added 😆 on message 1407149830697914469
[08/18/2025, 07:20:56 PM] mckayla [retired] in channel: purrley-pawsitive-pussy-pals: THIS CLASS IS SO BORINGGGGF
[08/18/2025, 07:20:58 PM] MessageEdit: ID 1407157351022071819
  Before: THIS CLASS IS SO BORINGGGGF
  After:  THIS CLASS IS SO BORINGGGG
[08/18/2025, 07:23:57 PM] Reaction: kaz added 😭 on message 1407157351022071819
[08/18/2025, 07:34:33 PM] Austin B [Records Director] in channel: purrley-pawsitive-pussy-pals: Everyone say (or think to yourself silently) "good job austin's friend alfredo"
[08/18/2025, 07:34:43 PM] Austin B [Records Director] in channel: purrley-pawsitive-pussy-pals: Genuinely growing so much as a man
[08/18/2025, 07:34:56 PM] Austin B [Records Director] in channel: purrley-pawsitive-pussy-pals: Very very proud of him
[08/18/2025, 07:35:10 PM] Austin B [Records Director] in channel: purrley-pawsitive-pussy-pals: Dudes r not raised right but today we had a convo and i think he's about to overcome that
[08/18/2025, 07:35:25 PM] Reaction: austinbaustinb added ‼️ on message 1407115333797544060
[08/18/2025, 07:59:20 PM] Reaction: Rambone added 😭 on message 1407157351022071819
[08/18/2025, 07:59:35 PM] Jacob [Fundraising Officer] in channel: purrley-pawsitive-pussy-pals: W aflredo growth
[08/18/2025, 08:00:05 PM] hat in channel: feeding-team: Greens, HOP, and Lot 50 fed
[08/18/2025, 08:08:00 PM] Reaction: drain added <:happycat:834819172546510868> on message 1407053534213443717
[08/18/2025, 08:08:01 PM] Reaction: drain removed <:happycat:834819172546510868> on message 1407053534213443717
[08/18/2025, 08:08:17 PM] drain in channel: introductions: yass!!
[08/18/2025, 08:08:43 PM] drain in channel: introductions: I just wanted to come and ask how we can be an official member and meet times. There’s so many messages so it’s hard to keep up haha
[08/18/2025, 08:08:56 PM] natalie in channel: due-paying-portal: Natalie ramirez 
(Cashapp- $natal1ee)
[08/18/2025, 08:08:56 PM] Intent: Matched 'dues_notice' with args {'raw': 'Natalie ramirez \n(Cashapp- $natal1ee)'} from message 1407169429929853118
[08/18/2025, 08:09:21 PM] Reaction: Moxhi Moo added 🐙 on message 1407169378914406525
[08/18/2025, 08:10:42 PM] Acacia [Pencil’s #1 luvr] 🐙 in channel: introductions: we have a bake sale soon! all you need to do to be a member is just pay $15 a semester (or donate whatever is permissible in <#928060549089087538> )
[08/18/2025, 08:11:20 PM] drain in channel: introductions: Awesome! I’ll definitely try to be there!
[08/18/2025, 08:12:33 PM] Reaction: Moxhi Moo added 🐙 on message 1407170037575581797
[08/18/2025, 08:13:29 PM] Acacia [Pencil’s #1 luvr] 🐙 in channel: introductions: that channel is a little cluttered rn but usually it isnt,,
[08/18/2025, 08:14:22 PM] Acacia [Pencil’s #1 luvr] 🐙 in channel: introductions: theres an event tab for the server but no gen meeting plans yet
[08/18/2025, 08:14:27 PM] drain in channel: introductions: I’m also commuting so it might be a little tougher but whenever I can make it!
[08/18/2025, 08:14:33 PM] Reaction: Moxhi Moo added 🐙 on message 1407170820073066526
[08/18/2025, 08:18:52 PM] Reaction: nostalgicsapphic added 🔥 on message 1407160777772630228
[08/18/2025, 08:18:54 PM] Reaction: nostalgicsapphic added 🔥 on message 1407160935121948832
[08/18/2025, 08:24:23 PM] mckayla [retired] in channel: purrley-pawsitive-pussy-pals: this is about my intro to grad school class which we kinda sped through the discussions today and also i find most of the ppl in my cohort horribly boring
[08/18/2025, 08:27:04 PM] Reaction: Rowan added 🚗 on message 1027254815102881882
[08/18/2025, 08:27:04 PM] Reaction: Rowan removed 🏫 on message 1027254815102881882
[08/18/2025, 08:27:26 PM] Reaction: Rowan added 💙 on message 934597338951979109
[08/18/2025, 08:27:34 PM] Reaction: kaz added 😭 on message 1407173320947924992
[08/18/2025, 08:27:36 PM] kazius [membership+fundraising] in channel: purrley-pawsitive-pussy-pals: NOOOOOOO
[08/18/2025, 08:44:58 PM] hat in channel: feeding-team: How dare yall
[08/18/2025, 08:53:15 PM] miranda in channel: feeding-team: Growing pains as we get used to the schedule
[08/18/2025, 09:10:16 PM] Reaction: a added ❤️ on message 1407117357721063424
[08/18/2025, 09:11:08 PM] Reaction: nostalgicsapphic added ‼️ on message 1407174128053653696
[08/18/2025, 09:19:23 PM] MemberJoin: jhonny3313 via rAEFDeT
[08/18/2025, 09:20:36 PM] Event: member_remove — {"ts": "2025-08-19T02:20:36.053736+00:00", "event": "member_remove", "id": 1407187020442374213, "name": "jhonny3313"}
[08/18/2025, 09:28:48 PM] cel [head wench] in channel: logging: fuck you too john💀
[08/18/2025, 09:29:59 PM] cel [head wench] in channel: introductions: we got them in the plans, just double checking everyone’s availability <:evilook:933102011124187166>
[08/18/2025, 09:31:48 PM] cel [head wench] in channel: feeding-team: this is wild
[08/18/2025, 09:34:31 PM] kazius [membership+fundraising] in channel: purrley-pawsitive-pussy-pals: i have not one...not two...but THREE. PAIRS. OF HAIRCUTTING SCISSORS
[08/18/2025, 09:34:43 PM] Reaction: nostalgicsapphic added 😆 on message 1407190967202742386
[08/18/2025, 09:34:48 PM] kazius [membership+fundraising] in channel: purrley-pawsitive-pussy-pals: i forgot that i had gotten a nice set as a gift from my parents and THATS where my freaking razor was
[08/18/2025, 09:34:58 PM] mckayla [retired] in channel: purrley-pawsitive-pussy-pals: stay strapped
[08/18/2025, 09:34:59 PM] Reaction: nostalgicsapphic added 😆 on message 1407191041299320903
[08/18/2025, 09:35:06 PM] kazius [membership+fundraising] in channel: purrley-pawsitive-pussy-pals: real 😭😭😭😭😭
[08/18/2025, 09:35:18 PM] kazius [membership+fundraising] in channel: purrley-pawsitive-pussy-pals: im starting to consider just never throwing away my trasg
[08/18/2025, 09:35:20 PM] kazius [membership+fundraising] in channel: purrley-pawsitive-pussy-pals: its so bad
[08/18/2025, 09:35:32 PM] Reaction: nostalgicsapphic added 😭 on message 1407191167078105088
[08/18/2025, 09:35:41 PM] kazius [membership+fundraising] in channel: purrley-pawsitive-pussy-pals: tomorrow me problem. i will condense it then.
[08/18/2025, 09:35:49 PM] Reaction: nostalgicsapphic added 🔥 on message 1407191263056494733
[08/18/2025, 09:37:03 PM] cel [head wench] in channel: purrley-pawsitive-pussy-pals: holy shit (i remember how much those scissors cost)
[08/18/2025, 09:37:10 PM] Reaction: kaz added 😭 on message 1407191608348377099
[08/18/2025, 09:37:28 PM] cel [head wench] in channel: purrley-pawsitive-pussy-pals: went to sally’s one time to see how much a pair of shears were and i damn near flung myself into the road
[08/18/2025, 09:37:45 PM] kazius [membership+fundraising] in channel: purrley-pawsitive-pussy-pals: real
[08/18/2025, 09:37:55 PM] kazius [membership+fundraising] in channel: purrley-pawsitive-pussy-pals: my first pair was 50$ ish ? the cricket brand is fairly good
[08/18/2025, 09:38:04 PM] kazius [membership+fundraising] in channel: purrley-pawsitive-pussy-pals: theyre this rose gold pair ive needed to get sharpened for yearssss
[08/18/2025, 09:38:37 PM] kazius [membership+fundraising] in channel: purrley-pawsitive-pussy-pals: my second pair i had to order off amazon bc i needed thinning shears and my school never gave me the link/site for the scissors i was Supposed to order
[08/18/2025, 09:39:10 PM] kazius [membership+fundraising] in channel: purrley-pawsitive-pussy-pals: i wanted to get another much pricier set when i was actively cutting hair but my parents got me this last set so i never did it which was for the best
[08/18/2025, 09:39:35 PM] kazius [membership+fundraising] in channel: feeding-team: no excuses. bring back the guillotine! /j
[08/18/2025, 09:39:39 PM] seja in channel: feeding-team: Summer feeders would never 🙄
[08/18/2025, 09:39:43 PM] Reaction: kaz added ‼️ on message 1407192260461727814
[08/18/2025, 09:40:08 PM] cel [head wench] in channel: purrley-pawsitive-pussy-pals: i’m such a huge supporter of the shears and the razors yall use for feathering
[08/18/2025, 09:40:11 PM] zahara 🌙 in channel: feeding-team: Wait, question, what do we do in an event if a station doesnt have a feeder for the day
[08/18/2025, 09:40:26 PM] kazius [membership+fundraising] in channel: feeding-team: usually the kitties are okay missing one day
[08/18/2025, 09:40:41 PM] cel [head wench] in channel: purrley-pawsitive-pussy-pals: i be giddy in my chair whenever my stylist gets the razor out to start adding texture
[08/18/2025, 09:40:45 PM] kazius [membership+fundraising] in channel: feeding-team: if someone js available and wants to go feed them thats fine but not necessary as long as one station isnt being missed multiple days in a row
[08/18/2025, 09:41:35 PM] kazius [membership+fundraising] in channel: purrley-pawsitive-pussy-pals: HEHEHE im so glad
[08/18/2025, 09:41:40 PM] kazius [membership+fundraising] in channel: purrley-pawsitive-pussy-pals: razor cutting is such a fucking skill
[08/18/2025, 09:41:49 PM] zahara 🌙 in channel: feeding-team: gotcha, some of them are little chunky things
[08/18/2025, 09:42:24 PM] kazius [membership+fundraising] in channel: purrley-pawsitive-pussy-pals: rhey dont teach it super in depth during school at least not mine bc most ppl dont like the edges it gives/because people have used them on the wrong hair texture razors were seen as Bad
[08/18/2025, 09:42:35 PM] kazius [membership+fundraising] in channel: feeding-team: yessss
[08/18/2025, 09:42:51 PM] kazius [membership+fundraising] in channel: feeding-team: they all can hunt too!
[08/18/2025, 09:43:11 PM] kazius [membership+fundraising] in channel: purrley-pawsitive-pussy-pals: ???????????????????
[08/18/2025, 09:44:01 PM] Reaction: lunanight added 🤗 on message 1407193066434985985
[08/18/2025, 09:56:20 PM] RJ in channel: yapper-committee: I feel like ur mistake is using onedrive <:catgag:972651596234244127>
[08/18/2025, 09:56:20 PM] Reaction: guppy added ❤️ on message 1407167202800439359
[08/18/2025, 09:56:27 PM] RJ in channel: feeding-team: ahhhh I love those lot 50 cats soo much esp how they all come out to eat at once <:nom:834819064177623091>
[08/18/2025, 09:59:00 PM] kcreepertux04 in channel: yapper-committee: i dont want to, i onyl have it as a byproduct of my access to excel and crap
[08/18/2025, 09:59:23 PM] kcreepertux04 in channel: yapper-committee: i dont have enough google drive space to backup my files before i swap to windows 11 so im tryna use onedrive but this is pain
[08/18/2025, 10:04:05 PM] Derek [TNR] in channel: logging: can't even spell their name right
[08/18/2025, 10:16:26 PM] kazius [membership+fundraising] in channel: purrley-pawsitive-pussy-pals: is anyone desiring a 1 inch curling wand
[08/18/2025, 10:17:50 PM] Reaction: Hatshura added ‼️ on message 1407192260461727814
[08/18/2025, 10:27:05 PM] Reaction: Rambone added 😭 on message 1407173320947924992
[08/18/2025, 10:27:16 PM] Reaction: Rambone added 😆 on message 1407190967202742386
[08/18/2025, 10:28:01 PM] Jacob [Fundraising Officer] in channel: purrley-pawsitive-pussy-pals: yes please
[08/18/2025, 10:28:09 PM] Jacob [Fundraising Officer] in channel: purrley-pawsitive-pussy-pals: (i have no use for one)
[08/18/2025, 10:28:19 PM] Reaction: nostalgicsapphic added 😭 on message 1407193148572303500
[08/18/2025, 10:28:31 PM] Reaction: Rambone added 😭 on message 1407193148572303500
[08/18/2025, 10:29:52 PM] Austin B [Records Director] in channel: purrley-pawsitive-pussy-pals: Cybersecurity is fun
[08/18/2025, 10:30:09 PM] Austin B [Records Director] in channel: purrley-pawsitive-pussy-pals: I am trying to hack into my apartment's lock
[08/18/2025, 10:30:22 PM] Austin B [Records Director] in channel: purrley-pawsitive-pussy-pals: So i can either unlock/lock it with a special ring or an implant in my hand
[08/18/2025, 10:30:46 PM] Derek [TNR] in channel: purrley-pawsitive-pussy-pals: nfc tag under your nail
[08/18/2025, 10:30:55 PM] Austin B [Records Director] in channel: purrley-pawsitive-pussy-pals: but clearly an apartment wouldn't want this to be an easy thing to hack
[08/18/2025, 10:31:17 PM] Austin B [Records Director] in channel: purrley-pawsitive-pussy-pals: so like the more and more i think 'wait what about this', the more i get proof that the guys designing these things were in my exact situation
[08/18/2025, 10:31:29 PM] Austin B [Records Director] in channel: purrley-pawsitive-pussy-pals: its like a 40yr old designing around what 20yr old them was thinking
[08/18/2025, 10:31:31 PM] Austin B [Records Director] in channel: purrley-pawsitive-pussy-pals: and its so funny
[08/18/2025, 10:31:35 PM] Austin B [Records Director] in channel: purrley-pawsitive-pussy-pals: i have no original thought
[08/18/2025, 10:31:48 PM] Austin B [Records Director] in channel: purrley-pawsitive-pussy-pals: This is great and i love the back and forths you can see of hackers vs. security type stuff
[08/18/2025, 10:32:12 PM] Austin B [Records Director] in channel: purrley-pawsitive-pussy-pals: 'under your nail' is a image in my head
[08/18/2025, 10:32:17 PM] Austin B [Records Director] in channel: purrley-pawsitive-pussy-pals: tf
[08/18/2025, 10:32:22 PM] Austin B [Records Director] in channel: purrley-pawsitive-pussy-pals: is a horrible image in my head
[08/18/2025, 10:32:25 PM] Austin B [Records Director] in channel: purrley-pawsitive-pussy-pals: ^
[08/18/2025, 10:32:40 PM] Austin B [Records Director] in channel: purrley-pawsitive-pussy-pals: my nails r sacred. anything between that and my skin gives me the heebiejeebies
[08/18/2025, 10:34:23 PM] Derek [TNR] in channel: purrley-pawsitive-pussy-pals: like
[08/18/2025, 10:34:33 PM] Derek [TNR] in channel: purrley-pawsitive-pussy-pals: nvm you probably dont have nails long enough for it
[08/18/2025, 10:34:37 PM] Derek [TNR] in channel: purrley-pawsitive-pussy-pals: like not in ur skin
[08/18/2025, 10:35:42 PM] Austin B [Records Director] in channel: purrley-pawsitive-pussy-pals: oh
[08/18/2025, 10:35:46 PM] Austin B [Records Director] in channel: purrley-pawsitive-pussy-pals: yeah i keep them things stubby
[08/18/2025, 10:36:04 PM] Austin B [Records Director] in channel: purrley-pawsitive-pussy-pals: itd be in the little fleshy area between my thumb connector bone and pointer connector bone if its an implant
[08/18/2025, 10:36:10 PM] Austin B [Records Director] in channel: purrley-pawsitive-pussy-pals: if not yea just a ring
[08/18/2025, 10:38:35 PM] Reaction: Kitadan added ‼️ on message 1407192260461727814
[08/18/2025, 10:38:59 PM] Reaction: Kitadan added ❤️ on message 1407167202800439359
[08/18/2025, 10:39:02 PM] Reaction: Kitadan added ❤️ on message 1407132612824137792
[08/18/2025, 10:42:31 PM] Reaction: SimplyShadow17 added ‼️ on message 1407192260461727814
[08/18/2025, 10:54:00 PM] Reaction: coziiDruid added ❤️ on message 1407117357721063424
[08/18/2025, 10:54:18 PM] nick [vp of all cats] in channel: pet-pictures: <@607002156247154688> black kitty ^
[08/18/2025, 10:55:36 PM] nick [vp of all cats] in channel: purrley-pawsitive-pussy-pals: a what
[08/18/2025, 10:55:38 PM] nick [vp of all cats] in channel: purrley-pawsitive-pussy-pals: oh
[08/18/2025, 10:55:44 PM] nick [vp of all cats] in channel: purrley-pawsitive-pussy-pals: bahsha
[08/18/2025, 10:55:50 PM] Reaction: nostalgicsapphic added 😭 on message 1407211382109114549
[08/18/2025, 10:56:31 PM] nick [vp of all cats] in channel: purrley-pawsitive-pussy-pals: had a convo abt mental health with my mom earlier during which i had to get up abruptly TWICE. to go throw up.
[08/18/2025, 10:56:48 PM] Reaction: nostalgicsapphic added 😭 on message 1407211607351890032
[08/18/2025, 10:56:52 PM] mckayla [retired] in channel: purrley-pawsitive-pussy-pals: :(
[08/18/2025, 10:57:32 PM] nick [vp of all cats] in channel: purrley-pawsitive-pussy-pals: it was for unrelated reasons twas just funny
[08/18/2025, 10:57:55 PM] mckayla [retired] in channel: purrley-pawsitive-pussy-pals: dang djdhd
[08/18/2025, 10:58:01 PM] mckayla [retired] in channel: purrley-pawsitive-pussy-pals: that sounds stressful tho
[08/18/2025, 10:58:10 PM] nick [vp of all cats] in channel: purrley-pawsitive-pussy-pals: it was :)
[08/18/2025, 10:58:12 PM] Reaction: kaz added 😭 on message 1407211382109114549
[08/18/2025, 10:58:19 PM] nick [vp of all cats] in channel: purrley-pawsitive-pussy-pals: esp bc it was attached to a convo abt school
[08/18/2025, 10:58:19 PM] Reaction: kaz added 😭 on message 1407211607351890032
[08/18/2025, 10:58:25 PM] kazius [membership+fundraising] in channel: purrley-pawsitive-pussy-pals: oh geez
[08/18/2025, 10:58:29 PM] Reaction: nostalgicsapphic added 😭 on message 1407212056276631694
[08/18/2025, 10:58:52 PM] kazius [membership+fundraising] in channel: yapper-committee: hear me out
[08/18/2025, 10:59:00 PM] kazius [membership+fundraising] in channel: yapper-committee: upgrade gdrive and ditch one drive
[08/18/2025, 11:04:38 PM] Reaction: guppy added ‼️ on message 1407212229085892658
[08/18/2025, 11:05:27 PM] mckayla [retired] in channel: pet-pictures: AGHHOFUDHDHDH SO PRETTYYYY
[08/18/2025, 11:10:05 PM] Reaction: Kitadan added ❤️ on message 1407117357721063424
[08/18/2025, 11:10:47 PM] Kitadan in channel: feeding-team: <@499034835562790912>   I know you asked for a video but I hope my four picture guide is enough.
[08/18/2025, 11:12:46 PM] kcreepertux04 in channel: yapper-committee: I only have one drive as a byproduct of using excel and shit
[08/18/2025, 11:13:18 PM] kcreepertux04 in channel: yapper-committee: but i’m about to just cancel my microsoft 365 cuz apparently you can just buy excess and word and stuff outright which i wanted to do originally but microsoft didn’t pose it as an option for me originally
[08/18/2025, 11:13:33 PM] kcreepertux04 in channel: yapper-committee: so they’ve been conning me of my money on a monthly basis forever now
[08/18/2025, 11:16:04 PM] MemberJoin: Synkronized via rAEFDeT
[08/18/2025, 11:19:28 PM] Nicole in channel: feeding-team: I’m going to feed business snickers microwave
[08/18/2025, 11:20:34 PM] MemberJoin: Toad via rAEFDeT
[08/18/2025, 11:21:17 PM] Reaction: Toad added <:catthumbsup:931115163317329920> on message 1327857087325405225
[08/18/2025, 11:21:36 PM] Reaction: Toad added 🎒 on message 934598820183044206
[08/18/2025, 11:21:44 PM] Reaction: guppy added 😭 on message 1407215893712470047
[08/18/2025, 11:21:45 PM] Reaction: Toad added 🔵 on message 934604771929763860
[08/18/2025, 11:21:55 PM] Reaction: Toad added 🏫 on message 1027254815102881882
[08/18/2025, 11:22:09 PM] RJ in channel: yapper-committee: I know ur not a uta student anymore but do you get free microsoft 365 with your unt email?
[08/18/2025, 11:26:25 PM] ari in channel: yapper-committee: omg thats meee
[08/18/2025, 11:28:02 PM] Reaction: Synkronized added <:catthumbsup:931115163317329920> on message 1327857087325405225
[08/18/2025, 11:28:56 PM] kcreepertux04 in channel: yapper-committee: nope
[08/18/2025, 11:29:16 PM] kcreepertux04 in channel: yapper-committee: I’d rather just pay the $150 to own it and not worry about it anymore
[08/18/2025, 11:30:06 PM] Toad in channel: pictures-of-the-cats: New here. Here are my finds so far
[08/18/2025, 11:34:28 PM] Nicole in channel: feeding-team: 
[08/18/2025, 11:34:37 PM] Nicole in channel: feeding-team: I forgot to take one of business
[08/18/2025, 11:36:54 PM] Reaction: SimplyShadow17 added ‼️ on message 1407220055137189969
[08/18/2025, 11:43:45 PM] Reaction: Hatshura added ❤️ on message 1407221152086229004
[08/18/2025, 11:44:52 PM] ᓚᘏᗢ in channel: yapper-committee: alternative: external hard drive
[08/18/2025, 11:45:55 PM] MemberJoin: DreamBoat via rAEFDeT
