[08/30/2025 12:09:24.493 AM] Message  || User: racerdg             || Channel: #logging                             || Content: (no text; attachments=0)
[08/30/2025 12:35:10.229 AM] Message  || User: emiximez            || Channel: #bot-spam                            || Content: tomcat who is paprika
[08/30/2025 12:35:10.748 AM] Action   || Name: muted_send          || Trigger: channel=#bot-spam                    || Output: No match for 'paprika'.
[08/30/2025 12:35:17.513 AM] Message  || User: emiximez            || Channel: #bot-spam                            || Content: coming up with cat names
[08/30/2025 12:37:37.718 AM] Message  || User: emiximez            || Channel: #bot-spam                            || Content: tomcat who is licorice
[08/30/2025 12:37:38.237 AM] Action   || Name: muted_send          || Trigger: channel=#bot-spam                    || Output: No match for 'licorice'.
[08/30/2025 12:38:39.526 AM] Message  || User: emiximez            || Channel: #bot-spam                            || Content: who is cayenne
[08/30/2025 12:38:39.845 AM] Action   || Name: muted_send          || Trigger: channel=#bot-spam                    || Output: No match for 'cayenne'.
[08/30/2025 12:38:46.342 AM] Message  || User: emiximez            || Channel: #bot-spam                            || Content: tomcat who is cayenne
[08/30/2025 12:38:46.596 AM] Action   || Name: muted_send          || Trigger: channel=#bot-spam                    || Output: No match for 'cayenne'.
[08/30/2025 12:40:09.005 AM] Message  || User: emiximez            || Channel: #cat-name-ideas                      || Content: cat names (spice/herb edition)

paprika
basil
saffron
cinnamon
nutmeg
clove
rosemary
oregano
lavender
licorice
wasabi
salt
chili

duo names
sugar and spice
chips and salsa
mac and cheese
forest and fern
[08/30/2025 12:42:02.327 AM] Message  || User: emiximez            || Channel: #cat-name-ideas                      || Content: honey
[08/30/2025 12:42:12.368 AM] Message  || User: emiximez            || Channel: #cat-name-ideas                      || Content: pudding
[08/30/2025 12:42:31.552 AM] Message  || User: emiximez            || Channel: #cat-name-ideas                      || Content: biscuit
[08/30/2025 12:44:34.035 AM] Message  || User: kitadan             || Channel: #bot-spam                            || Content: Please don't select Paprika as two previous kittens at Zen were given that name and are no longer with us.  Same with the name Loki.
[08/30/2025 12:45:00.045 AM] Message  || User: emiximez            || Channel: #bot-spam                            || Content: thank you!!
[08/30/2025 12:48:23.817 AM] Message  || User: kitadan             || Channel: #bot-spam                            || Content: ||stupid double letter||
[08/30/2025 12:51:30.075 AM] Message  || User: layotu              || Channel: #yapper-committee                    || Content: Joker if straight people were a minority in Gotham: why so queerious?
[08/30/2025 12:52:47.157 AM] Message  || User: dandelion021._.     || Channel: #yapper-committee                    || Content: LOLL
[08/30/2025 12:53:08.755 AM] Message  || User: dandelion021._.     || Channel: #yapper-committee                    || Content: me after my schedule changed for saturday so now i go in at 10 instead of 8:30
[08/30/2025 12:53:10.512 AM] Message  || User: dandelion021._.     || Channel: #yapper-committee                    || Content: 😍
[08/30/2025 12:53:28.246 AM] Message  || User: dandelion021._.     || Channel: #yapper-committee                    || Content: it’s like little bit of happiness in life i swear
[08/30/2025 12:53:42.603 AM] Message  || User: dandelion021._.     || Channel: #yapper-committee                    || Content: PLUS i can stay up longer knowing i can sleep in til 9 😍
[08/30/2025 01:41:29.902 AM] Message  || User: spitonme            || Channel: #itty-bitty-kitty-commitee           || Content: no seriously like i saw him tdy too and didnt see anything THAT goopy
[08/30/2025 01:41:55.622 AM] Message  || User: spitonme            || Channel: #itty-bitty-kitty-commitee           || Content: in bluebonnet ballroom?
[08/30/2025 01:44:28.278 AM] Message  || User: spitonme            || Channel: #bot-spam                            || Content: wtf
[08/30/2025 01:44:33.724 AM] Message  || User: spitonme            || Channel: #bot-spam                            || Content: that might be like the best
[08/30/2025 01:44:38.194 AM] Message  || User: spitonme            || Channel: #bot-spam                            || Content: like my best one yet
[08/30/2025 01:44:42.130 AM] Message  || User: spitonme            || Channel: #bot-spam                            || Content: oh my god what is this feeling
[08/30/2025 01:44:47.399 AM] Message  || User: spitonme            || Channel: #bot-spam                            || Content: this is a rush
[08/30/2025 01:44:53.238 AM] Message  || User: spitonme            || Channel: #bot-spam                            || Content: is this what cocaine bear felt like
[08/30/2025 01:44:59.860 AM] Message  || User: spitonme            || Channel: #bot-spam                            || Content: oh my god i feel like louis griffin
[08/30/2025 01:45:13.755 AM] Message  || User: spitonme            || Channel: #bot-spam                            || Content: https://tenor.com/view/lois-griffin-lois-family-guy-car-clothes-gif-15939984792123521905
[08/30/2025 01:46:09.754 AM] Message  || User: spitonme            || Channel: #pictures-of-the-cats                || Content: €HES SOCJUTE
[08/30/2025 02:52:31.766 AM] Message  || User: marciepoo143        || Channel: #bot-spam                            || Content: IMGGIGGLLING
[08/30/2025 02:52:44.889 AM] Message  || User: marciepoo143        || Channel: #bot-spam                            || Content: so real for this though Waow...What a wordle
[08/30/2025 03:41:45.628 AM] Message  || User: racerdg             || Channel: #yapper-committee                    || Content: AUUUGH @Derek [TNR] https://x.com/mikuexpo/status/1961704998666211690
[08/30/2025 03:42:02.098 AM] Message  || User: racerdg             || Channel: #yapper-committee                    || Content: the way this is how it was announced is killing me like okay
[08/30/2025 03:42:38.576 AM] Message  || User: racerdg             || Channel: #yapper-committee                    || Content: anyways im praying for whoever wins this sawtowne is such a tough act to follow
[08/30/2025 05:50:03.840 AM] Message  || User: kcreepertux04       || Channel: #yapper-committee                    || Content: chat let’s play a game how many times can i replay kelly clarksons cover of fake plastic trees this month before i get sick of the song completely
[08/30/2025 06:28:07.360 AM] Message  || User: a1darek             || Channel: #purrley-pawsitive-pussy-pals        || Content: Slept through my alarms and had to get ready and be at the office in 26 minutes....
[08/30/2025 06:28:17.879 AM] Message  || User: a1darek             || Channel: #purrley-pawsitive-pussy-pals        || Content: Brekkies...
[08/30/2025 06:48:40.486 AM] Message  || User: a1darek             || Channel: #yapper-committee                    || Content: ASK AND WE SHALL RECEIVE?????
[08/30/2025 06:58:48.110 AM] Message  || User: astro_db            || Channel: #yapper-committee                    || Content: New Facebook Banner
[08/30/2025 06:58:59.279 AM] Message  || User: astro_db            || Channel: #yapper-committee                    || Content: All from Photos I took
[08/30/2025 07:00:15.367 AM] Message  || User: astro_db            || Channel: #pictures-of-the-cats                || Content: I did a thing, but it was 3 Gigabytes... so I uploaded it to YouTube to share
[08/30/2025 07:00:46.006 AM] Message  || User: astro_db            || Channel: #pictures-of-the-cats                || Content: https://youtu.be/B1kraJ8LWMw?si=eyKTwgUDHLTA2oqj
[08/30/2025 07:02:49.743 AM] Message  || User: astro_db            || Channel: #pictures-of-the-cats                || Content: Or should this be in External Promotions?
[08/30/2025 07:02:52.511 AM] Message  || User: astro_db            || Channel: #pictures-of-the-cats                || Content: Idk
[08/30/2025 07:33:30.474 AM] Message  || User: a1darek             || Channel: #purrley-pawsitive-pussy-pals        || Content: Okay brekkies achieved I'm alive again
[08/30/2025 09:05:09.815 AM] Message  || User: spitonme            || Channel: #bot-spam                            || Content: im so impressed w myself
[08/30/2025 09:30:53.146 AM] Message  || User: coziidruid          || Channel: #executive-board                     || Content: mr man stop ittt
[08/30/2025 09:31:22.065 AM] Message  || User: coziidruid          || Channel: #purrley-pawsitive-pussy-pals        || Content: cirque is CONSTANTLY sleeping on our pillows since we moved
[08/30/2025 09:31:47.929 AM] Message  || User: coziidruid          || Channel: #purrley-pawsitive-pussy-pals        || Content: i kid u not, yesterday after i came home from work she was on the pillows the WHOLE NIGHT
[08/30/2025 09:32:00.460 AM] Message  || User: coziidruid          || Channel: #purrley-pawsitive-pussy-pals        || Content: did not see her anywhere else
[08/30/2025 09:32:45.288 AM] Message  || User: coziidruid          || Channel: #purrley-pawsitive-pussy-pals        || Content: n e ways my head is resting next to her front paws and she twitches when shes in deep deep sleep so i can feel her twitching all over my scalp
[08/30/2025 09:37:18.852 AM] Message  || User: coziidruid          || Channel: #memes                               || Content: i have a poster design somewhere advertising microwave as an unofficial therapist if that counts
[08/30/2025 09:42:20.572 AM] Message  || User: coziidruid          || Channel: #pet-pictures                        || Content: she did nothing wrong aaaaa
[08/30/2025 09:43:01.217 AM] Message  || User: coziidruid          || Channel: #pet-pictures                        || Content: here r recent pictures of my favoritest silly pug at my work :3
[08/30/2025 09:58:47.770 AM] Message  || User: slayc127            || Channel: #pet-pictures                        || Content: I LOV THEMMMMMM OMFG
[08/30/2025 10:05:10.939 AM] Message  || User: a1darek             || Channel: #purrley-pawsitive-pussy-pals        || Content: working through the storm
[08/30/2025 10:05:12.104 AM] Message  || User: a1darek             || Channel: #purrley-pawsitive-pussy-pals        || Content: :[
[08/30/2025 10:41:39.712 AM] Message  || User: a1darek             || Channel: #purrley-pawsitive-pussy-pals        || Content: You will all go to miku expo 2026 with me
[08/30/2025 11:03:22.568 AM] Message  || User: austinbaustinb      || Channel: #purrley-pawsitive-pussy-pals        || Content: Hater is just fine. Next weekend perchance.
[08/30/2025 11:10:57.561 AM] Message  || User: lance030315         || Channel: #pictures-of-the-cats                || Content: It’s amazing
[08/30/2025 11:39:26.776 AM] Message  || User: m_digio             || Channel: #purrley-pawsitive-pussy-pals        || Content: Im a fraud
[08/30/2025 11:39:50.170 AM] Message  || User: a1darek             || Channel: #purrley-pawsitive-pussy-pals        || Content: EW!!!
[08/30/2025 11:49:43.910 AM] Message  || User: slayc127            || Channel: #purrley-pawsitive-pussy-pals        || Content: mods ban her
[08/30/2025 11:50:12.536 AM] Message  || User: slayc127            || Channel: #pictures-of-the-cats                || Content: we should def share this on the insta!! at least as a story
[08/30/2025 11:50:19.166 AM] Message  || User: slayc127            || Channel: #pictures-of-the-cats                || Content: lmk if ur comfy w that
[08/30/2025 11:50:43.421 AM] Message  || User: slayc127            || Channel: #purrley-pawsitive-pussy-pals        || Content: got caught by two trains back to back omw to work
[08/30/2025 11:50:46.386 AM] Message  || User: slayc127            || Channel: #purrley-pawsitive-pussy-pals        || Content: r we joking
[08/30/2025 11:51:06.688 AM] Message  || User: nostalgicsapphic    || Channel: #purrley-pawsitive-pussy-pals        || Content: EVIL
[08/30/2025 11:51:32.748 AM] Message  || User: slayc127            || Channel: #purrley-pawsitive-pussy-pals        || Content: horrific
[08/30/2025 11:51:39.936 AM] Message  || User: slayc127            || Channel: #purrley-pawsitive-pussy-pals        || Content: however the rain makes up for it
[08/30/2025 11:51:49.002 AM] Message  || User: slayc127            || Channel: #purrley-pawsitive-pussy-pals        || Content: pretty sure i have a class at 1215 tho but idr
[08/30/2025 11:52:22.838 AM] Message  || User: slayc127            || Channel: #purrley-pawsitive-pussy-pals        || Content: nope its 1230 and i dont think bro will show up anyway
[08/30/2025 11:52:23.651 AM] Action   || Name: muted_send          || Trigger: channel=#purrley-pawsitive-pussy-pals || Output: No match for 'up anyway'.
[08/30/2025 11:52:38.100 AM] Message  || User: astro_db            || Channel: #pictures-of-the-cats                || Content: I am but it is 1 hour and 3 Gigabytes
[08/30/2025 11:52:48.665 AM] Message  || User: astro_db            || Channel: #pictures-of-the-cats                || Content: @kazius [membership+fundraising] You just need a link?
[08/30/2025 11:56:02.191 AM] Message  || User: slayc127            || Channel: #pictures-of-the-cats                || Content: yar just posting the link! ill take it from what u sent here
[08/30/2025 11:56:09.347 AM] Message  || User: astro_db            || Channel: #pictures-of-the-cats                || Content: That works
[08/30/2025 11:56:34.543 AM] Message  || User: slayc127            || Channel: #pictures-of-the-cats                || Content: perfect!! do you want tagged in the post or nah ?
[08/30/2025 11:57:41.384 AM] Message  || User: astro_db            || Channel: #pictures-of-the-cats                || Content: Sure
[08/30/2025 11:58:01.606 AM] Message  || User: slayc127            || Channel: #pictures-of-the-cats                || Content: okieeee
[08/30/2025 11:58:06.917 AM] Message  || User: _costco_wholesale_  || Channel: #due-paying-portal                   || Content: Gunjan Shrestha through PayPal!
[08/30/2025 11:58:56.195 AM] Message  || User: m_digio             || Channel: #bot-spam                            || Content: I dont know what that word means
[08/30/2025 12:08:46.390 PM] Message  || User: astro_db            || Channel: #pictures-of-the-cats                || Content: Thank you
[08/30/2025 12:08:51.395 PM] Message  || User: astro_db            || Channel: #pictures-of-the-cats                || Content: For the tag
[08/30/2025 12:17:31.740 PM] Message  || User: slayc127            || Channel: #pictures-of-the-cats                || Content: for surezie!
[08/30/2025 12:28:36.752 PM] Message  || User: iluvslothsandnotu   || Channel: #introductions                       || Content: Hiii! I’m arisha! I’m a freshman at UTA! (:
[08/30/2025 12:33:29.225 PM] Message  || User: spitonme            || Channel: #bot-spam                            || Content: ||its like a feeling||
[08/30/2025 12:33:40.799 PM] Message  || User: spitonme            || Channel: #bot-spam                            || Content: ||like ecstatic||
[08/30/2025 12:34:05.416 PM] Message  || User: coziidruid          || Channel: #bot-spam                            || Content: spoiler for what the word is ||tbh ive never heard it as just “elate” usually i hear it like “i feel so elated” which is like feeling very very happy||
[08/30/2025 12:34:38.630 PM] Message  || User: coziidruid          || Channel: #bot-spam                            || Content: ||looked it up and elate is the verb format of it so to elate is to make someone feel elated. stupid as hell i hate this game.||
[08/30/2025 12:35:02.470 PM] Message  || User: slayc127            || Channel: #purrley-pawsitive-pussy-pals        || Content: @mckayla [retired] bring kazius ice cream
[08/30/2025 12:35:04.300 PM] Message  || User: spitonme            || Channel: #bot-spam                            || Content: oh rlly
[08/30/2025 12:35:07.936 PM] Message  || User: spitonme            || Channel: #bot-spam                            || Content: yeah same
[08/30/2025 12:35:13.316 PM] Message  || User: coziidruid          || Channel: #pet-pictures                        || Content: i love her so much i want to omnomnom
[08/30/2025 12:35:29.868 PM] Message  || User: slayc127            || Channel: #pet-pictures                        || Content: not if i do it first
[08/30/2025 12:35:30.794 PM] Message  || User: nostalgicsapphic    || Channel: #purrley-pawsitive-pussy-pals        || Content: can’t💔
[08/30/2025 12:35:41.158 PM] Message  || User: slayc127            || Channel: #purrley-pawsitive-pussy-pals        || Content: so u want me dead
[08/30/2025 12:35:50.557 PM] Message  || User: nostalgicsapphic    || Channel: #purrley-pawsitive-pussy-pals        || Content: banned from every ice cream shop ever💔
[08/30/2025 12:36:04.331 PM] Message  || User: coziidruid          || Channel: #pet-pictures                        || Content: she eats poop so ill omnom her from a distance
[08/30/2025 12:36:06.186 PM] Message  || User: spitonme            || Channel: #itty-bitty-kitty-commitee           || Content: Holy canoodle my cc balance rn is at like $300
[08/30/2025 12:36:22.150 PM] Message  || User: spitonme            || Channel: #itty-bitty-kitty-commitee           || Content: i must forbid myself from buying things for the rest of the year im cjejdjsksmw
[08/30/2025 12:36:28.924 PM] Message  || User: coziidruid          || Channel: #purrley-pawsitive-pussy-pals        || Content: tbh? id keel over and die if that were me
[08/30/2025 12:36:30.710 PM] Message  || User: coziidruid          || Channel: #purrley-pawsitive-pussy-pals        || Content: no ice cream
[08/30/2025 12:36:34.110 PM] Message  || User: coziidruid          || Channel: #purrley-pawsitive-pussy-pals        || Content: twisted reality
[08/30/2025 12:36:38.175 PM] Message  || User: slayc127            || Channel: #purrley-pawsitive-pussy-pals        || Content: no forreal.
[08/30/2025 12:36:40.629 PM] Message  || User: slayc127            || Channel: #purrley-pawsitive-pussy-pals        || Content: i couldnt exist
[08/30/2025 12:36:52.436 PM] Message  || User: yaeji               || Channel: #itty-bitty-kitty-commitee           || Content: i maxed out my credit card to buy the switch 2 a few months ago
[08/30/2025 12:36:52.608 PM] Message  || User: coziidruid          || Channel: #purrley-pawsitive-pussy-pals        || Content: brb eating ice cream for breakfast/lunch now
[08/30/2025 12:36:55.204 PM] Message  || User: slayc127            || Channel: #purrley-pawsitive-pussy-pals        || Content: yes
[08/30/2025 12:36:57.148 PM] Message  || User: slayc127            || Channel: #purrley-pawsitive-pussy-pals        || Content: bring me some
[08/30/2025 12:37:02.063 PM] Message  || User: slayc127            || Channel: #purrley-pawsitive-pussy-pals        || Content: or else ‼️
[08/30/2025 12:37:11.835 PM] Message  || User: coziidruid          || Channel: #purrley-pawsitive-pussy-pals        || Content: naur im banned from every road ever
[08/30/2025 12:37:23.174 PM] Message  || User: slayc127            || Channel: #purrley-pawsitive-pussy-pals        || Content: https://tenor.com/view/cat-explode-cat-explode-mike-interpol-gif-13503338605162614186
[08/30/2025 12:37:29.432 PM] Message  || User: slayc127            || Channel: #purrley-pawsitive-pussy-pals        || Content: @Derek [TNR] bring me ice cream
[08/30/2025 12:37:34.801 PM] Message  || User: spitonme            || Channel: #itty-bitty-kitty-commitee           || Content: i spent like 800 last month or wtv period
[08/30/2025 12:37:38.553 PM] Message  || User: slayc127            || Channel: #purrley-pawsitive-pussy-pals        || Content: (im aware hes at work its for the bit)
[08/30/2025 12:37:40.679 PM] Message  || User: spitonme            || Channel: #itty-bitty-kitty-commitee           || Content: and im like
[08/30/2025 12:37:43.371 PM] Message  || User: nostalgicsapphic    || Channel: #purrley-pawsitive-pussy-pals        || Content: the baby
[08/30/2025 12:37:43.596 PM] Message  || User: spitonme            || Channel: #itty-bitty-kitty-commitee           || Content: unemployed
[08/30/2025 12:37:46.162 PM] Message  || User: spitonme            || Channel: #itty-bitty-kitty-commitee           || Content: 😭😭😭
[08/30/2025 12:37:53.287 PM] Message  || User: slayc127            || Channel: #purrley-pawsitive-pussy-pals        || Content: this makes up for no ice cream
[08/30/2025 12:37:53.488 PM] Message  || User: spitonme            || Channel: #itty-bitty-kitty-commitee           || Content: how did i have 800 to spend
[08/30/2025 12:37:55.839 PM] Message  || User: nostalgicsapphic    || Channel: #purrley-pawsitive-pussy-pals        || Content: he’s actually banned from all cars💔
[08/30/2025 12:38:03.781 PM] Message  || User: slayc127            || Channel: #purrley-pawsitive-pussy-pals        || Content: he probably should be
[08/30/2025 12:38:05.669 PM] Message  || User: spitonme            || Channel: #itty-bitty-kitty-commitee           || Content: that couldve went to my uta debt
[08/30/2025 12:38:12.285 PM] Message  || User: spitonme            || Channel: #pet-pictures                        || Content: eewwww
[08/30/2025 12:38:13.505 PM] Message  || User: spitonme            || Channel: #pet-pictures                        || Content: gross
[08/30/2025 12:38:13.946 PM] Message  || User: slayc127            || Channel: #purrley-pawsitive-pussy-pals        || Content: twice now hes driven the wrong way down a one way with me in the vehicle
[08/30/2025 12:38:22.828 PM] Message  || User: nostalgicsapphic    || Channel: #purrley-pawsitive-pussy-pals        || Content: oh wow he wants u dead
[08/30/2025 12:38:29.044 PM] Message  || User: slayc127            || Channel: #purrley-pawsitive-pussy-pals        || Content: HE DOES!!!!!!!
[08/30/2025 12:38:32.100 PM] Message  || User: spitonme            || Channel: #pet-pictures                        || Content: stinky baby
[08/30/2025 12:38:37.692 PM] Message  || User: slayc127            || Channel: #purrley-pawsitive-pussy-pals        || Content: anyway nick im expecting compensation in form of animal pics
[08/30/2025 12:38:51.845 PM] Message  || User: slayc127            || Channel: #purrley-pawsitive-pussy-pals        || Content: preferably marcie or cirque
[08/30/2025 12:39:03.105 PM] Message  || User: slayc127            || Channel: #purrley-pawsitive-pussy-pals        || Content: but any r acceptable
[08/30/2025 12:39:07.847 PM] Message  || User: yaeji               || Channel: #itty-bitty-kitty-commitee           || Content: sometimes your brain just shuts down
[08/30/2025 12:39:37.869 PM] Message  || User: slayc127            || Channel: #itty-bitty-kitty-commitee           || Content: yall dont even wanna know my cc debt
[08/30/2025 12:39:45.612 PM] Message  || User: slayc127            || Channel: #itty-bitty-kitty-commitee           || Content: not from superfluous spending mind you
[08/30/2025 12:39:52.845 PM] Message  || User: slayc127            || Channel: #itty-bitty-kitty-commitee           || Content: summer 2025 my nemesis 💔
[08/30/2025 12:42:04.957 PM] Message  || User: adeyumii            || Channel: #itty-bitty-kitty-commitee           || Content: Is kpot still hiring 😭
[08/30/2025 12:42:36.282 PM] Message  || User: spitonme            || Channel: #itty-bitty-kitty-commitee           || Content: lol im tryna work closer to hone
[08/30/2025 12:42:49.262 PM] Message  || User: spitonme            || Channel: #itty-bitty-kitty-commitee           || Content: i could at least drive to work if its closer
[08/30/2025 12:43:10.887 PM] Message  || User: coziidruid          || Channel: #purrley-pawsitive-pussy-pals        || Content: (no text; attachments=0)
[08/30/2025 12:43:11.292 PM] Message  || User: coziidruid          || Channel: #purrley-pawsitive-pussy-pals        || Content: im holding back from being mean SO HARD
[08/30/2025 12:43:21.706 PM] Message  || User: nostalgicsapphic    || Channel: #purrley-pawsitive-pussy-pals        || Content: oh dear god
[08/30/2025 12:43:37.983 PM] Message  || User: nostalgicsapphic    || Channel: #purrley-pawsitive-pussy-pals        || Content: we need to teach the children financial literacy.
[08/30/2025 12:44:23.117 PM] Message  || User: coziidruid          || Channel: #purrley-pawsitive-pussy-pals        || Content: its the fact that is a switch 2 of all things going on a credit card
[08/30/2025 12:45:04.521 PM] Message  || User: coziidruid          || Channel: #purrley-pawsitive-pussy-pals        || Content: imagine spending years paying off a console that might brick itself from you plugging it in wrong in a few weeks
[08/30/2025 12:45:22.750 PM] Message  || User: nostalgicsapphic    || Channel: #purrley-pawsitive-pussy-pals        || Content: REAL
[08/30/2025 12:52:20.542 PM] Message  || User: adeyumii            || Channel: #yapper-committee                    || Content: @spider @Enoch you guys wanted the cheesecake brownies right? I think I'm going to the store today
[08/30/2025 12:52:38.381 PM] Message  || User: adeyumii            || Channel: #yapper-committee                    || Content: Tell me how many you want (like a 9x9 pan, 9x13 pan, just a slice)
[08/30/2025 12:53:55.193 PM] Message  || User: a1darek             || Channel: #purrley-pawsitive-pussy-pals        || Content: Me thinking I got an important ping buts it's just kaz begging for food again
[08/30/2025 12:55:11.795 PM] Message  || User: mochenoch           || Channel: #yapper-committee                    || Content: Give me like a 9x13, how much would that cost?
[08/30/2025 12:55:26.335 PM] Message  || User: mochenoch           || Channel: #yapper-committee                    || Content: <:mochalick:1389086389056045077>
[08/30/2025 12:55:28.177 PM] Message  || User: adeyumii            || Channel: #external-promotions                 || Content: if you would like to purchase **cheesecake brownies** (either by the slice or by the pan) let me know. $2 for a slice $20 for a 9x13 pan
[08/30/2025 12:55:40.037 PM] Message  || User: adeyumii            || Channel: #external-promotions                 || Content: I can meet on campus or deliver within a 5 minute drive radius of campus
[08/30/2025 12:55:45.940 PM] Message  || User: adeyumii            || Channel: #yapper-committee                    || Content: 20 buckaroos
[08/30/2025 12:56:04.542 PM] Message  || User: mochenoch           || Channel: #yapper-committee                    || Content: Hand over that PayPal account <a:cateat:1331046979274543248>
[08/30/2025 12:56:16.292 PM] Message  || User: adeyumii            || Channel: #yapper-committee                    || Content: do you have zelle actually
[08/30/2025 12:56:19.593 PM] Message  || User: mochenoch           || Channel: #yapper-committee                    || Content: I do!
[08/30/2025 12:56:31.511 PM] Message  || User: adeyumii            || Channel: #yapper-committee                    || Content: okay hold onnn go to dms
[08/30/2025 12:56:31.707 PM] Message  || User: mochenoch           || Channel: #yapper-committee                    || Content: Hand over that Zelle account <a:cateat:1331046979274543248>
[08/30/2025 12:57:53.306 PM] Message  || User: adeyumii            || Channel: #external-promotions                 || Content: If you buy by the pan I will give you the option for adding a special flavor to the whole tray (salted caramel, strawberry puree, chocolate cheesecake, Oreo crumbles, etc) <:woahthere:1251730252607131718>
[08/30/2025 01:05:18.485 PM] Message  || User: slayc127            || Channel: #purrley-pawsitive-pussy-pals        || Content: it was just for the bit this time
[08/30/2025 01:09:53.671 PM] Message  || User: a1darek             || Channel: #purrley-pawsitive-pussy-pals        || Content: (no text; attachments=1)
[08/30/2025 01:09:55.247 PM] Message  || User: a1darek             || Channel: #purrley-pawsitive-pussy-pals        || Content: help me
[08/30/2025 01:21:41.029 PM] Message  || User: celeryiscelery      || Channel: #purrley-pawsitive-pussy-pals        || Content: whoever named their cat kimchi, cool as hell
[08/30/2025 01:58:18.034 PM] Message  || User: _lunanight          || Channel: #feeding-team                        || Content: Thank you! I appreciate it
[08/30/2025 02:06:02.500 PM] Message  || User: slayc127            || Channel: #feeding-team                        || Content: for surezie!!
[08/30/2025 02:30:06.956 PM] Message  || User: a1darek             || Channel: #purrley-pawsitive-pussy-pals        || Content: Dog but yeah
[08/30/2025 02:32:35.416 PM] Message  || User: slayc127            || Channel: #purrley-pawsitive-pussy-pals        || Content: im bored
[08/30/2025 02:41:36.088 PM] Message  || User: nostalgicsapphic    || Channel: #purrley-pawsitive-pussy-pals        || Content: there wasn’t a cheap enough gas station on my drive to work so i’m stopped at this frankly sketchy af place cause i had to navigate slightly outta my way
[08/30/2025 02:55:21.127 PM] Message  || User: slayc127            || Channel: #purrley-pawsitive-pussy-pals        || Content: (no text; attachments=1)
[08/30/2025 02:55:22.544 PM] Message  || User: slayc127            || Channel: #purrley-pawsitive-pussy-pals        || Content: oopsie!
[08/30/2025 02:56:00.890 PM] Message  || User: celeryiscelery      || Channel: #purrley-pawsitive-pussy-pals        || Content: i retract my statement
[08/30/2025 03:09:52.908 PM] Message  || User: spitonme            || Channel: #itty-bitty-kitty-commitee           || Content: (no text; attachments=1)
[08/30/2025 03:10:04.347 PM] Message  || User: spitonme            || Channel: #itty-bitty-kitty-commitee           || Content: Taco bell brought back their cheesy steak chalupa
[08/30/2025 03:10:45.399 PM] Message  || User: yaeji               || Channel: #itty-bitty-kitty-commitee           || Content: can confirm they are fire
[08/30/2025 03:10:57.772 PM] Message  || User: spitonme            || Channel: #itty-bitty-kitty-commitee           || Content: its beautiful
[08/30/2025 03:11:45.314 PM] Message  || User: yaeji               || Channel: #itty-bitty-kitty-commitee           || Content: #wheresthequesarito
[08/30/2025 03:12:11.785 PM] Message  || User: yaeji               || Channel: #itty-bitty-kitty-commitee           || Content: the onions need to stay on the menu
[08/30/2025 03:16:35.069 PM] Message  || User: spitonme            || Channel: #itty-bitty-kitty-commitee           || Content: (no text; attachments=1)
[08/30/2025 03:16:42.251 PM] Message  || User: spitonme            || Channel: #itty-bitty-kitty-commitee           || Content: holy shit that took me 4 minutes to download
[08/30/2025 03:16:54.477 PM] Message  || User: spitonme            || Channel: #itty-bitty-kitty-commitee           || Content: nah idk abt that one chief ,,, onions r horrid
[08/30/2025 03:19:38.795 PM] Message  || User: slayc127            || Channel: #feeding-team                        || Content: feeding west hall and maintenance late tonight (after 830) but they will get fed
