[08/26/2025 12:09:19.280 AM] Message  || User: marciepoo143        || Channel: #bot-spam                            || Content: ||STUPID ASS DOUBLE LETTER!||
[08/26/2025 12:14:03.320 AM] Message  || User: m_digio             || Channel: #bot-spam                            || Content: Im angry
[08/26/2025 12:24:23.721 AM] Message  || User: dandelion021._.     || Channel: #bot-spam                            || Content: LOL
[08/26/2025 12:24:27.605 AM] Message  || User: dandelion021._.     || Channel: #bot-spam                            || Content: i guessed
[08/26/2025 12:25:00.492 AM] Message  || User: dandelion021._.     || Channel: #bot-spam                            || Content: would recommend using audio as the first word
[08/26/2025 12:25:12.128 AM] Message  || User: dandelion021._.     || Channel: #bot-spam                            || Content: it gets most of the vowels out of the way
[08/26/2025 12:25:33.576 AM] Message  || User: dandelion021._.     || Channel: #bot-spam                            || Content: then second letter do any word that has the letter e in it and the rest is easier after that
[08/26/2025 12:25:53.428 AM] Message  || User: kitadan             || Channel: #bot-spam                            || Content: Agreed
[08/26/2025 12:27:56.782 AM] Message  || User: dandelion021._.     || Channel: #yapper-committee                    || Content: hear me out, the high school lunch cookies
[08/26/2025 12:28:03.502 AM] Message  || User: dandelion021._.     || Channel: #yapper-committee                    || Content: the ones that come in those bags
[08/26/2025 12:29:26.917 AM] Message  || User: marciepoo143        || Channel: #bot-spam                            || Content: THATS TRUE but honestly...... ive used penis as my first word since ive even Heard of wordle
[08/26/2025 12:29:37.603 AM] Message  || User: marciepoo143        || Channel: #bot-spam                            || Content: its impractical but its So Darn Funny ™ !
[08/26/2025 12:29:52.386 AM] Message  || User: dandelion021._.     || Channel: #yapper-committee                    || Content: im writing this in my notes 😭😭 even tho i have no clue what your sayin it sounds useful for my comp class 😭😭
[08/26/2025 12:29:57.605 AM] Message  || User: dandelion021._.     || Channel: #yapper-committee                    || Content: OH ALSO
[08/26/2025 12:30:12.976 AM] Message  || User: dandelion021._.     || Channel: #yapper-committee                    || Content: i needed help on smth but it’s too late at night and i’ll just lyk in the morning
[08/26/2025 12:31:13.071 AM] Message  || User: dandelion021._.     || Channel: #yapper-committee                    || Content: smth bout the alignment with the collem idek cuz the info looks weird on it 😭😭
[08/26/2025 12:31:14.823 AM] Message  || User: dandelion021._.     || Channel: #yapper-committee                    || Content: bruh
[08/26/2025 12:31:16.646 AM] Message  || User: dandelion021._.     || Channel: #yapper-committee                    || Content: collem
[08/26/2025 12:31:17.683 AM] Message  || User: dandelion021._.     || Channel: #yapper-committee                    || Content: no
[08/26/2025 12:31:18.624 AM] Message  || User: mochenoch           || Channel: #yapper-committee                    || Content: Hear me out, those high school burritos
[08/26/2025 12:31:22.136 AM] Message  || User: dandelion021._.     || Channel: #yapper-committee                    || Content: collwm
[08/26/2025 12:31:29.621 AM] Message  || User: dandelion021._.     || Channel: #yapper-committee                    || Content: the word
[08/26/2025 12:31:35.048 AM] Message  || User: dandelion021._.     || Channel: #yapper-committee                    || Content: colloms
[08/26/2025 12:31:36.615 AM] Message  || User: dandelion021._.     || Channel: #yapper-committee                    || Content: no
[08/26/2025 12:31:42.037 AM] Message  || User: dandelion021._.     || Channel: #yapper-committee                    || Content: collem
[08/26/2025 12:31:44.824 AM] Message  || User: mochenoch           || Channel: #yapper-committee                    || Content: Just saying if college gave me the high school lunch I got I’d be paying for their food
[08/26/2025 12:31:53.285 AM] Message  || User: mochenoch           || Channel: #yapper-committee                    || Content: Just sayingggg
[08/26/2025 12:32:00.107 AM] Message  || User: dandelion021._.     || Channel: #yapper-committee                    || Content: wait i’ve acc never had those
[08/26/2025 12:32:07.322 AM] Message  || User: mochenoch           || Channel: #yapper-committee                    || Content: Hey we’re so good
[08/26/2025 12:32:24.221 AM] Message  || User: mochenoch           || Channel: #yapper-committee                    || Content: I devoured those like I was a plague victim given food for the first time since my recovery
[08/26/2025 12:32:35.446 AM] Message  || User: dandelion021._.     || Channel: #yapper-committee                    || Content: but idk my school… it was different
[08/26/2025 12:32:52.356 AM] Message  || User: dandelion021._.     || Channel: #yapper-committee                    || Content: like it’s a public school but you got a ton of boogie rich kids that went there
[08/26/2025 12:32:59.690 AM] Message  || User: dandelion021._.     || Channel: #yapper-committee                    || Content: so our lunch and all that was like 😭😭😭
[08/26/2025 12:33:07.146 AM] Message  || User: dandelion021._.     || Channel: #yapper-committee                    || Content: idk but we had this soup OMG
[08/26/2025 12:33:10.531 AM] Message  || User: dandelion021._.     || Channel: #yapper-committee                    || Content: tomato soup
[08/26/2025 12:33:35.831 AM] Message  || User: dandelion021._.     || Channel: #yapper-committee                    || Content: but i remember the cookies from like middle before i moved to dallas
[08/26/2025 12:33:44.746 AM] Message  || User: dandelion021._.     || Channel: #yapper-committee                    || Content: THOSE WERE PEAK
[08/26/2025 12:33:53.779 AM] Message  || User: dandelion021._.     || Channel: #yapper-committee                    || Content: interesting
[08/26/2025 12:34:29.267 AM] Message  || User: dandelion021._.     || Channel: #yapper-committee                    || Content: omgg i need to visit ur hs and try em
[08/26/2025 12:34:37.527 AM] Message  || User: dandelion021._.     || Channel: #yapper-committee                    || Content: i bet they were so good omg
[08/26/2025 12:34:44.433 AM] Message  || User: mochenoch           || Channel: #yapper-committee                    || Content: They were
[08/26/2025 12:34:49.800 AM] Message  || User: mochenoch           || Channel: #yapper-committee                    || Content: I devoured like 2 of them and sometimes 3
[08/26/2025 12:35:03.284 AM] Message  || User: dandelion021._.     || Channel: #yapper-committee                    || Content: and prolly better food from the one i went to
[08/26/2025 12:35:10.867 AM] Message  || User: mochenoch           || Channel: #yapper-committee                    || Content: They weirdly had some decent food
[08/26/2025 12:35:17.203 AM] Message  || User: mochenoch           || Channel: #yapper-committee                    || Content: Sometimes days were like food I hated
[08/26/2025 12:35:23.962 AM] Message  || User: mochenoch           || Channel: #yapper-committee                    || Content: But most of the food was decently edible
[08/26/2025 12:35:32.104 AM] Message  || User: dandelion021._.     || Channel: #yapper-committee                    || Content: boogie rich kids yet the lunch was rly sad and often times raw or burnt 😭😭
[08/26/2025 12:35:35.196 AM] Message  || User: mochenoch           || Channel: #yapper-committee                    || Content: You’d have kids fighting in line to get first dibs
[08/26/2025 12:36:12.679 AM] Message  || User: dandelion021._.     || Channel: #yapper-committee                    || Content: wasn’t bad but it was mostly burnt or raw 😭😭
[08/26/2025 12:36:21.657 AM] Message  || User: mochenoch           || Channel: #yapper-committee                    || Content: Staff had to watch the lunch lines to make sure students stopped having their friends slide into the line and crowd it
[08/26/2025 12:36:23.712 AM] Message  || User: mochenoch           || Channel: #yapper-committee                    || Content: <:sad_cat:828777514335600641>
[08/26/2025 12:36:25.431 AM] Message  || User: dandelion021._.     || Channel: #yapper-committee                    || Content: i would too lowkeyy
[08/26/2025 12:36:38.714 AM] Message  || User: dandelion021._.     || Channel: #yapper-committee                    || Content: 😭😭😭 but burritos sound soo good
[08/26/2025 12:36:44.525 AM] Message  || User: mochenoch           || Channel: #yapper-committee                    || Content: THEY WERE SO GOOD MAN
[08/26/2025 12:37:03.154 AM] Message  || User: mochenoch           || Channel: #yapper-committee                    || Content: If I could go back to high school for the food I would
[08/26/2025 12:37:23.049 AM] Message  || User: dandelion021._.     || Channel: #yapper-committee                    || Content: my hs had like mashed potato’s with gravy or like orange chicken but nothing like burritos or any of that 😭😭
[08/26/2025 12:37:28.203 AM] Message  || User: mochenoch           || Channel: #yapper-committee                    || Content: Idc how it was made that slop was so good for cafeteria food
[08/26/2025 12:37:44.715 AM] Message  || User: dandelion021._.     || Channel: #yapper-committee                    || Content: they should bring those burritos to campus
[08/26/2025 12:37:53.144 AM] Message  || User: dandelion021._.     || Channel: #yapper-committee                    || Content: honestly you’d get a good amount of ppl gettin em
[08/26/2025 12:38:01.838 AM] Message  || User: mochenoch           || Channel: #yapper-committee                    || Content: They were simple burritos in those little microwaved baggies but it was weirdly really good
[08/26/2025 12:38:11.810 AM] Message  || User: dandelion021._.     || Channel: #yapper-committee                    || Content: it was made with love of the cafeteria ppl
[08/26/2025 12:38:16.557 AM] Message  || User: dandelion021._.     || Channel: #yapper-committee                    || Content: OMGG
[08/26/2025 12:38:17.800 AM] Message  || User: dandelion021._.     || Channel: #yapper-committee                    || Content: SO LIKE
[08/26/2025 12:38:21.856 AM] Message  || User: dandelion021._.     || Channel: #yapper-committee                    || Content: what’s it called
[08/26/2025 12:38:29.418 AM] Message  || User: dandelion021._.     || Channel: #yapper-committee                    || Content: pizza pocket type but better?
[08/26/2025 12:38:31.097 AM] Message  || User: mochenoch           || Channel: #yapper-committee                    || Content: I tried to find the brand in stores but it’s only made for bulk
[08/26/2025 12:38:39.200 AM] Message  || User: mochenoch           || Channel: #yapper-committee                    || Content: Kinda yeah
[08/26/2025 12:38:44.181 AM] Message  || User: dandelion021._.     || Channel: #yapper-committee                    || Content: idea
[08/26/2025 12:38:52.604 AM] Message  || User: dandelion021._.     || Channel: #yapper-committee                    || Content: buy em and then sell em on campus
[08/26/2025 12:38:56.876 AM] Message  || User: dandelion021._.     || Channel: #yapper-committee                    || Content: Ez money
[08/26/2025 12:38:59.239 AM] Message  || User: mochenoch           || Channel: #yapper-committee                    || Content: I totally would
[08/26/2025 12:39:06.525 AM] Message  || User: mochenoch           || Channel: #yapper-committee                    || Content: My only worry is like campus getting on my ass
[08/26/2025 12:39:11.137 AM] Message  || User: dandelion021._.     || Channel: #yapper-committee                    || Content: bruhh
[08/26/2025 12:39:27.151 AM] Message  || User: dandelion021._.     || Channel: #yapper-committee                    || Content: wait i thought it was allowed ik sm ppl who have food businesses on campus
[08/26/2025 12:39:37.738 AM] Message  || User: mochenoch           || Channel: #yapper-committee                    || Content: I think you need like a permit or smth idk
[08/26/2025 12:40:01.550 AM] Message  || User: mochenoch           || Channel: #yapper-committee                    || Content: Or maybe that’s only for stalls?
[08/26/2025 12:40:02.512 AM] Message  || User: dandelion021._.     || Channel: #yapper-committee                    || Content: ohhh
[08/26/2025 12:40:21.263 AM] Message  || User: dandelion021._.     || Channel: #yapper-committee                    || Content: no stalls it’s all run through instagram 😭😭
[08/26/2025 12:40:47.749 AM] Message  || User: dandelion021._.     || Channel: #yapper-committee                    || Content: but yeah most proly just under the radar
[08/26/2025 12:40:57.180 AM] Message  || User: mochenoch           || Channel: #yapper-committee                    || Content: I have a little scooter so like running a little food scooter trip on it would be funny
[08/26/2025 12:41:16.392 AM] Message  || User: dandelion021._.     || Channel: #yapper-committee                    || Content: wairrr
[08/26/2025 12:41:18.787 AM] Message  || User: dandelion021._.     || Channel: #yapper-committee                    || Content: ayyoo
[08/26/2025 12:41:29.339 AM] Message  || User: dandelion021._.     || Channel: #yapper-committee                    || Content: spider + enoch burrito business
[08/26/2025 12:41:31.337 AM] Message  || User: dandelion021._.     || Channel: #yapper-committee                    || Content: 🤑🤑
[08/26/2025 12:41:37.196 AM] Message  || User: dandelion021._.     || Channel: #yapper-committee                    || Content: or
[08/26/2025 12:41:45.833 AM] Message  || User: dandelion021._.     || Channel: #yapper-committee                    || Content: just enoch burrito business
[08/26/2025 12:41:56.917 AM] Message  || User: mochenoch           || Channel: #yapper-committee                    || Content: Ngl those middle school and high school kids were crazy for doing similar stuff
[08/26/2025 12:42:04.463 AM] Message  || User: mochenoch           || Channel: #yapper-committee                    || Content: Idk how they hid it in their backpack
[08/26/2025 12:42:43.857 AM] Message  || User: dandelion021._.     || Channel: #yapper-committee                    || Content: no lit, i knew someone that would make idk what it’s called but drug induced brownies and sell em in hs
[08/26/2025 12:42:47.029 AM] Message  || User: dandelion021._.     || Channel: #yapper-committee                    || Content: which is crazy
[08/26/2025 12:43:09.341 AM] Message  || User: dandelion021._.     || Channel: #yapper-committee                    || Content: and they explained the whole process how how they made the drug too 😭😭
[08/26/2025 12:43:20.344 AM] Message  || User: mochenoch           || Channel: #yapper-committee                    || Content: STOP???
[08/26/2025 12:43:29.769 AM] Message  || User: mochenoch           || Channel: #yapper-committee                    || Content: Omg can you even talk about that here 😭
[08/26/2025 12:45:15.826 AM] Message  || User: dandelion021._.     || Channel: #yapper-committee                    || Content: OH
[08/26/2025 12:45:18.862 AM] Message  || User: dandelion021._.     || Channel: #yapper-committee                    || Content: WAIT I DIDNTK
[08/26/2025 12:45:21.098 AM] Message  || User: dandelion021._.     || Channel: #yapper-committee                    || Content: HOL UP
[08/26/2025 12:45:28.310 AM] Message  || User: mochenoch           || Channel: #yapper-committee                    || Content: YEAH
[08/26/2025 12:45:42.317 AM] Message  || User: mochenoch           || Channel: #yapper-committee                    || Content: LMAOOOOO
[08/26/2025 12:45:54.959 AM] Message  || User: dandelion021._.     || Channel: #yapper-committee                    || Content: SORRY OFFICERS IN ADVANCED
[08/26/2025 12:46:04.465 AM] Message  || User: dandelion021._.     || Channel: #yapper-committee                    || Content: yeahb those taki businesses
[08/26/2025 12:46:15.464 AM] Message  || User: dandelion021._.     || Channel: #yapper-committee                    || Content: where they got those lil snack sizes and sold em for a dollar
[08/26/2025 12:46:16.869 AM] Message  || User: dandelion021._.     || Channel: #yapper-committee                    || Content: 😭😭
[08/26/2025 12:47:20.658 AM] Message  || User: mochenoch           || Channel: #yapper-committee                    || Content: Literally any business would boom in a college campus
[08/26/2025 12:47:26.108 AM] Message  || User: dandelion021._.     || Channel: #yapper-committee                    || Content: thank you fellow enoch!
[08/26/2025 12:47:30.096 AM] Message  || User: mochenoch           || Channel: #yapper-committee                    || Content: It’s just about staying under the radar
[08/26/2025 12:47:38.340 AM] Message  || User: mochenoch           || Channel: #yapper-committee                    || Content: Campus food is so ungodly expensive
[08/26/2025 12:47:38.829 AM] Message  || User: dandelion021._.     || Channel: #yapper-committee                    || Content: appreciate you for letting me know 🫶
[08/26/2025 12:47:58.879 AM] Message  || User: mochenoch           || Channel: #yapper-committee                    || Content: Yeah I just didn’t want mods freaking out over seeing that message since it is an official club chat still
[08/26/2025 12:48:04.341 AM] Message  || User: dandelion021._.     || Channel: #yapper-committee                    || Content: idk if i was scammed but why did a bag of hot cheetos from the vending machine cost 5 bucks 😭😭
[08/26/2025 12:48:52.111 AM] Message  || User: dandelion021._.     || Channel: #yapper-committee                    || Content: indeed indeed
[08/26/2025 12:49:10.458 AM] Message  || User: dandelion021._.     || Channel: #yapper-committee                    || Content: i got a friend acc she makes these DELISH cookies
[08/26/2025 12:49:34.374 AM] Message  || User: mochenoch           || Channel: #yapper-committee                    || Content: <:imblind:1405613850870415430>
[08/26/2025 12:49:49.901 AM] Message  || User: dandelion021._.     || Channel: #yapper-committee                    || Content: and i think it’s like 4 dollars and it’s 2 cookies but one cookie is the size of 2 cookies and it’s like better than crumble
[08/26/2025 12:49:54.280 AM] Message  || User: dandelion021._.     || Channel: #yapper-committee                    || Content: sooo much better
[08/26/2025 12:50:05.672 AM] Message  || User: mochenoch           || Channel: #yapper-committee                    || Content: She sells on campus under the dl?
[08/26/2025 12:50:08.992 AM] Message  || User: dandelion021._.     || Channel: #yapper-committee                    || Content: <:sad_cat:828777514335600641>
[08/26/2025 12:50:56.750 AM] Message  || User: dandelion021._.     || Channel: #yapper-committee                    || Content: i’m assuming so, not rly sure but she advertises the cookie on her insta and every week it’s a different cookie flavor
[08/26/2025 12:51:03.634 AM] Message  || User: dandelion021._.     || Channel: #bot-spam                            || Content: LOLL
[08/26/2025 12:51:22.190 AM] Message  || User: dandelion021._.     || Channel: #bot-spam                            || Content: that’s silly but at least ya get good letters that are used in most words
[08/26/2025 12:54:07.318 AM] Message  || User: mochenoch           || Channel: #yapper-committee                    || Content: Cookies
[08/26/2025 12:54:10.537 AM] Message  || User: mochenoch           || Channel: #yapper-committee                    || Content: I love cookies
[08/26/2025 12:54:18.525 AM] Message  || User: mochenoch           || Channel: #yapper-committee                    || Content: <:ChiiPlead3:1176220605637460019>
[08/26/2025 12:57:13.931 AM] Message  || User: dandelion021._.     || Channel: #yapper-committee                    || Content: einstein bagels, their cookies are rly good
[08/26/2025 12:57:32.330 AM] Message  || User: dandelion021._.     || Channel: #yapper-committee                    || Content: highly recommend and ask em to warm it up too
[08/26/2025 12:57:52.526 AM] Message  || User: dandelion021._.     || Channel: #yapper-committee                    || Content: OMGGF its soo yumm<:lickg:1021597920258179092>
[08/26/2025 12:59:27.975 AM] Message  || User: mochenoch           || Channel: #yapper-committee                    || Content: I used to love Einstein but I think they stopped serving hot chai lattes
[08/26/2025 12:59:45.391 AM] Message  || User: mochenoch           || Channel: #yapper-committee                    || Content: cause everytime I went back there this semester they gave me the cold one even when I said hot :(
[08/26/2025 09:36:10.366 PM] Online   || User: Tom Cat#8337        || Guilds: 2                                    
[08/26/2025 09:49:09.739 PM] Online   || User: Tom Cat#8337        || Guilds: 2                                    
[08/26/2025 09:52:10.963 PM] Message  || User: pancakemixteamdj    || Channel: #yapper-committee                    || Content: @Enoch how you feeling , this damn light cough won’t  go away
[08/26/2025 09:55:41.340 PM] Message  || User: avianry             || Channel: #pet-pictures                        || Content: (no text; attachments=1)
[08/26/2025 09:55:46.088 PM] Message  || User: mochenoch           || Channel: #yapper-committee                    || Content: that light cough bout to turn into hell at night probs
[08/26/2025 09:56:35.246 PM] Message  || User: mochenoch           || Channel: #yapper-committee                    || Content: my coughs persistent but it's lessening cause i have a humidifier
[08/26/2025 09:57:11.357 PM] Message  || User: pancakemixteamdj    || Channel: #yapper-committee                    || Content: I feel nothing off but this cough , and my 3 hour class is tmr
[08/26/2025 09:57:17.777 PM] Message  || User: pancakemixteamdj    || Channel: #yapper-committee                    || Content: I really can’t miss  it
[08/26/2025 09:57:48.264 PM] Message  || User: pancakemixteamdj    || Channel: #yapper-committee                    || Content: I only ever get sick in winter time
[08/26/2025 09:58:53.055 PM] Message  || User: spitonme            || Channel: #itty-bitty-kitty-commitee           || Content: guys
[08/26/2025 09:58:56.338 PM] Message  || User: spitonme            || Channel: #itty-bitty-kitty-commitee           || Content: we have 999 members
[08/26/2025 09:59:08.067 PM] Message  || User: austinbaustinb      || Channel: #itty-bitty-kitty-commitee           || Content: /ban tomcat
[08/26/2025 09:59:41.447 PM] Message  || User: austinbaustinb      || Channel: #itty-bitty-kitty-commitee           || Content: activity fair is probably gonna bring us over that though which is cool
[08/26/2025 09:59:47.534 PM] Message  || User: austinbaustinb      || Channel: #itty-bitty-kitty-commitee           || Content: It was at like 700 something for the longest time
[08/26/2025 10:01:27.512 PM] Message  || User: simplyshadow171295  || Channel: #itty-bitty-kitty-commitee           || Content: we should count the cats as members /j
[08/26/2025 10:01:40.504 PM] Message  || User: slayc127            || Channel: #external-promotions                 || Content: saddddd
[08/26/2025 10:01:47.980 PM] Message  || User: pancakemixteamdj    || Channel: #itty-bitty-kitty-commitee           || Content: Didn’t y’all smite a bunch last semester for long term inactivity
[08/26/2025 10:01:49.277 PM] Message  || User: simplyshadow171295  || Channel: #itty-bitty-kitty-commitee           || Content: yk what. y’all can rename the bots. name carbart to like waffles or smth
[08/26/2025 10:01:54.254 PM] Message  || User: slayc127            || Channel: #external-promotions                 || Content: thats tbh the only day i have any availability ever usually 💔💔💔
[08/26/2025 10:02:05.910 PM] Message  || User: slayc127            || Channel: #external-promotions                 || Content: we shall try for another time tho when i can look ay my planner
[08/26/2025 10:02:31.168 PM] Message  || User: pancakemixteamdj    || Channel: #itty-bitty-kitty-commitee           || Content: My nemsis
[08/26/2025 10:03:08.894 PM] Message  || User: austinbaustinb      || Channel: #itty-bitty-kitty-commitee           || Content: We pruned the empty accounts basically
[08/26/2025 10:03:23.868 PM] Message  || User: austinbaustinb      || Channel: #itty-bitty-kitty-commitee           || Content: So if they didn't have roles and didn't send any messages, they got kicked (afaik)
[08/26/2025 10:04:02.451 PM] Message  || User: austinbaustinb      || Channel: #itty-bitty-kitty-commitee           || Content: So people with roles (including the basic like, 'acknowledged rules' one) and/or our active members are just fine
[08/26/2025 10:04:09.513 PM] Message  || User: austinbaustinb      || Channel: #itty-bitty-kitty-commitee           || Content: like u can be due paying from years ago and not get kicked
[08/26/2025 10:04:15.673 PM] Message  || User: austinbaustinb      || Channel: #itty-bitty-kitty-commitee           || Content: its more of a bot and rando cleanup
[08/26/2025 10:08:12.543 PM] Message  || User: m_digio             || Channel: #itty-bitty-kitty-commitee           || Content: if we have 999 members when why arnt 999 ppl communicating on here /hj
[08/26/2025 10:10:57.640 PM] Message  || User: _rambone_           || Channel: #purrley-pawsitive-pussy-pals        || Content: Labubu soap holder
[08/26/2025 10:11:53.818 PM] Message  || User: _rambone_           || Channel: #purrley-pawsitive-pussy-pals        || Content: Please tell me you see it
[08/26/2025 10:15:52.187 PM] Message  || User: slayc127            || Channel: #purrley-pawsitive-pussy-pals        || Content: FREE ME
[08/26/2025 10:17:35.710 PM] Message  || User: austinbaustinb      || Channel: #itty-bitty-kitty-commitee           || Content: damn right!
[08/26/2025 10:17:37.400 PM] Message  || User: gupguppy            || Channel: #yapper-committee                    || Content: I have a scratchy throat and a cough too
[08/26/2025 10:17:40.325 PM] Message  || User: gupguppy            || Channel: #yapper-committee                    || Content: thanks uta
[08/26/2025 10:20:01.604 PM] Message  || User: kitadan             || Channel: #bot-spam                            || Content: You can remove Butter when you like.  They are no longer feeding at Zen.
[08/26/2025 10:20:31.261 PM] Message  || User: simplyshadow171295  || Channel: #bot-spam                            || Content: aw man :( i'm guessing olive isn't either then?
[08/26/2025 10:21:08.423 PM] Message  || User: simplyshadow171295  || Channel: #bot-spam                            || Content: either way it helps to log. in glockenspiel's case he popped up like a year later
[08/26/2025 10:22:06.601 PM] Message  || User: austinbaustinb      || Channel: #bot-spam                            || Content: For the most part we keep cats in the database even if they've been missing for some time.
[08/26/2025 10:22:16.879 PM] Message  || User: kitadan             || Channel: #bot-spam                            || Content: Olive is doing Olive things.  If like his mother he may come around again.
[08/26/2025 10:22:23.891 PM] Message  || User: austinbaustinb      || Channel: #bot-spam                            || Content: Its good to have butter in there just so we can log family trees and what not
[08/26/2025 10:23:14.311 PM] Message  || User: simplyshadow171295  || Channel: #bot-spam                            || Content: yeah like shmencil. if they have an impact on us in some way it's nice to have a record i think
[08/26/2025 10:23:46.352 PM] Message  || User: simplyshadow171295  || Channel: #bot-spam                            || Content: like pencil's basically disappeared now. but it's nice to still have him in the archive
[08/26/2025 10:24:04.861 PM] Message  || User: kitadan             || Channel: #bot-spam                            || Content: Gotcha
[08/26/2025 10:25:00.281 PM] Message  || User: a1darek             || Channel: #purrley-pawsitive-pussy-pals        || Content: Kaz with a labubu...
[08/26/2025 10:25:04.221 PM] Message  || User: simplyshadow171295  || Channel: #bot-spam                            || Content: when i go back in to label i'll add him in. if he pops up later it'd be neat to have a full record from kittenhood to adulthood
[08/26/2025 10:25:11.055 PM] Message  || User: void_now            || Channel: #bot-spam                            || Content: Noir continuing her trend of being a dogshit mother
[08/26/2025 10:25:23.116 PM] Message  || User: void_now            || Channel: #bot-spam                            || Content: Only mother cat on UTA who can raise her damn kids is Rubber fr
[08/26/2025 10:25:30.790 PM] Message  || User: celeryiscelery      || Channel: #purrley-pawsitive-pussy-pals        || Content: why does the soap look like the cheese from the diary of a wimpy kid movie 😭😭
[08/26/2025 10:25:57.894 PM] Message  || User: simplyshadow171295  || Channel: #bot-spam                            || Content: surely they're old enough by now to at least sort of know what they're doing. you were feeding them back in june
[08/26/2025 10:26:07.208 PM] Message  || User: simplyshadow171295  || Channel: #bot-spam                            || Content: and don't discredit my girl rolo she LOVES citlali
[08/26/2025 10:26:16.870 PM] Message  || User: void_now            || Channel: #bot-spam                            || Content: I forgot about em, mb 💔
[08/26/2025 10:26:19.502 PM] Message  || User: celeryiscelery      || Channel: #purrley-pawsitive-pussy-pals        || Content: tell me yall see it
[08/26/2025 10:26:27.349 PM] Message  || User: void_now            || Channel: #bot-spam                            || Content: I think the last pic of them was around then yeah
[08/26/2025 10:26:47.105 PM] Message  || User: void_now            || Channel: #bot-spam                            || Content: Dan did get one a bit later on of one of them
[08/26/2025 10:27:24.077 PM] Message  || User: simplyshadow171295  || Channel: #bot-spam                            || Content: yeah people do 💔 that's what i'm here for
[08/26/2025 10:27:25.194 PM] Message  || User: celeryiscelery      || Channel: #itty-bitty-kitty-commitee           || Content: i think i would cry having to manage that
[08/26/2025 10:27:40.287 PM] Message  || User: slayc127            || Channel: #purrley-pawsitive-pussy-pals        || Content: NOOOOOOOOOOOOOO
[08/26/2025 10:27:46.225 PM] Message  || User: slayc127            || Channel: #purrley-pawsitive-pussy-pals        || Content: LEAVE IT ALONE 😭😭😭💔🥀
[08/26/2025 10:28:15.579 PM] Message  || User: celeryiscelery      || Channel: #purrley-pawsitive-pussy-pals        || Content: kaz has the cheese touch 🫵
[08/26/2025 10:28:35.087 PM] Message  || User: celeryiscelery      || Channel: #purrley-pawsitive-pussy-pals        || Content: jacob you are susceptible to the cheese touch, proceed w caution
[08/26/2025 10:29:52.070 PM] Message  || User: _rambone_           || Channel: #purrley-pawsitive-pussy-pals        || Content: Oh golly
[08/26/2025 10:30:00.944 PM] Message  || User: mochenoch           || Channel: #yapper-committee                    || Content: Welcome to the club
[08/26/2025 10:30:51.983 PM] Message  || User: celeryiscelery      || Channel: #yapper-committee                    || Content: i better not see yall at the tabling event tomorrow unless you’ve got a mask on. NO SPREADING COOTIES <:sideglance:854112451771760641>
[08/26/2025 10:31:29.529 PM] Message  || User: simplyshadow171295  || Channel: #yapper-committee                    || Content: please don't come near me if you're sick like fr though /half serious
[08/26/2025 10:31:41.338 PM] Message  || User: simplyshadow171295  || Channel: #yapper-committee                    || Content: i cannot take getting covid again chat
[08/26/2025 10:31:45.032 PM] Message  || User: spitonme            || Channel: #bot-spam                            || Content: dont say this he is on a long vacation
[08/26/2025 10:31:45.516 PM] Message  || User: celeryiscelery      || Channel: #yapper-committee                    || Content: this but /serious
[08/26/2025 10:32:02.784 PM] Message  || User: austinbaustinb      || Channel: #bot-spam                            || Content: he moved to cancun
[08/26/2025 10:32:23.756 PM] Message  || User: spitonme            || Channel: #bot-spam                            || Content: goddamnit ted cruz
[08/26/2025 10:32:51.595 PM] Message  || User: spitonme            || Channel: #yapper-committee                    || Content: im scared of the bubonic plague
[08/26/2025 10:32:57.458 PM] Message  || User: simplyshadow171295  || Channel: #yapper-committee                    || Content: post-viral syndrome gang
[08/26/2025 10:33:00.849 PM] Message  || User: void_now            || Channel: #bot-spam                            || Content: I still think that alleged "sighting" near the taco bell or whatever was just completely wrong
[08/26/2025 10:33:12.334 PM] Message  || User: austinbaustinb      || Channel: #bot-spam                            || Content: me too :-)
[08/26/2025 10:33:42.288 PM] Message  || User: simplyshadow171295  || Channel: #yapper-committee                    || Content: also if anyone has info on where masks are. pls lmk ty
[08/26/2025 10:33:49.908 PM] Message  || User: simplyshadow171295  || Channel: #yapper-committee                    || Content: i forgot mine 😔
[08/26/2025 10:33:50.179 PM] Message  || User: austinbaustinb      || Channel: #bot-spam                            || Content: (and I think on purpose) (but thats also not necessarily the opinion of the club, the club
[08/26/2025 10:34:06.378 PM] Message  || User: celeryiscelery      || Channel: #yapper-committee                    || Content: health center should have free masks <:powaahhhhhhh:1284949152685490216>
[08/26/2025 10:34:09.710 PM] Message  || User: simplyshadow171295  || Channel: #yapper-committee                    || Content: i have a big bag at home that i forgot
[08/26/2025 10:34:11.425 PM] Message  || User: spitonme            || Channel: #bot-spam                            || Content: 😭
[08/26/2025 10:34:14.970 PM] Message  || User: simplyshadow171295  || Channel: #yapper-committee                    || Content: you're so right thank you
[08/26/2025 10:34:22.594 PM] Message  || User: simplyshadow171295  || Channel: #yapper-committee                    || Content: i'll grab one on my way out tmr
[08/26/2025 10:34:27.663 PM] Message  || User: spitonme            || Channel: #pet-pictures                        || Content: omfg
[08/26/2025 10:34:32.584 PM] Message  || User: spitonme            || Channel: #pet-pictures                        || Content: ur cat is so cute
[08/26/2025 10:34:35.655 PM] Message  || User: spitonme            || Channel: #pet-pictures                        || Content: and peaceful
[08/26/2025 10:34:55.358 PM] Message  || User: void_now            || Channel: #bot-spam                            || Content: Well at least they got their 5 seconds of fame at the expensve of getting everyones hopes up 👎  /hj
[08/26/2025 10:35:36.597 PM] Message  || User: spitonme            || Channel: #pictures-of-the-cats                || Content: wth
[08/26/2025 10:35:40.865 PM] Message  || User: _rambone_           || Channel: #purrley-pawsitive-pussy-pals        || Content: From today
[08/26/2025 10:35:46.847 PM] Message  || User: spitonme            || Channel: #pictures-of-the-cats                || Content: i cant send this pic of twix bc the file is too large
[08/26/2025 10:35:53.571 PM] Message  || User: austinbaustinb      || Channel: #yapper-committee                    || Content: Whens the activity fair? I have an extra box of N95's that y'all can use I think.
[08/26/2025 10:35:54.836 PM] Message  || User: spitonme            || Channel: #pictures-of-the-cats                || Content: but its just a screenshot
[08/26/2025 10:35:58.994 PM] Message  || User: austinbaustinb      || Channel: #yapper-committee                    || Content: I work till like 12:30 though
[08/26/2025 10:36:12.263 PM] Message  || User: simplyshadow171295  || Channel: #pictures-of-the-cats                || Content: yeah sometimes the screenshots are bigger than the og files
[08/26/2025 10:36:15.826 PM] Message  || User: spitonme            || Channel: #pictures-of-the-cats                || Content: (no text; attachments=1)
[08/26/2025 10:36:22.896 PM] Message  || User: simplyshadow171295  || Channel: #yapper-committee                    || Content: 10 to 2 i think
[08/26/2025 10:36:23.524 PM] Message  || User: celeryiscelery      || Channel: #bot-spam                            || Content: bc it was, that sighting was straight up delulu
[08/26/2025 10:36:36.496 PM] Message  || User: austinbaustinb      || Channel: #yapper-committee                    || Content: oh
[08/26/2025 10:36:36.514 PM] Message  || User: spitonme            || Channel: #pictures-of-the-cats                || Content: i shared this directly from my photos app 😭
[08/26/2025 10:36:37.687 PM] Message  || User: void_now            || Channel: #bot-spam                            || Content: Fr
[08/26/2025 10:36:48.658 PM] Message  || User: simplyshadow171295  || Channel: #yapper-committee                    || Content: yeah
[08/26/2025 10:36:51.424 PM] Message  || User: austinbaustinb      || Channel: #thomas-cat-sandbox                  || Content: tomcat identify
[08/26/2025 10:36:51.425 PM] Action   || Name: muted_send          || Trigger: channel=#thomas-cat-sandbox          || Output: Processing image…
[08/26/2025 10:36:52.896 PM] Action   || Name: viz_identify        || Trigger: boxes=1 guesses=1                    || Output: ok
[08/26/2025 10:36:52.900 PM] Action   || Name: viz_identify_error  || Trigger: err=AttributeError                   || Output: 'NoneType' object has no attribute 'edit'
[08/26/2025 10:36:52.900 PM] Action   || Name: muted_send          || Trigger: channel=#thomas-cat-sandbox          || Output: Sorry, identify failed.
[08/26/2025 10:36:55.317 PM] Message  || User: simplyshadow171295  || Channel: #yapper-committee                    || Content: ty though austin
[08/26/2025 10:36:59.638 PM] Message  || User: void_now            || Channel: #bot-spam                            || Content: Although.. it might've just been optimism on behalf of the person who said it in the first place tbh
[08/26/2025 10:37:04.333 PM] Message  || User: austinbaustinb      || Channel: #bot-spam                            || Content: tomcat identify
[08/26/2025 10:37:04.334 PM] Action   || Name: muted_send          || Trigger: channel=#bot-spam                    || Output: Processing image…
[08/26/2025 10:37:05.812 PM] Action   || Name: viz_identify        || Trigger: boxes=1 guesses=1                    || Output: ok
[08/26/2025 10:37:05.815 PM] Action   || Name: viz_identify_error  || Trigger: err=AttributeError                   || Output: 'NoneType' object has no attribute 'edit'
[08/26/2025 10:37:05.816 PM] Action   || Name: muted_send          || Trigger: channel=#bot-spam                    || Output: Sorry, identify failed.
[08/26/2025 10:37:09.248 PM] Message  || User: celeryiscelery      || Channel: #bot-spam                            || Content: if that was pencil he would’ve for sure walked up, that whore loves attention
[08/26/2025 10:37:19.437 PM] Message  || User: austinbaustinb      || Channel: #bot-spam                            || Content: and taco bell
[08/26/2025 10:37:26.833 PM] Message  || User: austinbaustinb      || Channel: #bot-spam                            || Content: that was just some random stranger cat catching strays
[08/26/2025 10:37:29.155 PM] Message  || User: void_now            || Channel: #bot-spam                            || Content: I wonder where Alaska went
[08/26/2025 10:37:37.091 PM] Message  || User: austinbaustinb      || Channel: #bot-spam                            || Content: I think he may have lost
[08/26/2025 10:37:41.306 PM] Message  || User: austinbaustinb      || Channel: #bot-spam                            || Content: Knowing him
[08/26/2025 10:37:53.277 PM] Message  || User: celeryiscelery      || Channel: #bot-spam                            || Content: great question, he was my ult bias
[08/26/2025 10:38:05.659 PM] Message  || User: simplyshadow171295  || Channel: #bot-spam                            || Content: ~~i think there was a report spring last year that there was a gray and white cat hit near business~~
[08/26/2025 10:38:06.394 PM] Message  || User: celeryiscelery      || Channel: #bot-spam                            || Content: idk where pookie went
[08/26/2025 10:38:19.679 PM] Message  || User: austinbaustinb      || Channel: #bot-spam                            || Content: (near the churches)
[08/26/2025 10:38:21.881 PM] Message  || User: simplyshadow171295  || Channel: #bot-spam                            || Content: i think. i may be wrong
[08/26/2025 10:38:26.320 PM] Message  || User: celeryiscelery      || Channel: #bot-spam                            || Content: i forgot which officer went to check it out but we never got confirmation it was alaska
[08/26/2025 10:38:26.697 PM] Message  || User: simplyshadow171295  || Channel: #bot-spam                            || Content: ah. okay okay
[08/26/2025 10:38:33.654 PM] Message  || User: simplyshadow171295  || Channel: #bot-spam                            || Content: kewl
[08/26/2025 10:38:40.712 PM] Message  || User: austinbaustinb      || Channel: #bot-spam                            || Content: I think it was imp iirc.
[08/26/2025 10:39:03.609 PM] Message  || User: celeryiscelery      || Channel: #bot-spam                            || Content: all i know is i hate going by that church bc it’s literally always for dead cats
[08/26/2025 10:39:04.341 PM] Message  || User: void_now            || Channel: #bot-spam                            || Content: I think it's most likely pencil was just taken
[08/26/2025 10:39:14.691 PM] Message  || User: simplyshadow171295  || Channel: #bot-spam                            || Content: fr
[08/26/2025 10:39:36.117 PM] Message  || User: void_now            || Channel: #bot-spam                            || Content: Ngl that's part of the reason that I'm glad that while they're both friendly, neither twix nor microwave can be picked up
[08/26/2025 10:39:48.206 PM] Message  || User: void_now            || Channel: #bot-spam                            || Content: Pencil was allowing people to just carry him everywhere by the end
[08/26/2025 10:39:56.420 PM] Message  || User: simplyshadow171295  || Channel: #bot-spam                            || Content: people would riot/set a bounty for microwave ngl
[08/26/2025 10:40:00.105 PM] Message  || User: celeryiscelery      || Channel: #purrley-pawsitive-pussy-pals        || Content: i just know it was austin that gave us the 2 dollar bill
[08/26/2025 10:40:01.847 PM] Message  || User: void_now            || Channel: #bot-spam                            || Content: Fr
[08/26/2025 10:40:16.642 PM] Message  || User: gupguppy            || Channel: #bot-spam                            || Content: pencil became too trusting for his own good
[08/26/2025 10:40:29.372 PM] Message  || User: simplyshadow171295  || Channel: #bot-spam                            || Content: flew too close to the sun 😔
[08/26/2025 10:41:18.490 PM] Message  || User: celeryiscelery      || Channel: #bot-spam                            || Content: the amount of people we sometimes get in our dms like “microwave scratched/bit me >:(“ and then we’re like okay what happened and they ALWAYS start with “well i tried to touch his stomach” like alr that’s all i need to hear, get tf out 💀
[08/26/2025 10:41:25.116 PM] Message  || User: celeryiscelery      || Channel: #bot-spam                            || Content: why did a sticker attach
[08/26/2025 10:41:29.192 PM] Message  || User: celeryiscelery      || Channel: #bot-spam                            || Content: thank you discord?
[08/26/2025 10:41:42.052 PM] Message  || User: simplyshadow171295  || Channel: #bot-spam                            || Content: my thoughts hearing "he scratched me!!1!"
[08/26/2025 10:41:43.216 PM] Message  || User: spitonme            || Channel: #bot-spam                            || Content: 😟
[08/26/2025 10:42:02.898 PM] Message  || User: simplyshadow171295  || Channel: #bot-spam                            || Content: tbf we've got. a fairly okay record rn
[08/26/2025 10:42:04.367 PM] Message  || User: celeryiscelery      || Channel: #bot-spam                            || Content: i really wish i was joking 😭
[08/26/2025 10:42:11.642 PM] Message  || User: simplyshadow171295  || Channel: #bot-spam                            || Content: but there's a 3 way intersection
[08/26/2025 10:42:15.373 PM] Message  || User: void_now            || Channel: #bot-spam                            || Content: In my freshmen year I got scratched by twix because I tried to pet her stomach while she was flopping around 😭
[08/26/2025 10:42:19.668 PM] Message  || User: simplyshadow171295  || Channel: #bot-spam                            || Content: paquini almost got hit once
[08/26/2025 10:42:35.794 PM] Message  || User: spitonme            || Channel: #bot-spam                            || Content: the only harm microwave has given is when he made biscuits on my legs
[08/26/2025 10:42:43.366 PM] Message  || User: spitonme            || Channel: #bot-spam                            || Content: oml hes so sharp
[08/26/2025 10:43:00.477 PM] Message  || User: celeryiscelery      || Channel: #bot-spam                            || Content: definitely just gave me an idea for an ig post that talks about a cats body language
[08/26/2025 10:43:09.723 PM] Message  || User: simplyshadow171295  || Channel: #bot-spam                            || Content: he is kiki
[08/26/2025 10:43:21.940 PM] Message  || User: simplyshadow171295  || Channel: #bot-spam                            || Content: twix is bouba
[08/26/2025 10:43:32.213 PM] Message  || User: celeryiscelery      || Channel: #bot-spam                            || Content: bc a lot of people unfortunately dont know the body language and then they end up getting swatted thinking there were no signs
[08/26/2025 10:43:44.201 PM] Message  || User: spitonme            || Channel: #bot-spam                            || Content: pencil bit me once bc i tried to guard my subway sandwhich from him
[08/26/2025 10:43:55.922 PM] Message  || User: celeryiscelery      || Channel: #bot-spam                            || Content: that bitch😭😭
[08/26/2025 10:44:01.753 PM] Message  || User: simplyshadow171295  || Channel: #bot-spam                            || Content: i hissed at pencil once and he was so confused 💔
[08/26/2025 10:44:06.576 PM] Message  || User: spitonme            || Channel: #bot-spam                            || Content: it didnt hurt but was suprised
[08/26/2025 10:44:10.076 PM] Message  || User: void_now            || Channel: #bot-spam                            || Content: He scratched me the first time I brough treats to campus
[08/26/2025 10:44:17.846 PM] Message  || User: spitonme            || Channel: #bot-spam                            || Content: 😭
[08/26/2025 10:44:19.767 PM] Message  || User: austinbaustinb      || Channel: #bot-spam                            || Content: pencil scratched me one time cuz I was reaching over him to get twix a Temptation
[08/26/2025 10:44:28.326 PM] Message  || User: void_now            || Channel: #bot-spam                            || Content: He was then my least favorite cat for the whole freshmen year bc he wasn't neutered yet and was just an ass!
[08/26/2025 10:44:35.514 PM] Message  || User: spitonme            || Channel: #bot-spam                            || Content: 😭😭
[08/26/2025 10:44:46.369 PM] Message  || User: spitonme            || Channel: #bot-spam                            || Content: i miss his big fat ass
[08/26/2025 10:44:55.403 PM] Message  || User: celeryiscelery      || Channel: #bot-spam                            || Content: i remember one time i got so so lucky petting him *before* he was fixed bc he was on a damn rampage to swat tf out of everyone
[08/26/2025 10:44:56.850 PM] Message  || User: austinbaustinb      || Channel: #bot-spam                            || Content: YEAH everyone was all buddy buddy with pencil but he was up there with alaska on being a menace
[08/26/2025 10:45:06.157 PM] Message  || User: celeryiscelery      || Channel: #bot-spam                            || Content: pencil was my study buddy when he hated everyone <:sadmic:933102785610776606>
[08/26/2025 10:45:10.569 PM] Message  || User: austinbaustinb      || Channel: #bot-spam                            || Content: built different
[08/26/2025 10:45:22.109 PM] Message  || User: austinbaustinb      || Channel: #bot-spam                            || Content: he only was nice to me that one time he had a wound on the back of his head
[08/26/2025 10:45:27.466 PM] Message  || User: void_now            || Channel: #bot-spam                            || Content: There's a reason my very first pic of him was me giving him the finger 💀
[08/26/2025 10:45:34.131 PM] Message  || User: simplyshadow171295  || Channel: #bot-spam                            || Content: he's a gaslighting king
[08/26/2025 10:45:38.723 PM] Message  || User: austinbaustinb      || Channel: #purrley-pawsitive-pussy-pals        || Content: i wish 💔
[08/26/2025 10:45:47.253 PM] Message  || User: spitonme            || Channel: #bot-spam                            || Content: so glad my freshman orientation was after he got neutered
[08/26/2025 10:45:51.184 PM] Message  || User: austinbaustinb      || Channel: #purrley-pawsitive-pussy-pals        || Content: coins tho? maybe
[08/26/2025 10:45:59.910 PM] Message  || User: spitonme            || Channel: #bot-spam                            || Content: i saw him and the lovers and were like :O
[08/26/2025 10:46:20.486 PM] Message  || User: celeryiscelery      || Channel: #bot-spam                            || Content: my fav activity was warning people that he was spicy and they wouldn’t listen to me so i would watch as he’d swat the shit out of their hands
[08/26/2025 10:46:22.603 PM] Message  || User: slayc127            || Channel: #purrley-pawsitive-pussy-pals        || Content: nope but i will be snagging it 🩷
[08/26/2025 10:46:26.252 PM] Message  || User: celeryiscelery      || Channel: #bot-spam                            || Content: i warned them ✋🏻
[08/26/2025 10:46:35.049 PM] Message  || User: void_now            || Channel: #bot-spam                            || Content: (no text; attachments=1)
[08/26/2025 10:46:42.142 PM] Message  || User: celeryiscelery      || Channel: #bot-spam                            || Content: art
[08/26/2025 10:46:42.537 PM] Message  || User: spitonme            || Channel: #bot-spam                            || Content: omfg so chonky
[08/26/2025 10:47:15.245 PM] Message  || User: spitonme            || Channel: #yapper-committee                    || Content: methinks ill just snag from health center
[08/26/2025 10:47:25.998 PM] Message  || User: void_now            || Channel: #bot-spam                            || Content: He def was
[08/26/2025 10:47:38.047 PM] Message  || User: void_now            || Channel: #bot-spam                            || Content: not on the level of fat bitch as eraser though
[08/26/2025 10:47:47.972 PM] Message  || User: spitonme            || Channel: #bot-spam                            || Content: idk abt that
[08/26/2025 10:47:55.907 PM] Message  || User: spitonme            || Channel: #bot-spam                            || Content: well
[08/26/2025 10:48:30.734 PM] Message  || User: spitonme            || Channel: #bot-spam                            || Content: i made him sit on my chest bc everytime he laid in my lap my legs would just fall asleep
[08/26/2025 10:49:09.701 PM] Message  || User: void_now            || Channel: #bot-spam                            || Content: Having eraser on ur lap would be like getting a tourniquet on ur legs
[08/26/2025 10:49:38.007 PM] Message  || User: spitonme            || Channel: #bot-spam                            || Content: i need to build my eraser/eggs friendability
[08/26/2025 10:49:49.132 PM] Message  || User: void_now            || Channel: #bot-spam                            || Content: Pencils assholery lives on in a certain gray Mary Kay cat
[08/26/2025 10:49:59.963 PM] Message  || User: austinbaustinb      || Channel: #purrley-pawsitive-pussy-pals        || Content: i sent my money over venmo
[08/26/2025 10:50:25.057 PM] Message  || User: celeryiscelery      || Channel: #purrley-pawsitive-pussy-pals        || Content: what the hell
[08/26/2025 10:50:31.194 PM] Message  || User: celeryiscelery      || Channel: #purrley-pawsitive-pussy-pals        || Content: who is impersonating you
[08/26/2025 10:50:32.533 PM] Action   || Name: muted_send          || Trigger: channel=#purrley-pawsitive-pussy-pals || Output: No match for 'impersonating you'.
[08/26/2025 10:50:41.326 PM] Message  || User: celeryiscelery      || Channel: #purrley-pawsitive-pussy-pals        || Content: you know how many 2 dollar bills we’ve gotten from you?
[08/26/2025 10:51:02.480 PM] Message  || User: mochenoch           || Channel: #yapper-committee                    || Content: I’ll bring mask for people to wear
[08/26/2025 10:51:44.524 PM] Message  || User: austinbaustinb      || Channel: #purrley-pawsitive-pussy-pals        || Content: i am not even sure
[08/26/2025 10:52:15.259 PM] Message  || User: void_now            || Channel: #bot-spam                            || Content: Tomcat show me Thor
[08/26/2025 10:52:17.834 PM] Action   || Name: muted_send          || Trigger: channel=#bot-spam                    || Output: embed
[08/26/2025 10:52:20.687 PM] Message  || User: austinbaustinb      || Channel: #purrley-pawsitive-pussy-pals        || Content: i feel like daniel brown, the other Mr Brown born on april 5th 2005, may also have that same type of cash but i dont think he was on campus today
[08/26/2025 10:52:28.970 PM] Message  || User: void_now            || Channel: #bot-spam                            || Content: Forever my op
[08/26/2025 10:52:39.856 PM] Message  || User: spitonme            || Channel: #bot-spam                            || Content: thats a fattie
[08/26/2025 10:52:59.285 PM] Message  || User: void_now            || Channel: #bot-spam                            || Content: That pic is just deceiving, he is scrawny af
[08/26/2025 10:53:20.787 PM] Message  || User: spitonme            || Channel: #bot-spam                            || Content: such pretty colors tho
[08/26/2025 10:53:37.024 PM] Message  || User: slayc127            || Channel: #yapper-committee                    || Content: yeah general request is if youre sick DO NOT BE ON CAMPUS but if you absolutrly cannot skip PLEASE MASK and be extra aware of your surroundings
[08/26/2025 10:53:45.086 PM] Message  || User: void_now            || Channel: #bot-spam                            || Content: The tortie is freya! Shes skittish by very chatty and sweet
[08/26/2025 10:54:46.517 PM] Message  || User: void_now            || Channel: #bot-spam                            || Content: (no text; attachments=3)
[08/26/2025 10:56:35.829 PM] Message  || User: spitonme            || Channel: #bot-spam                            || Content: 🥹🥹
[08/26/2025 10:56:49.916 PM] Message  || User: void_now            || Channel: #bot-spam                            || Content: She and Thor are siblings, when Thor isn't there she is super super chatty
[08/26/2025 10:57:19.839 PM] Message  || User: spitonme            || Channel: #bot-spam                            || Content: ill visit mkz one of these fridays
[08/26/2025 10:59:25.251 PM] Message  || User: kitadan             || Channel: #bot-spam                            || Content: Noir does her best.  Zen kittens are known to be snagged by someone as even Empanada's litter had two taken away.
[08/26/2025 11:00:20.620 PM] Message  || User: void_now            || Channel: #bot-spam                            || Content: Never realized that had been a trend with her
[08/26/2025 11:00:40.097 PM] Message  || User: void_now            || Channel: #bot-spam                            || Content: How do people wind up snagging them? They always seemed insanely skittish
