[10/02/2025 12:00:06.625 AM] Message  || User: slayc127            || Channel: #yapper-committee                    || Content: i have....too much....makeup, but i grew up wanting to be a makeup a...
[10/02/2025 12:00:29.204 AM] Message  || User: austinbaustinb      || Channel: #yapper-committee                    || Content: Kaz sleepmessaging on a Thursday morning
[10/02/2025 12:00:30.677 AM] Message  || User: slayc127            || Channel: #yapper-committee                    || Content: i can think of maybe 10 items ive bought myself in the last two year...
[10/02/2025 12:00:33.176 AM] Message  || User: slayc127            || Channel: #yapper-committee                    || Content: :3
[10/02/2025 12:00:36.136 AM] Message  || User: slayc127            || Channel: #yapper-committee                    || Content: sleep maxing
[10/02/2025 12:00:40.202 AM] React+   || User: austinbaustinb      || Channel: #yapper-committee                    || emoji=❤️; msg=":3" by slayc127
[10/02/2025 12:00:40.596 AM] Message  || User: slayc127            || Channel: #yapper-committee                    || Content: kazius cant sleep this evening
[10/02/2025 12:00:43.886 AM] Message  || User: slayc127            || Channel: #yapper-committee                    || Content: 24 hr tummy ache
[10/02/2025 12:00:53.048 AM] Message  || User: austinbaustinb      || Channel: #yapper-committee                    || Content: 24 hr blinding stew
[10/02/2025 12:00:55.910 AM] React+   || User: slayc127            || Channel: #yapper-committee                    || emoji=‼️; msg="24 hr blinding stew" by austinbaustinb
[10/02/2025 12:00:57.175 AM] React+   || User: izzyballz           || Channel: #yapper-committee                    || emoji=‼️; msg="24 hr blinding stew" by austinbaustinb
[10/02/2025 12:01:17.109 AM] Message  || User: .bettercalljack     || Channel: #yapper-committee                    || Content: Same actually i drank two energy drinks bc it tasted good
[10/02/2025 12:01:19.280 AM] Message  || User: .s3j                || Channel: #yapper-committee                    || Content: $50 for a foundation like helll no save me Walmart clearance aisle
[10/02/2025 12:01:42.950 AM] Message  || User: slayc127            || Channel: #yapper-committee                    || Content: IM NOT EVEN KIDDINGA my foundation ive been using is from the walmar...
[10/02/2025 12:01:44.857 AM] React+   || User: slayc127            || Channel: #yapper-committee                    || emoji=‼️; msg="$50 for a foundation like helll no save ..." by .s3j
[10/02/2025 12:02:01.394 AM] Online   || User: Tom Cat#8337        || Guilds: 2                                    
[10/02/2025 12:02:01.643 AM] Health   || Component: image_tab      || Status: ok                                    || channel_id=551084964318543904 tab=TCBPicsInput
[10/02/2025 12:02:01.872 AM] Health   || Component: image_tab      || Status: ok                                    || channel_id=639882573199441930 tab=TCBPicsInput
[10/02/2025 12:02:02.162 AM] Health   || Component: image_tab      || Status: ok                                    || channel_id=1341696618688286720 tab=TCBPicsInput
[10/02/2025 12:02:02.397 AM] Health   || Component: image_tab      || Status: ok                                    || channel_id=1344745306620694558 tab=TCBVetBillInput
[10/02/2025 12:02:02.850 AM] Health   || Component: feeding_tab    || Status: ok                                   
[10/02/2025 12:02:04.312 AM] Message  || User: izzyballz           || Channel: #yapper-committee                    || Content: here you go chat
[10/02/2025 12:02:12.128 AM] React+   || User: slayc127            || Channel: #yapper-committee                    || emoji=🎉; msg="here you go chat" by izzyballz
[10/02/2025 12:02:20.077 AM] React+   || User: .bettercalljack     || Channel: #yapper-committee                    || emoji=🎉; msg="here you go chat" by izzyballz
[10/02/2025 12:02:22.516 AM] Message  || User: slayc127            || Channel: #yapper-committee                    || Content: MILANI MENTION ‼️‼️‼️‼️
[10/02/2025 12:02:36.794 AM] Message  || User: izzyballz           || Channel: #yapper-committee                    || Content: so peak
[10/02/2025 12:02:43.090 AM] React+   || User: dandelion021._.     || Channel: #yapper-committee                    || emoji=‼️; msg="Half of the makeup expires or they throw..." by .bettercalljack
[10/02/2025 12:02:48.996 AM] Message  || User: slayc127            || Channel: #yapper-committee                    || Content: fack it lemme get my video
[10/02/2025 12:02:50.312 AM] React+   || User: dandelion021._.     || Channel: #yapper-committee                    || emoji=❤️; msg="here you go chat" by izzyballz
[10/02/2025 12:02:51.127 AM] React+   || User: dandelion021._.     || Channel: #yapper-committee                    || emoji=🎉; msg="here you go chat" by izzyballz
[10/02/2025 12:02:53.226 AM] React+   || User: izzyballz           || Channel: #yapper-committee                    || emoji=‼️; msg="fack it lemme get my video" by slayc127
[10/02/2025 12:02:55.945 AM] React+   || User: izzyballz           || Channel: #yapper-committee                    || emoji=🎉; msg="fack it lemme get my video" by slayc127
[10/02/2025 12:03:06.800 AM] React+   || User: .bettercalljack     || Channel: #yapper-committee                    || emoji=‼️; msg="fack it lemme get my video" by slayc127
[10/02/2025 12:03:08.462 AM] Message  || User: .s3j                || Channel: #yapper-committee                    || Content: Literally one time I was at work and this guy asked what lipstick I ...
[10/02/2025 12:03:15.141 AM] Message  || User: dandelion021._.     || Channel: #yapper-committee                    || Content: is milani good??
[10/02/2025 12:03:21.086 AM] Message  || User: austinbaustinb      || Channel: DM                                   || Content: https://cdn.discordapp.com/attachments/1352882061651873863/142317182...
[10/02/2025 12:03:23.358 AM] Edit     || User: austinbaustinb      || Channel: DM                                   || https://cdn.discordapp.com/attachments/1352882061651873863/142317182637218212...
[10/02/2025 12:03:34.844 AM] Message  || User: dandelion021._.     || Channel: #yapper-committee                    || Content: i’ve heard the one from patrick ta is rly good
[10/02/2025 12:03:41.246 AM] Message  || User: dandelion021._.     || Channel: #yapper-committee                    || Content: one size one
[10/02/2025 12:03:52.603 AM] React+   || User: dandelion021._.     || Channel: #yapper-committee                    || emoji=😭; msg="Literally one time I was at work and thi..." by .s3j
[10/02/2025 12:04:07.645 AM] Message  || User: austinbaustinb      || Channel: DM                                   || Content: (no text; attachments=1)
[10/02/2025 12:04:07.680 AM] Action   || Name: image_intake_error  || Trigger: channel=1352882061651873863          || Output: no_worksheet tab=TCBPicsInput
[10/02/2025 12:04:12.855 AM] React+   || User: dandelion021._.     || Channel: #yapper-committee                    || emoji=‼️; msg="fack it lemme get my video" by slayc127
[10/02/2025 12:04:13.258 AM] React+   || User: dandelion021._.     || Channel: #yapper-committee                    || emoji=🎉; msg="fack it lemme get my video" by slayc127
[10/02/2025 12:04:29.150 AM] React+   || User: slayc127            || Channel: #yapper-committee                    || emoji=😭; msg="Literally one time I was at work and thi..." by .s3j
[10/02/2025 12:04:35.001 AM] Message  || User: slayc127            || Channel: #yapper-committee                    || Content: milani is phenomenal
[10/02/2025 12:04:43.582 AM] Message  || User: dandelion021._.     || Channel: #yapper-committee                    || Content: ooo
[10/02/2025 12:05:02.784 AM] Message  || User: izzyballz           || Channel: #yapper-committee                    || Content: that’s my second bottle and it’s almost empty
[10/02/2025 12:05:11.586 AM] Message  || User: slayc127            || Channel: #yapper-committee                    || Content: okay guys bear with me i am NOT an overconsumer I PROMISE
[10/02/2025 12:05:21.644 AM] Message  || User: slayc127            || Channel: #yapper-committee                    || Content: i have collected all of this over years
[10/02/2025 12:05:32.365 AM] Message  || User: slayc127            || Channel: #yapper-committee                    || Content: i give away stuff regularly (after sanitizing)
[10/02/2025 12:05:46.473 AM] Message  || User: dandelion021._.     || Channel: #yapper-committee                    || Content: i lowkey have this random gloss that’s got a brush tip and it’s like...
[10/02/2025 12:05:50.520 AM] React+   || User: dandelion021._.     || Channel: #yapper-committee                    || emoji=❤️; msg="okay guys bear with me i am NOT an overc..." by slayc127
[10/02/2025 12:06:03.130 AM] Message  || User: izzyballz           || Channel: #yapper-committee                    || Content: the way you’re defending yourself from the non existent attacks is l...
[10/02/2025 12:06:05.394 AM] Message  || User: slayc127            || Channel: #yapper-committee                    || Content: oh. ft my broken blushes and souveneir from my junior prom i broke o...
[10/02/2025 12:06:07.982 AM] React+   || User: slayc127            || Channel: #yapper-committee                    || emoji=😭; msg="the way you’re defending yourself from t..." by izzyballz
[10/02/2025 12:06:10.305 AM] React+   || User: .s3j                || Channel: #yapper-committee                    || emoji=😭; msg="the way you’re defending yourself from t..." by izzyballz
[10/02/2025 12:06:11.475 AM] Message  || User: slayc127            || Channel: #yapper-committee                    || Content: i am EMBARASSED
[10/02/2025 12:06:16.270 AM] Message  || User: dandelion021._.     || Channel: #yapper-committee                    || Content: if trust u and izzy with my makeup ngl
[10/02/2025 12:06:20.555 AM] React+   || User: slayc127            || Channel: #yapper-committee                    || emoji=❤️; msg="if trust u and izzy with my makeup ngl" by dandelion021._.
[10/02/2025 12:06:29.835 AM] Message  || User: dandelion021._.     || Channel: #yapper-committee                    || Content: yall know so muchhh
[10/02/2025 12:06:30.998 AM] Message  || User: dandelion021._.     || Channel: #yapper-committee                    || Content: omf
[10/02/2025 12:06:31.933 AM] Message  || User: .bettercalljack     || Channel: #yapper-committee                    || Content: I still miss my pusheen lip oil i used it until the screw on bit bro...
[10/02/2025 12:06:46.302 AM] Message  || User: slayc127            || Channel: #yapper-committee                    || Content: devastating.
[10/02/2025 12:06:48.444 AM] Message  || User: slayc127            || Channel: #yapper-committee                    || Content: truly
[10/02/2025 12:07:03.678 AM] Online   || User: Tom Cat#8337        || Guilds: 2                                    
[10/02/2025 12:07:04.374 AM] Health   || Component: image_tab      || Status: ok                                    || channel_id=551084964318543904 tab=TCBPicsInput
[10/02/2025 12:07:04.818 AM] Health   || Component: image_tab      || Status: ok                                    || channel_id=639882573199441930 tab=TCBPicsInput
[10/02/2025 12:07:05.266 AM] Health   || Component: image_tab      || Status: ok                                    || channel_id=1341696618688286720 tab=TCBPicsInput
[10/02/2025 12:07:05.873 AM] Health   || Component: image_tab      || Status: ok                                    || channel_id=1344745306620694558 tab=TCBVetBillInput
[10/02/2025 12:07:06.072 AM] Health   || Component: feeding_tab    || Status: ok                                   
[10/02/2025 12:07:06.073 AM] Message  || User: slayc127            || Channel: #yapper-committee                    || Content: i had to toss my nyx clear gloss bc that shit leaked all over my bag...
[10/02/2025 12:07:10.517 AM] Message  || User: austinbaustinb      || Channel: DM                                   || Content: (no text; attachments=1)
[10/02/2025 12:07:11.043 AM] Action   || Name: image_intake        || Trigger: channel=1352882061651873863          || Output: rows=1
[10/02/2025 12:07:16.016 AM] Message  || User: izzyballz           || Channel: #yapper-committee                    || Content: me personally i cannot show my lip product collection it’s genuinely...
[10/02/2025 12:07:22.579 AM] Message  || User: izzyballz           || Channel: #yapper-committee                    || Content: keep in mind they’re all like almost the same shade
[10/02/2025 12:07:23.627 AM] Message  || User: slayc127            || Channel: #yapper-committee                    || Content: i wont buy it again bc its a packaging defect
[10/02/2025 12:07:26.295 AM] React+   || User: slayc127            || Channel: #yapper-committee                    || emoji=😭; msg="keep in mind they’re all like almost the..." by izzyballz
[10/02/2025 12:07:26.867 AM] Message  || User: dandelion021._.     || Channel: #yapper-committee                    || Content: me with the elf lip oil but i love it too much to throw it out 😔
[10/02/2025 12:07:30.552 AM] React+   || User: slayc127            || Channel: #yapper-committee                    || emoji=😭; msg="me with the elf lip oil but i love it to..." by dandelion021._.
[10/02/2025 12:07:47.666 AM] Message  || User: dandelion021._.     || Channel: #yapper-committee                    || Content: like i literally have it wrapped in a tissue then use it
[10/02/2025 12:07:48.231 AM] Message  || User: .bettercalljack     || Channel: #yapper-committee                    || Content: Mine rn is free curology lip balm and the lip balm from the uta coun...
[10/02/2025 12:07:52.719 AM] React+   || User: dandelion021._.     || Channel: #yapper-committee                    || emoji=❤️; msg="Mine rn is free curology lip balm and th..." by .bettercalljack
[10/02/2025 12:08:05.798 AM] Message  || User: .bettercalljack     || Channel: #yapper-committee                    || Content: The uta better than the curology one ngl
[10/02/2025 12:08:08.580 AM] Message  || User: dandelion021._.     || Channel: #yapper-committee                    || Content: nooo not the pusheen 😔
[10/02/2025 12:08:17.559 AM] Message  || User: izzyballz           || Channel: #yapper-committee                    || Content: i have a crippling mascara addiction i don’t leave the house without it
[10/02/2025 12:08:27.656 AM] Message  || User: dandelion021._.     || Channel: #yapper-committee                    || Content: OH MY
[10/02/2025 12:08:30.108 AM] Message  || User: dandelion021._.     || Channel: #yapper-committee                    || Content: mascara
[10/02/2025 12:08:32.596 AM] Message  || User: dandelion021._.     || Channel: #yapper-committee                    || Content: there’s only one
[10/02/2025 12:08:35.534 AM] Message  || User: dandelion021._.     || Channel: #yapper-committee                    || Content: i swear by it
[10/02/2025 12:08:38.219 AM] Message  || User: izzyballz           || Channel: #yapper-committee                    || Content: which.
[10/02/2025 12:08:38.443 AM] Message  || User: dandelion021._.     || Channel: #yapper-committee                    || Content: two faces
